* Warning 241 at RDF.Bytes.fst(0,0-0,0):
  - Unable to load RDF.Bytes.fst.checked since checked file
    RDF.Bytes.fst.checked does not exist; will recheck RDF.Bytes.fst
    (suppressing this warning for further modules)

* Warning 361 at SPARQL11.Algebra.fst(6682,0-6683,40):
  - Some #push-options have not been popped. Current depth is 1.

* Warning 328 at Parquet.Footer.fst(296,8-296,31):
  - Global binding
        'Parquet.Footer.decode_varint_value_hex'
    is recursive but not used in its body

* Warning 328 at SPARQL11.Store.fst(1207,4-1207,33):
  - Global binding
        'SPARQL11.Store.eval_select_query_backend_bgp'
    is recursive but not used in its body

* Warning 328 at SPARQL11.Store.fst(1344,4-1344,37):
  - Global binding
        'SPARQL11.Store.eval_select_query_backend_dataset'
    is recursive but not used in its body

* Warning 328 at SPARQL11.Store.fst(1363,4-1363,34):
  - Global binding
        'SPARQL11.Store.eval_ask_query_backend_dataset'
    is recursive but not used in its body

Extracted module SPARQL11.Store
* Warning 247 at SPARQL11.Store.fst(0,0-0,0):
  - Checked file SPARQL11.Store.fst.checked was not written.
  - Reason:
      checked file RDF.Vocabulary.Axioms.fst.checked is stale (dependence hash
      mismatch, use --debug CheckedFiles for more details)

Verified module: SPARQL11.Store
All verification conditions discharged successfully
