* Warning 241 at RDF.IRI.fsti(0,0-0,0):
  - Unable to load RDF.IRI.fsti.checked since checked file RDF.IRI.fsti.checked
    is stale (dependence hash mismatch, use --debug CheckedFiles for more
    details); will recheck RDF.IRI.fsti (suppressing this warning for further
    modules)

* Warning 361 at SPARQL11.Algebra.fst(7167,0-7168,40):
  - Some #push-options have not been popped. Current depth is 1.

* Warning 328 at SPARQL11.Store.fst(1216,4-1216,33):
  - Global binding
        'SPARQL11.Store.eval_select_query_backend_bgp'
    is recursive but not used in its body

* Warning 328 at SPARQL11.Store.fst(1353,4-1353,37):
  - Global binding
        'SPARQL11.Store.eval_select_query_backend_dataset'
    is recursive but not used in its body

* Warning 328 at SPARQL11.Store.fst(1372,4-1372,34):
  - Global binding
        'SPARQL11.Store.eval_ask_query_backend_dataset'
    is recursive but not used in its body

Extracted module SPARQL.Diagnostics
* Warning 247 at SPARQL.Diagnostics.fst(0,0-0,0):
  - Checked file SPARQL.Diagnostics.fst.checked was not written.
  - Reason:
      checked file SPARQL11.Algebra.fst.checked is stale (digest mismatch for
      SPARQL11.Algebra.fst)

Verified module: SPARQL.Diagnostics
All verification conditions discharged successfully
