* Warning 241 at SPARQL11.IRI.Resolve.fst(0,0-0,0):
  - Unable to load SPARQL11.IRI.Resolve.fst.checked since checked file
    SPARQL11.IRI.Resolve.fst.checked is stale (digest mismatch for
    SPARQL11.IRI.Resolve.fst); will recheck SPARQL11.IRI.Resolve.fst
    (suppressing this warning for further modules)

* Warning 361 at SPARQL11.Algebra.fst(7818,0-7819,40):
  - Some #push-options have not been popped. Current depth is 1.

* Warning 328 at SPARQL11.Parser.fst(2616,6-2616,19):
  - Global binding
        'SPARQL11.Parser.parse_subject'
    is recursive but not used in its body

* Warning 328 at SPARQL11.Parser.fst(3065,4-3065,16):
  - Global binding
        'SPARQL11.Parser.parse_object'
    is recursive but not used in its body

* Warning 328 at SPARQL11.Parser.fst(3942,8-3942,25):
  - Global binding
        'SPARQL11.Parser.string_add_unique'
    is recursive but not used in its body

* Warning 328 at SPARQL11.Parser.fst(4422,8-4422,30):
  - Global binding
        'SPARQL11.Parser.parse_single_update_op'
    is recursive but not used in its body

* Warning 361 at SPARQL11.Parser.fst(4876,0-5035,40):
  - Some #push-options have not been popped. Current depth is 1.

Extracted module SPARQL11.Parser
* Warning 247 at SPARQL11.Parser.fst(0,0-0,0):
  - Checked file SPARQL11.Parser.fst.checked was not written.
  - Reason:
      checked file SPARQL11.Algebra.fst.checked is stale (digest mismatch for
      SPARQL11.Algebra.fst)

Verified module: SPARQL11.Parser
All verification conditions discharged successfully
