* Warning 241 at RDF.Graph.fsti(0,0-0,0):
  - Unable to load RDF.Graph.fsti.checked since checked file
    RDF.Graph.fsti.checked is stale (digest mismatch for RDF.Graph.fsti); will
    recheck RDF.Graph.fsti (suppressing this warning for further modules)

* Warning 361 at SPARQL11.Algebra.fst(7627,0-7628,40):
  - Some #push-options have not been popped. Current depth is 1.

* Warning 328 at SPARQL11.Store.fst(1216,4-1216,33):
  - Global binding
        'SPARQL11.Store.eval_select_query_backend_bgp'
    is recursive but not used in its body

* Warning 328 at SPARQL11.Store.fst(1353,4-1353,37):
  - Global binding
        'SPARQL11.Store.eval_select_query_backend_dataset'
    is recursive but not used in its body

* Warning 328 at SPARQL11.Store.fst(1372,4-1372,34):
  - Global binding
        'SPARQL11.Store.eval_ask_query_backend_dataset'
    is recursive but not used in its body

Extracted module RDF.Store.Combine
* Warning 247 at RDF.Store.Combine.fst(0,0-0,0):
  - Checked file RDF.Store.Combine.fst.checked was not written.
  - Reason:
      checked file RDF.Graph.Executable.fst.checked is stale (digest mismatch
      for RDF.Graph.Executable.fst)

Verified module: RDF.Store.Combine
All verification conditions discharged successfully
