    [Regex.Exec.fst]
    [RDF.Canonical.fst]
    [RDF.Geo.Topology.fst]
    [Tableau.fst]
    [Regex.Exec.fst] Extracted module Regex.Exec
    [RDF.Geo.Functions.fst]
    [RDF.Geo.Topology.fst] Extracted module RDF.Geo.Topology
    [Parser.TurtleScanner.fst]
    [RDF.Geo.Functions.fst] Extracted module RDF.Geo.Functions
    [Parser.WKT.fst]
    [Parser.TurtleScanner.fst] Extracted module Parser.TurtleScanner
    [Parser.NTriples.fst]
    [Parser.WKT.fst] Extracted module Parser.WKT
    [Parser.OWLFunctional.fst]
    [Tableau.fst] Extracted module Tableau
    [Parser.XML.fst]
    [Parser.XML.fst] Extracted module Parser.XML
    [Parser.XPath.fst]
    [RDF.Canonical.fst] Extracted module RDF.Canonical
    [Math.Series.fst]
    [Parser.XPath.fst] Extracted module Parser.XPath
    [Parser.CSVResults.fst]
    [Math.Series.fst] Extracted module Math.Series
    [Parser.JSONResults.fst]
    [Parser.OWLFunctional.fst] Extracted module Parser.OWLFunctional
    [Parser.JSON.fst]
    [Parser.JSON.fst] Extracted module Parser.JSON
    [SPARQL.HTTP.BackendInfo.fst]
    [Parser.CSVResults.fst] Extracted module Parser.CSVResults
    [SPARQL.HTTP.QueriesIndex.fst]
    [SPARQL.HTTP.BackendInfo.fst] Extracted module SPARQL.HTTP.BackendInfo
    [SPARQL.HTTP.Admin.fst]
    [SPARQL.HTTP.QueriesIndex.fst] Extracted module SPARQL.HTTP.QueriesIndex
    [RDF.CottasStore.PageCache.fst]
    [SPARQL.HTTP.Admin.fst] Extracted module SPARQL.HTTP.Admin
    [RDF.CottasStore.PresenceBitmap.fst]
    [RDF.CottasStore.PageCache.fst] Extracted module RDF.CottasStore.PageCache
    [RDF.CottasStore.SubjectOffsetsWriter.fst]
    [RDF.CottasStore.SubjectOffsetsWriter.fst] Extracted module RDF.CottasStore.SubjectOffsetsWriter
    [RDF.CottasStore.PresenceBitmap.fst] Extracted module RDF.CottasStore.PresenceBitmap
    [RDF.Store.Columnar.OffsetIndex.fst]
    [RDF.Store.Columnar.SubjectOffsetIndex.fst]
    [RDF.Store.Columnar.SubjectOffsetIndex.fst] Extracted module RDF.Store.Columnar.SubjectOffsetIndex
    [RDF.Store.Columnar.OffsetIndex.fst] Extracted module RDF.Store.Columnar.OffsetIndex
    [Parser.JSONResults.fst] Extracted module Parser.JSONResults
    [Parser.NTriples.fst]     potential errors, although the original non-split verification condition
    [Parser.NTriples.fst] Extracted module Parser.NTriples
