    [RDF.GraphIsomorphism.fst]
    [RDF.NQuads.Serialize.fst]
    [Tableau.CountingOracle.fst]
    [Tableau.Refute.fst]
    [RDF.NQuads.Serialize.fst] Extracted module RDF.NQuads.Serialize
    [Parser.Turtle.fst]
    [RDF.GraphIsomorphism.fst] Extracted module RDF.GraphIsomorphism
    [HDT.Container.fst]
    [HDT.Container.fst] Extracted module HDT.Container
    [Parser.NQuads.fst]
    [Tableau.CountingOracle.fst] Extracted module Tableau.CountingOracle
    [XML.Namespaces.fst]
    [XML.Namespaces.fst] Extracted module XML.Namespaces
    [XPath.Eval.fst]
    [Tableau.Refute.fst] Extracted module Tableau.Refute
    [Parser.RDFXML.fst]
    [XPath.Eval.fst] Extracted module XPath.Eval
    [Parser.RIFXML.fst]
    [Parser.NQuads.fst] Extracted module Parser.NQuads
    [MathML.Content.fst]
    [Parser.RIFXML.fst] Extracted module Parser.RIFXML
    [Parser.SRX.fst]
    [MathML.Content.fst] Extracted module MathML.Content
    [JSONLD.Context.fst]
    [Parser.SRX.fst] Extracted module Parser.SRX
    [JSONLD.FromRdf.fst]
    [JSONLD.FromRdf.fst] Extracted module JSONLD.FromRdf
    [JSONSchema.Validate.fst]
    [JSONSchema.Validate.fst] Extracted module JSONSchema.Validate
    [ShEx.Schema.fst]
    [Parser.RDFXML.fst]     potential errors, although the original non-split verification condition
    [Parser.RDFXML.fst] Extracted module Parser.RDFXML
    [VC.Context.fst]
    [VC.Context.fst] Extracted module VC.Context
    [VC.DataIntegrity.fst]
    [ShEx.Schema.fst] Extracted module ShEx.Schema
    [RML.Sources.fst]
    [VC.DataIntegrity.fst] Extracted module VC.DataIntegrity
    [CSVW.Metadata.fst]
    [RML.Sources.fst] Extracted module RML.Sources
    [CSVW.Formats.fst]
    [CSVW.Metadata.fst] Extracted module CSVW.Metadata
    [RDF.CottasStore.CompoundPresenceBitmap.fst]
    [RDF.CottasStore.CompoundPresenceBitmap.fst] Extracted module RDF.CottasStore.CompoundPresenceBitmap
    [CSVW.Formats.fst] Extracted module CSVW.Formats
    [Parser.Turtle.fst] Extracted module Parser.Turtle
    [JSONLD.Context.fst] Extracted module JSONLD.Context
