    [Schematron.Validate.fst]
    HDT.Triples.fst (up to date, skipped -- source unchanged since last extract)
    [OWL.QueryEval.fst]
    SHACL.Validation.fst (up to date, skipped -- source unchanged since last extract)
    [GRDDL.Discovery.fst]
    [XForms.Bind.fst]
    [Schematron.Validate.fst] Extracted module Schematron.Validate
    RIF.Core.Builtins.fst (up to date, skipped -- source unchanged since last extract)
    [Parser.JSONLD.fst]
    [OWL.QueryEval.fst] Extracted module OWL.QueryEval
    ShEx.Validation.fst (up to date, skipped -- source unchanged since last extract)
    VC.Credential.fst (up to date, skipped -- source unchanged since last extract)
    CSVW.Conversion.fst (up to date, skipped -- source unchanged since last extract)
    SPARQL.Plan.AccessPath.fst (up to date, skipped -- source unchanged since last extract)
    RDF.CottasStore.OnDiskRuntime.fst (up to date, skipped -- source unchanged since last extract)
    RDF.Store.Capabilities.Cottas.fst (up to date, skipped -- source unchanged since last extract)
    RDF.Store.Capabilities.Delta.fst (up to date, skipped -- source unchanged since last extract)
    RDF.CottasInMem.fst (up to date, skipped -- source unchanged since last extract)
    RML.VirtualSource.fst (up to date, skipped -- source unchanged since last extract)
    SPARQL.Explain.fst (up to date, skipped -- source unchanged since last extract)
    SPARQL.Service.Wrap.fst (up to date, skipped -- source unchanged since last extract)
    [GRDDL.Discovery.fst] Extracted module GRDDL.Discovery
    [XForms.Bind.fst] Extracted module XForms.Bind
    [Parser.JSONLD.fst] Extracted module Parser.JSONLD
