    [Regex.Derivative.fst]
    [RDF.IRI.fst]
    [Regex.XSDPattern.fst]
    [RDFS.Closure.fst]
    [Regex.Derivative.fst] Extracted module Regex.Derivative
    [RDF.Store.Loader.fst]
    [Regex.XSDPattern.fst] Extracted module Regex.XSDPattern
    [RDF.Dataset.Graphs.fst]
    [RDFS.Closure.fst] Extracted module RDFS.Closure
    [OWL.Vocabulary.fst]
    [RDF.Dataset.Graphs.fst] Extracted module RDF.Dataset.Graphs
    [OWL.DirectMapping.Filter.fst]
    [RDF.Store.Loader.fst] Extracted module RDF.Store.Loader
    [XSD.Facets.fst]
    [OWL.Vocabulary.fst] Extracted module OWL.Vocabulary
    [SPARQL11.IRI.Resolve.fst]
    [RDF.IRI.fst] Extracted module RDF.IRI
    [SPARQL.FullText.fst]
    [OWL.DirectMapping.Filter.fst] Extracted module OWL.DirectMapping.Filter
    [RIF.Core.Syntax.fst]
    [SPARQL11.IRI.Resolve.fst] Extracted module SPARQL11.IRI.Resolve
    [RDF.Geo.BBox.fst]
    [RDF.Geo.BBox.fst] Extracted module RDF.Geo.BBox
    [Parser.Combinators.fst]
    [SPARQL.FullText.fst] Extracted module SPARQL.FullText
    [Math.Subst.fst]
    [Parser.Combinators.fst] Extracted module Parser.Combinators
    [Math.Diff.fst]
    [Math.Subst.fst] Extracted module Math.Subst
    [Math.Simplify.fst]
    [Math.Diff.fst] Extracted module Math.Diff
    [Math.Matrix.fst]
    [XSD.Facets.fst] Extracted module XSD.Facets
    [MathML.Present.fst]
    [Math.Simplify.fst] Extracted module Math.Simplify
    [Math.Sigmoid.fst]
    [RIF.Core.Syntax.fst] Extracted module RIF.Core.Syntax
    [SPARQL.JSON.Escape.fst]
    [Math.Matrix.fst] Extracted module Math.Matrix
    [DID.Key.fst]
    [MathML.Present.fst] Extracted module MathML.Present
    [RML.Mapping.fst]
    [Math.Sigmoid.fst] Extracted module Math.Sigmoid
    [Parser.BallyhooBloom.fst]
    [SPARQL.JSON.Escape.fst] Extracted module SPARQL.JSON.Escape
    [Parser.BallyhooCOTTAS.fst]
    [DID.Key.fst] Extracted module DID.Key
    [RDF.CottasStore.ColumnSeq.fst]
    [RDF.CottasStore.ColumnSeq.fst] Extracted module RDF.CottasStore.ColumnSeq
    [RDF.CottasStore.OnDiskIndex.fst]
    [RDF.CottasStore.OnDiskIndex.fst] Extracted module RDF.CottasStore.OnDiskIndex
    [RDF.CottasStore.DictWriter.fst]
    [RDF.CottasStore.DictWriter.fst] Extracted module RDF.CottasStore.DictWriter
    [RDF.CottasStore.PresenceWriter.fst]
    [RDF.CottasStore.PresenceWriter.fst] Extracted module RDF.CottasStore.PresenceWriter
    [RDF.CottasStore.CompoundPresenceWriter.fst]
    [RDF.CottasStore.CompoundPresenceWriter.fst] Extracted module RDF.CottasStore.CompoundPresenceWriter
    [RDF.CottasStore.OffsetsWriter.fst]
    [RDF.CottasStore.OffsetsWriter.fst] Extracted module RDF.CottasStore.OffsetsWriter
    [RDF.CottasStore.BaseWriter.fst]
    [Parser.BallyhooBloom.fst] Extracted module Parser.BallyhooBloom
    [RDF.CottasStore.LazyDictRegistry.fst]
    [RDF.CottasStore.BaseWriter.fst] Extracted module RDF.CottasStore.BaseWriter
    [RDF.Store.HDTTermCacheRegistry.fst]
    [Parser.BallyhooCOTTAS.fst] Extracted module Parser.BallyhooCOTTAS
    [RDF.Store.Columnar.DeltaLog.fst]
    [RDF.Store.Columnar.DeltaLog.fst] Extracted module RDF.Store.Columnar.DeltaLog
    [RDF.Dataset.Merge.fst]
    [RDF.CottasStore.LazyDictRegistry.fst] Extracted module RDF.CottasStore.LazyDictRegistry
    [SPARQL.Protocol.fst]
    [RML.Mapping.fst] Extracted module RML.Mapping
    [SPARQL.ServiceDescription.fst]
    [RDF.Store.HDTTermCacheRegistry.fst] Extracted module RDF.Store.HDTTermCacheRegistry
    [SPARQL.GraphStore.fst]
    [RDF.Dataset.Merge.fst] Extracted module RDF.Dataset.Merge
    [SPARQL.ServiceDescription.fst] Extracted module SPARQL.ServiceDescription
    [SPARQL.GraphStore.fst] Extracted module SPARQL.GraphStore
    [SPARQL.Protocol.fst] Extracted module SPARQL.Protocol
