    [Regex.Syntax.fst]
    [Util.Log.fst]
    [RDF.Vocabulary.fst]
    [RDF.Format.fst]
    [Regex.Syntax.fst] Extracted module Regex.Syntax
    [RDF.Term.fst]
    [Util.Log.fst] Extracted module Util.Log
    [RDF.Triple.fst]
    [RDF.Format.fst] Extracted module RDF.Format
    [RDF.Vocabulary.fst] Extracted module RDF.Vocabulary
    [RDF.Indexed.fst]
    [RDF.Graph.fst]
    [RDF.Term.fst] Extracted module RDF.Term
    [RDF.Vocabulary.Axioms.fst]
    [RDF.Triple.fst] Extracted module RDF.Triple
    [OWL.Closure.fst]
    [RDF.Graph.fst] Extracted module RDF.Graph
    [RDF.Graph.Executable.fst]
    [RDF.Vocabulary.Axioms.fst] Extracted module RDF.Vocabulary.Axioms
    [Parquet.Footer.fst]
    [Parquet.Footer.fst] Extracted module Parquet.Footer
    [RDF.List.Helpers.fst]
    [RDF.Indexed.fst] Extracted module RDF.Indexed
    [RDF.Bytes.fst]
    [RDF.List.Helpers.fst] Extracted module RDF.List.Helpers
    [RDF.Canonical.Manifest.fst]
    [RDF.Canonical.Manifest.fst] Extracted module RDF.Canonical.Manifest
    [OWL.Tests.Manifest.fst]
    [RDF.Bytes.fst] Extracted module RDF.Bytes
    [OWL2.SyntaxDL.fst]
    [OWL.Tests.Manifest.fst] Extracted module OWL.Tests.Manifest
    [RDF.Geo.Types.fst]
    [OWL2.SyntaxDL.fst] Extracted module OWL2.SyntaxDL
    [Parser.FastString.fst]
    [RDF.Geo.Types.fst] Extracted module RDF.Geo.Types
    [Parser.IRI.fst]
    [Parser.FastString.fst] Extracted module Parser.FastString
    [XML.Wellformedness.fst]
    [XML.Wellformedness.fst] Extracted module XML.Wellformedness
    [Math.Expr.fst]
    [Math.Expr.fst] Extracted module Math.Expr
    [JSONLD.Loader.fst]
    [JSONLD.Loader.fst] Extracted module JSONLD.Loader
    [VC.Multibase.fst]
    [VC.Multibase.fst] Extracted module VC.Multibase
    [SPARQL.Eval.TimeBudget.fst]
    [SPARQL.Eval.TimeBudget.fst] Extracted module SPARQL.Eval.TimeBudget
    [SPARQL.Eval.Limits.fst]
    [SPARQL.Eval.Limits.fst] Extracted module SPARQL.Eval.Limits
    [SPARQL.HTTP.Response.fst]
    [RDF.Graph.Executable.fst] Extracted module RDF.Graph.Executable
    [SPARQL.HTTP.Timing.fst]
    [SPARQL.HTTP.Response.fst] Extracted module SPARQL.HTTP.Response
    [SPARQL.HTTP.StaticFiles.fst]
    [SPARQL.HTTP.Timing.fst] Extracted module SPARQL.HTTP.Timing
    [SPARQL.HTTP.Routes.fst]
    [SPARQL.HTTP.Routes.fst] Extracted module SPARQL.HTTP.Routes
    [RDF.CottasStore.LazyDict.fst]
    [SPARQL.HTTP.StaticFiles.fst] Extracted module SPARQL.HTTP.StaticFiles
    [RDF.Store.LazyTermCache.fst]
    [RDF.Store.LazyTermCache.fst] Extracted module RDF.Store.LazyTermCache
    [SPARQL.Plan.Estimate.fst]
    [RDF.CottasStore.LazyDict.fst] Extracted module RDF.CottasStore.LazyDict
    [SPARQL.Plan.Loader.fst]
    [Parser.IRI.fst] Extracted module Parser.IRI
    [SPARQL.HTTP.fst]
    [SPARQL.Plan.Loader.fst] Extracted module SPARQL.Plan.Loader
    [SPARQL.HTTP.Client.fst]
    [SPARQL.Plan.Estimate.fst] Extracted module SPARQL.Plan.Estimate
    [SPARQL.HTTP.Client.fst] Extracted module SPARQL.HTTP.Client
    [SPARQL.HTTP.fst] Extracted module SPARQL.HTTP
    [OWL.Closure.fst] Extracted module OWL.Closure
