    [SHACL.Validation.fst]
    [OWL.QueryEval.fst]
    [XForms.Bind.fst]
    [RIF.Core.Builtins.fst]
    [OWL.QueryEval.fst] Extracted module OWL.QueryEval
    [JSONLD.Compact.fst]
    [XForms.Bind.fst] Extracted module XForms.Bind
    [ShEx.Validation.fst]
    [RIF.Core.Builtins.fst] Extracted module RIF.Core.Builtins
    [VC.Credential.fst]
    [JSONLD.Compact.fst] Extracted module JSONLD.Compact
    [CSVW.Conversion.fst]
    [VC.Credential.fst] Extracted module VC.Credential
    [Parser.BallyhooHDT.fst]
    [Parser.BallyhooHDT.fst] Extracted module Parser.BallyhooHDT
    [RDF.CottasStore.fst]
    [CSVW.Conversion.fst] Extracted module CSVW.Conversion
    [RDF.Store.Capabilities.Delta.fst]
    [RDF.CottasStore.fst] Extracted module RDF.CottasStore
    [RML.VirtualSource.fst]
    [SHACL.Validation.fst] Extracted module SHACL.Validation
    [SPARQL.Explain.fst]
    [RDF.Store.Capabilities.Delta.fst] Extracted module RDF.Store.Capabilities.Delta
    [SPARQL.Service.Wrap.fst]
    [SPARQL.Explain.fst] Extracted module SPARQL.Explain
    [RML.VirtualSource.fst] Extracted module RML.VirtualSource
    [ShEx.Validation.fst]     potential errors, although the original non-split verification condition
    [ShEx.Validation.fst] Extracted module ShEx.Validation
    [SPARQL.Service.Wrap.fst] Extracted module SPARQL.Service.Wrap
