=== CSVW csv2json Test Runner ===
manifest: /home/user/factoidal/third_party/testing/csvw/tests/manifest-json.ttl

270 test entries (of 270 in manifest)

PASS ToRdfTest  file:///home/user/factoidal/third_party/testing/csvw/tests/manifest-json#test001
PASS ToRdfTest  file:///home/user/factoidal/third_party/testing/csvw/tests/manifest-json#test005
PASS ToRdfTest  file:///home/user/factoidal/third_party/testing/csvw/tests/manifest-json#test006
PASS ToRdfTest  file:///home/user/factoidal/third_party/testing/csvw/tests/manifest-json#test007
PASS ToRdfTest  file:///home/user/factoidal/third_party/testing/csvw/tests/manifest-json#test008
PASS ToRdfTest  file:///home/user/factoidal/third_party/testing/csvw/tests/manifest-json#test009
PASS ToRdfTest  file:///home/user/factoidal/third_party/testing/csvw/tests/manifest-json#test010
PASS ToRdfTest  file:///home/user/factoidal/third_party/testing/csvw/tests/manifest-json#test011
PASS ToRdfTest  file:///home/user/factoidal/third_party/testing/csvw/tests/manifest-json#test012
PASS ToRdfTest  file:///home/user/factoidal/third_party/testing/csvw/tests/manifest-json#test013
PASS ToRdfTest  file:///home/user/factoidal/third_party/testing/csvw/tests/manifest-json#test014
PASS ToRdfTest  file:///home/user/factoidal/third_party/testing/csvw/tests/manifest-json#test015
PASS ToRdfTest  file:///home/user/factoidal/third_party/testing/csvw/tests/manifest-json#test016
PASS ToRdfTest  file:///home/user/factoidal/third_party/testing/csvw/tests/manifest-json#test017
PASS ToRdfTest  file:///home/user/factoidal/third_party/testing/csvw/tests/manifest-json#test018
PASS ToRdfTest  file:///home/user/factoidal/third_party/testing/csvw/tests/manifest-json#test023
PASS ToRdfTest  file:///home/user/factoidal/third_party/testing/csvw/tests/manifest-json#test027
PASS ToRdfTest  file:///home/user/factoidal/third_party/testing/csvw/tests/manifest-json#test028
PASS ToRdfTest  file:///home/user/factoidal/third_party/testing/csvw/tests/manifest-json#test029
PASS ToRdfTest  file:///home/user/factoidal/third_party/testing/csvw/tests/manifest-json#test030
PASS ToRdfTest  file:///home/user/factoidal/third_party/testing/csvw/tests/manifest-json#test031
PASS ToRdfTest  file:///home/user/factoidal/third_party/testing/csvw/tests/manifest-json#test032
PASS ToRdfTest  file:///home/user/factoidal/third_party/testing/csvw/tests/manifest-json#test033
PASS ToRdfTest  file:///home/user/factoidal/third_party/testing/csvw/tests/manifest-json#test034
PASS ToRdfTest  file:///home/user/factoidal/third_party/testing/csvw/tests/manifest-json#test035
PASS ToRdfTest  file:///home/user/factoidal/third_party/testing/csvw/tests/manifest-json#test036
PASS ToRdfTest  file:///home/user/factoidal/third_party/testing/csvw/tests/manifest-json#test037
PASS ToRdfTest  file:///home/user/factoidal/third_party/testing/csvw/tests/manifest-json#test038
PASS ToRdfTest  file:///home/user/factoidal/third_party/testing/csvw/tests/manifest-json#test039
PASS ToRdfTestWithWarnings file:///home/user/factoidal/third_party/testing/csvw/tests/manifest-json#test040
PASS ToRdfTestWithWarnings file:///home/user/factoidal/third_party/testing/csvw/tests/manifest-json#test041
PASS ToRdfTestWithWarnings file:///home/user/factoidal/third_party/testing/csvw/tests/manifest-json#test042
PASS ToRdfTestWithWarnings file:///home/user/factoidal/third_party/testing/csvw/tests/manifest-json#test043
PASS ToRdfTestWithWarnings file:///home/user/factoidal/third_party/testing/csvw/tests/manifest-json#test044
PASS ToRdfTestWithWarnings file:///home/user/factoidal/third_party/testing/csvw/tests/manifest-json#test045
PASS ToRdfTestWithWarnings file:///home/user/factoidal/third_party/testing/csvw/tests/manifest-json#test046
PASS ToRdfTestWithWarnings file:///home/user/factoidal/third_party/testing/csvw/tests/manifest-json#test047
PASS ToRdfTestWithWarnings file:///home/user/factoidal/third_party/testing/csvw/tests/manifest-json#test048
PASS ToRdfTestWithWarnings file:///home/user/factoidal/third_party/testing/csvw/tests/manifest-json#test049
PASS ToRdfTestWithWarnings file:///home/user/factoidal/third_party/testing/csvw/tests/manifest-json#test059
PASS ToRdfTestWithWarnings file:///home/user/factoidal/third_party/testing/csvw/tests/manifest-json#test060
PASS ToRdfTestWithWarnings file:///home/user/factoidal/third_party/testing/csvw/tests/manifest-json#test061
PASS ToRdfTestWithWarnings file:///home/user/factoidal/third_party/testing/csvw/tests/manifest-json#test062
PASS ToRdfTestWithWarnings file:///home/user/factoidal/third_party/testing/csvw/tests/manifest-json#test063
PASS ToRdfTestWithWarnings file:///home/user/factoidal/third_party/testing/csvw/tests/manifest-json#test065
PASS ToRdfTestWithWarnings file:///home/user/factoidal/third_party/testing/csvw/tests/manifest-json#test066
PASS ToRdfTestWithWarnings file:///home/user/factoidal/third_party/testing/csvw/tests/manifest-json#test067
PASS ToRdfTestWithWarnings file:///home/user/factoidal/third_party/testing/csvw/tests/manifest-json#test068
PASS ToRdfTestWithWarnings file:///home/user/factoidal/third_party/testing/csvw/tests/manifest-json#test069
PASS ToRdfTestWithWarnings file:///home/user/factoidal/third_party/testing/csvw/tests/manifest-json#test070
PASS ToRdfTestWithWarnings file:///home/user/factoidal/third_party/testing/csvw/tests/manifest-json#test071
PASS ToRdfTestWithWarnings file:///home/user/factoidal/third_party/testing/csvw/tests/manifest-json#test072
PASS ToRdfTestWithWarnings file:///home/user/factoidal/third_party/testing/csvw/tests/manifest-json#test073
PASS NegativeRdfTest file:///home/user/factoidal/third_party/testing/csvw/tests/manifest-json#test074
PASS ToRdfTestWithWarnings file:///home/user/factoidal/third_party/testing/csvw/tests/manifest-json#test075
PASS ToRdfTestWithWarnings file:///home/user/factoidal/third_party/testing/csvw/tests/manifest-json#test076
PASS NegativeRdfTest file:///home/user/factoidal/third_party/testing/csvw/tests/manifest-json#test077
PASS NegativeRdfTest file:///home/user/factoidal/third_party/testing/csvw/tests/manifest-json#test078
PASS NegativeRdfTest file:///home/user/factoidal/third_party/testing/csvw/tests/manifest-json#test079
PASS NegativeRdfTest file:///home/user/factoidal/third_party/testing/csvw/tests/manifest-json#test080
PASS NegativeRdfTest file:///home/user/factoidal/third_party/testing/csvw/tests/manifest-json#test081
PASS NegativeRdfTest file:///home/user/factoidal/third_party/testing/csvw/tests/manifest-json#test082
PASS NegativeRdfTest file:///home/user/factoidal/third_party/testing/csvw/tests/manifest-json#test083
PASS NegativeRdfTest file:///home/user/factoidal/third_party/testing/csvw/tests/manifest-json#test084
PASS NegativeRdfTest file:///home/user/factoidal/third_party/testing/csvw/tests/manifest-json#test085
PASS NegativeRdfTest file:///home/user/factoidal/third_party/testing/csvw/tests/manifest-json#test086
PASS NegativeRdfTest file:///home/user/factoidal/third_party/testing/csvw/tests/manifest-json#test087
PASS NegativeRdfTest file:///home/user/factoidal/third_party/testing/csvw/tests/manifest-json#test088
PASS NegativeRdfTest file:///home/user/factoidal/third_party/testing/csvw/tests/manifest-json#test089
PASS NegativeRdfTest file:///home/user/factoidal/third_party/testing/csvw/tests/manifest-json#test090
PASS ToRdfTestWithWarnings file:///home/user/factoidal/third_party/testing/csvw/tests/manifest-json#test093
PASS ToRdfTestWithWarnings file:///home/user/factoidal/third_party/testing/csvw/tests/manifest-json#test095
PASS ToRdfTestWithWarnings file:///home/user/factoidal/third_party/testing/csvw/tests/manifest-json#test097
PASS NegativeRdfTest file:///home/user/factoidal/third_party/testing/csvw/tests/manifest-json#test098
PASS ToRdfTestWithWarnings file:///home/user/factoidal/third_party/testing/csvw/tests/manifest-json#test099
PASS ToRdfTestWithWarnings file:///home/user/factoidal/third_party/testing/csvw/tests/manifest-json#test100
PASS ToRdfTestWithWarnings file:///home/user/factoidal/third_party/testing/csvw/tests/manifest-json#test101
PASS ToRdfTestWithWarnings file:///home/user/factoidal/third_party/testing/csvw/tests/manifest-json#test102
PASS NegativeRdfTest file:///home/user/factoidal/third_party/testing/csvw/tests/manifest-json#test103
PASS NegativeRdfTest file:///home/user/factoidal/third_party/testing/csvw/tests/manifest-json#test104
PASS ToRdfTestWithWarnings file:///home/user/factoidal/third_party/testing/csvw/tests/manifest-json#test105
PASS ToRdfTestWithWarnings file:///home/user/factoidal/third_party/testing/csvw/tests/manifest-json#test106
PASS ToRdfTestWithWarnings file:///home/user/factoidal/third_party/testing/csvw/tests/manifest-json#test107
PASS NegativeRdfTest file:///home/user/factoidal/third_party/testing/csvw/tests/manifest-json#test108
PASS ToRdfTestWithWarnings file:///home/user/factoidal/third_party/testing/csvw/tests/manifest-json#test109
PASS ToRdfTestWithWarnings file:///home/user/factoidal/third_party/testing/csvw/tests/manifest-json#test110
PASS ToRdfTestWithWarnings file:///home/user/factoidal/third_party/testing/csvw/tests/manifest-json#test111
PASS ToRdfTestWithWarnings file:///home/user/factoidal/third_party/testing/csvw/tests/manifest-json#test112
PASS ToRdfTestWithWarnings file:///home/user/factoidal/third_party/testing/csvw/tests/manifest-json#test113
PASS ToRdfTestWithWarnings file:///home/user/factoidal/third_party/testing/csvw/tests/manifest-json#test114
PASS ToRdfTestWithWarnings file:///home/user/factoidal/third_party/testing/csvw/tests/manifest-json#test115
PASS ToRdfTest  file:///home/user/factoidal/third_party/testing/csvw/tests/manifest-json#test116
PASS ToRdfTestWithWarnings file:///home/user/factoidal/third_party/testing/csvw/tests/manifest-json#test117
PASS ToRdfTest  file:///home/user/factoidal/third_party/testing/csvw/tests/manifest-json#test118
PASS ToRdfTestWithWarnings file:///home/user/factoidal/third_party/testing/csvw/tests/manifest-json#test119
PASS ToRdfTestWithWarnings file:///home/user/factoidal/third_party/testing/csvw/tests/manifest-json#test120
PASS ToRdfTest  file:///home/user/factoidal/third_party/testing/csvw/tests/manifest-json#test121
PASS ToRdfTestWithWarnings file:///home/user/factoidal/third_party/testing/csvw/tests/manifest-json#test122
PASS ToRdfTestWithWarnings file:///home/user/factoidal/third_party/testing/csvw/tests/manifest-json#test123
PASS ToRdfTest  file:///home/user/factoidal/third_party/testing/csvw/tests/manifest-json#test124
PASS ToRdfTestWithWarnings file:///home/user/factoidal/third_party/testing/csvw/tests/manifest-json#test125
PASS ToRdfTestWithWarnings file:///home/user/factoidal/third_party/testing/csvw/tests/manifest-json#test126
PASS ToRdfTestWithWarnings file:///home/user/factoidal/third_party/testing/csvw/tests/manifest-json#test127
PASS NegativeRdfTest file:///home/user/factoidal/third_party/testing/csvw/tests/manifest-json#test128
PASS ToRdfTestWithWarnings file:///home/user/factoidal/third_party/testing/csvw/tests/manifest-json#test129
PASS ToRdfTestWithWarnings file:///home/user/factoidal/third_party/testing/csvw/tests/manifest-json#test130
PASS ToRdfTestWithWarnings file:///home/user/factoidal/third_party/testing/csvw/tests/manifest-json#test131
PASS ToRdfTest  file:///home/user/factoidal/third_party/testing/csvw/tests/manifest-json#test132
PASS NegativeRdfTest file:///home/user/factoidal/third_party/testing/csvw/tests/manifest-json#test133
PASS NegativeRdfTest file:///home/user/factoidal/third_party/testing/csvw/tests/manifest-json#test134
PASS NegativeRdfTest file:///home/user/factoidal/third_party/testing/csvw/tests/manifest-json#test135
PASS NegativeRdfTest file:///home/user/factoidal/third_party/testing/csvw/tests/manifest-json#test136
PASS NegativeRdfTest file:///home/user/factoidal/third_party/testing/csvw/tests/manifest-json#test137
PASS NegativeRdfTest file:///home/user/factoidal/third_party/testing/csvw/tests/manifest-json#test138
PASS NegativeRdfTest file:///home/user/factoidal/third_party/testing/csvw/tests/manifest-json#test139
PASS NegativeRdfTest file:///home/user/factoidal/third_party/testing/csvw/tests/manifest-json#test140
PASS NegativeRdfTest file:///home/user/factoidal/third_party/testing/csvw/tests/manifest-json#test141
PASS NegativeRdfTest file:///home/user/factoidal/third_party/testing/csvw/tests/manifest-json#test142
PASS NegativeRdfTest file:///home/user/factoidal/third_party/testing/csvw/tests/manifest-json#test143
PASS NegativeRdfTest file:///home/user/factoidal/third_party/testing/csvw/tests/manifest-json#test144
PASS NegativeRdfTest file:///home/user/factoidal/third_party/testing/csvw/tests/manifest-json#test146
PASS ToRdfTestWithWarnings file:///home/user/factoidal/third_party/testing/csvw/tests/manifest-json#test147
PASS ToRdfTestWithWarnings file:///home/user/factoidal/third_party/testing/csvw/tests/manifest-json#test148
PASS ToRdfTest  file:///home/user/factoidal/third_party/testing/csvw/tests/manifest-json#test149
PASS ToRdfTestWithWarnings file:///home/user/factoidal/third_party/testing/csvw/tests/manifest-json#test150
PASS ToRdfTestWithWarnings file:///home/user/factoidal/third_party/testing/csvw/tests/manifest-json#test151
PASS ToRdfTest  file:///home/user/factoidal/third_party/testing/csvw/tests/manifest-json#test152
PASS ToRdfTestWithWarnings file:///home/user/factoidal/third_party/testing/csvw/tests/manifest-json#test153
PASS ToRdfTestWithWarnings file:///home/user/factoidal/third_party/testing/csvw/tests/manifest-json#test154
PASS ToRdfTest  file:///home/user/factoidal/third_party/testing/csvw/tests/manifest-json#test155
PASS ToRdfTestWithWarnings file:///home/user/factoidal/third_party/testing/csvw/tests/manifest-json#test156
PASS ToRdfTestWithWarnings file:///home/user/factoidal/third_party/testing/csvw/tests/manifest-json#test157
PASS ToRdfTest  file:///home/user/factoidal/third_party/testing/csvw/tests/manifest-json#test158
PASS ToRdfTestWithWarnings file:///home/user/factoidal/third_party/testing/csvw/tests/manifest-json#test159
PASS ToRdfTestWithWarnings file:///home/user/factoidal/third_party/testing/csvw/tests/manifest-json#test160
PASS ToRdfTestWithWarnings file:///home/user/factoidal/third_party/testing/csvw/tests/manifest-json#test161
PASS ToRdfTestWithWarnings file:///home/user/factoidal/third_party/testing/csvw/tests/manifest-json#test162
PASS ToRdfTestWithWarnings file:///home/user/factoidal/third_party/testing/csvw/tests/manifest-json#test163
PASS ToRdfTestWithWarnings file:///home/user/factoidal/third_party/testing/csvw/tests/manifest-json#test164
PASS ToRdfTestWithWarnings file:///home/user/factoidal/third_party/testing/csvw/tests/manifest-json#test165
PASS ToRdfTestWithWarnings file:///home/user/factoidal/third_party/testing/csvw/tests/manifest-json#test166
PASS ToRdfTestWithWarnings file:///home/user/factoidal/third_party/testing/csvw/tests/manifest-json#test167
PASS ToRdfTest  file:///home/user/factoidal/third_party/testing/csvw/tests/manifest-json#test168
PASS ToRdfTestWithWarnings file:///home/user/factoidal/third_party/testing/csvw/tests/manifest-json#test169
PASS ToRdfTest  file:///home/user/factoidal/third_party/testing/csvw/tests/manifest-json#test170
PASS ToRdfTest  file:///home/user/factoidal/third_party/testing/csvw/tests/manifest-json#test171
PASS ToRdfTestWithWarnings file:///home/user/factoidal/third_party/testing/csvw/tests/manifest-json#test172
PASS ToRdfTestWithWarnings file:///home/user/factoidal/third_party/testing/csvw/tests/manifest-json#test173
PASS ToRdfTestWithWarnings file:///home/user/factoidal/third_party/testing/csvw/tests/manifest-json#test174
PASS ToRdfTestWithWarnings file:///home/user/factoidal/third_party/testing/csvw/tests/manifest-json#test175
PASS ToRdfTestWithWarnings file:///home/user/factoidal/third_party/testing/csvw/tests/manifest-json#test176
PASS ToRdfTestWithWarnings file:///home/user/factoidal/third_party/testing/csvw/tests/manifest-json#test177
PASS ToRdfTestWithWarnings file:///home/user/factoidal/third_party/testing/csvw/tests/manifest-json#test178
PASS ToRdfTestWithWarnings file:///home/user/factoidal/third_party/testing/csvw/tests/manifest-json#test179
PASS ToRdfTestWithWarnings file:///home/user/factoidal/third_party/testing/csvw/tests/manifest-json#test180
PASS ToRdfTestWithWarnings file:///home/user/factoidal/third_party/testing/csvw/tests/manifest-json#test181
PASS ToRdfTestWithWarnings file:///home/user/factoidal/third_party/testing/csvw/tests/manifest-json#test182
PASS ToRdfTest  file:///home/user/factoidal/third_party/testing/csvw/tests/manifest-json#test183
PASS ToRdfTestWithWarnings file:///home/user/factoidal/third_party/testing/csvw/tests/manifest-json#test184
PASS ToRdfTestWithWarnings file:///home/user/factoidal/third_party/testing/csvw/tests/manifest-json#test185
PASS ToRdfTestWithWarnings file:///home/user/factoidal/third_party/testing/csvw/tests/manifest-json#test186
PASS ToRdfTest  file:///home/user/factoidal/third_party/testing/csvw/tests/manifest-json#test187
PASS ToRdfTest  file:///home/user/factoidal/third_party/testing/csvw/tests/manifest-json#test188
PASS ToRdfTest  file:///home/user/factoidal/third_party/testing/csvw/tests/manifest-json#test189
PASS ToRdfTest  file:///home/user/factoidal/third_party/testing/csvw/tests/manifest-json#test190
PASS ToRdfTestWithWarnings file:///home/user/factoidal/third_party/testing/csvw/tests/manifest-json#test191
PASS ToRdfTestWithWarnings file:///home/user/factoidal/third_party/testing/csvw/tests/manifest-json#test192
PASS ToRdfTest  file:///home/user/factoidal/third_party/testing/csvw/tests/manifest-json#test193
PASS ToRdfTestWithWarnings file:///home/user/factoidal/third_party/testing/csvw/tests/manifest-json#test194
PASS ToRdfTest  file:///home/user/factoidal/third_party/testing/csvw/tests/manifest-json#test195
PASS ToRdfTestWithWarnings file:///home/user/factoidal/third_party/testing/csvw/tests/manifest-json#test196
PASS ToRdfTestWithWarnings file:///home/user/factoidal/third_party/testing/csvw/tests/manifest-json#test197
PASS ToRdfTestWithWarnings file:///home/user/factoidal/third_party/testing/csvw/tests/manifest-json#test198
PASS NegativeRdfTest file:///home/user/factoidal/third_party/testing/csvw/tests/manifest-json#test199
PASS NegativeRdfTest file:///home/user/factoidal/third_party/testing/csvw/tests/manifest-json#test200
PASS NegativeRdfTest file:///home/user/factoidal/third_party/testing/csvw/tests/manifest-json#test201
PASS ToRdfTest  file:///home/user/factoidal/third_party/testing/csvw/tests/manifest-json#test202
PASS ToRdfTestWithWarnings file:///home/user/factoidal/third_party/testing/csvw/tests/manifest-json#test203
PASS ToRdfTestWithWarnings file:///home/user/factoidal/third_party/testing/csvw/tests/manifest-json#test204
PASS ToRdfTestWithWarnings file:///home/user/factoidal/third_party/testing/csvw/tests/manifest-json#test205
PASS ToRdfTestWithWarnings file:///home/user/factoidal/third_party/testing/csvw/tests/manifest-json#test206
PASS ToRdfTestWithWarnings file:///home/user/factoidal/third_party/testing/csvw/tests/manifest-json#test207
PASS ToRdfTestWithWarnings file:///home/user/factoidal/third_party/testing/csvw/tests/manifest-json#test208
PASS ToRdfTest  file:///home/user/factoidal/third_party/testing/csvw/tests/manifest-json#test209
PASS ToRdfTestWithWarnings file:///home/user/factoidal/third_party/testing/csvw/tests/manifest-json#test210
PASS ToRdfTestWithWarnings file:///home/user/factoidal/third_party/testing/csvw/tests/manifest-json#test211
PASS ToRdfTestWithWarnings file:///home/user/factoidal/third_party/testing/csvw/tests/manifest-json#test212
PASS ToRdfTestWithWarnings file:///home/user/factoidal/third_party/testing/csvw/tests/manifest-json#test213
PASS ToRdfTestWithWarnings file:///home/user/factoidal/third_party/testing/csvw/tests/manifest-json#test214
PASS ToRdfTestWithWarnings file:///home/user/factoidal/third_party/testing/csvw/tests/manifest-json#test215
PASS NegativeRdfTest file:///home/user/factoidal/third_party/testing/csvw/tests/manifest-json#test216
PASS NegativeRdfTest file:///home/user/factoidal/third_party/testing/csvw/tests/manifest-json#test217
PASS NegativeRdfTest file:///home/user/factoidal/third_party/testing/csvw/tests/manifest-json#test218
PASS NegativeRdfTest file:///home/user/factoidal/third_party/testing/csvw/tests/manifest-json#test219
PASS NegativeRdfTest file:///home/user/factoidal/third_party/testing/csvw/tests/manifest-json#test220
PASS NegativeRdfTest file:///home/user/factoidal/third_party/testing/csvw/tests/manifest-json#test221
PASS NegativeRdfTest file:///home/user/factoidal/third_party/testing/csvw/tests/manifest-json#test222
PASS NegativeRdfTest file:///home/user/factoidal/third_party/testing/csvw/tests/manifest-json#test223
PASS NegativeRdfTest file:///home/user/factoidal/third_party/testing/csvw/tests/manifest-json#test224
PASS NegativeRdfTest file:///home/user/factoidal/third_party/testing/csvw/tests/manifest-json#test225
PASS NegativeRdfTest file:///home/user/factoidal/third_party/testing/csvw/tests/manifest-json#test226
PASS NegativeRdfTest file:///home/user/factoidal/third_party/testing/csvw/tests/manifest-json#test227
PASS ToRdfTest  file:///home/user/factoidal/third_party/testing/csvw/tests/manifest-json#test228
PASS ToRdfTest  file:///home/user/factoidal/third_party/testing/csvw/tests/manifest-json#test229
PASS ToRdfTestWithWarnings file:///home/user/factoidal/third_party/testing/csvw/tests/manifest-json#test230
PASS ToRdfTest  file:///home/user/factoidal/third_party/testing/csvw/tests/manifest-json#test231
PASS ToRdfTest  file:///home/user/factoidal/third_party/testing/csvw/tests/manifest-json#test232
PASS ToRdfTest  file:///home/user/factoidal/third_party/testing/csvw/tests/manifest-json#test233
PASS ToRdfTest  file:///home/user/factoidal/third_party/testing/csvw/tests/manifest-json#test234
PASS ToRdfTest  file:///home/user/factoidal/third_party/testing/csvw/tests/manifest-json#test235
PASS ToRdfTest  file:///home/user/factoidal/third_party/testing/csvw/tests/manifest-json#test236
PASS ToRdfTest  file:///home/user/factoidal/third_party/testing/csvw/tests/manifest-json#test237
PASS ToRdfTestWithWarnings file:///home/user/factoidal/third_party/testing/csvw/tests/manifest-json#test238
PASS ToRdfTest  file:///home/user/factoidal/third_party/testing/csvw/tests/manifest-json#test242
PASS NegativeRdfTest file:///home/user/factoidal/third_party/testing/csvw/tests/manifest-json#test243
PASS NegativeRdfTest file:///home/user/factoidal/third_party/testing/csvw/tests/manifest-json#test244
PASS ToRdfTest  file:///home/user/factoidal/third_party/testing/csvw/tests/manifest-json#test245
PASS ToRdfTest  file:///home/user/factoidal/third_party/testing/csvw/tests/manifest-json#test246
PASS ToRdfTestWithWarnings file:///home/user/factoidal/third_party/testing/csvw/tests/manifest-json#test247
PASS ToRdfTest  file:///home/user/factoidal/third_party/testing/csvw/tests/manifest-json#test248
PASS NegativeRdfTest file:///home/user/factoidal/third_party/testing/csvw/tests/manifest-json#test251
PASS NegativeRdfTest file:///home/user/factoidal/third_party/testing/csvw/tests/manifest-json#test252
PASS NegativeRdfTest file:///home/user/factoidal/third_party/testing/csvw/tests/manifest-json#test253
PASS ToRdfTest  file:///home/user/factoidal/third_party/testing/csvw/tests/manifest-json#test259
PASS ToRdfTest  file:///home/user/factoidal/third_party/testing/csvw/tests/manifest-json#test260
PASS NegativeRdfTest file:///home/user/factoidal/third_party/testing/csvw/tests/manifest-json#test261
PASS ToRdfTest  file:///home/user/factoidal/third_party/testing/csvw/tests/manifest-json#test263
PASS ToRdfTest  file:///home/user/factoidal/third_party/testing/csvw/tests/manifest-json#test264
PASS ToRdfTestWithWarnings file:///home/user/factoidal/third_party/testing/csvw/tests/manifest-json#test266
PASS NegativeRdfTest file:///home/user/factoidal/third_party/testing/csvw/tests/manifest-json#test267
PASS ToRdfTest  file:///home/user/factoidal/third_party/testing/csvw/tests/manifest-json#test268
PASS ToRdfTestWithWarnings file:///home/user/factoidal/third_party/testing/csvw/tests/manifest-json#test269
PASS ToRdfTestWithWarnings file:///home/user/factoidal/third_party/testing/csvw/tests/manifest-json#test270
PASS NegativeRdfTest file:///home/user/factoidal/third_party/testing/csvw/tests/manifest-json#test271
PASS NegativeRdfTest file:///home/user/factoidal/third_party/testing/csvw/tests/manifest-json#test272
PASS ToRdfTest  file:///home/user/factoidal/third_party/testing/csvw/tests/manifest-json#test273
PASS NegativeRdfTest file:///home/user/factoidal/third_party/testing/csvw/tests/manifest-json#test274
PASS ToRdfTestWithWarnings file:///home/user/factoidal/third_party/testing/csvw/tests/manifest-json#test275
PASS ToRdfTestWithWarnings file:///home/user/factoidal/third_party/testing/csvw/tests/manifest-json#test276
PASS ToRdfTestWithWarnings file:///home/user/factoidal/third_party/testing/csvw/tests/manifest-json#test277
PASS ToRdfTestWithWarnings file:///home/user/factoidal/third_party/testing/csvw/tests/manifest-json#test278
PASS ToRdfTestWithWarnings file:///home/user/factoidal/third_party/testing/csvw/tests/manifest-json#test279
PASS ToRdfTestWithWarnings file:///home/user/factoidal/third_party/testing/csvw/tests/manifest-json#test280
PASS ToRdfTestWithWarnings file:///home/user/factoidal/third_party/testing/csvw/tests/manifest-json#test281
PASS ToRdfTest  file:///home/user/factoidal/third_party/testing/csvw/tests/manifest-json#test282
PASS ToRdfTest  file:///home/user/factoidal/third_party/testing/csvw/tests/manifest-json#test283
PASS ToRdfTest  file:///home/user/factoidal/third_party/testing/csvw/tests/manifest-json#test284
PASS ToRdfTest  file:///home/user/factoidal/third_party/testing/csvw/tests/manifest-json#test285
PASS ToRdfTestWithWarnings file:///home/user/factoidal/third_party/testing/csvw/tests/manifest-json#test286
PASS ToRdfTestWithWarnings file:///home/user/factoidal/third_party/testing/csvw/tests/manifest-json#test287
PASS ToRdfTestWithWarnings file:///home/user/factoidal/third_party/testing/csvw/tests/manifest-json#test288
PASS ToRdfTestWithWarnings file:///home/user/factoidal/third_party/testing/csvw/tests/manifest-json#test289
PASS ToRdfTestWithWarnings file:///home/user/factoidal/third_party/testing/csvw/tests/manifest-json#test290
PASS ToRdfTestWithWarnings file:///home/user/factoidal/third_party/testing/csvw/tests/manifest-json#test291
PASS ToRdfTestWithWarnings file:///home/user/factoidal/third_party/testing/csvw/tests/manifest-json#test292
PASS ToRdfTestWithWarnings file:///home/user/factoidal/third_party/testing/csvw/tests/manifest-json#test293
PASS ToRdfTestWithWarnings file:///home/user/factoidal/third_party/testing/csvw/tests/manifest-json#test294
PASS ToRdfTestWithWarnings file:///home/user/factoidal/third_party/testing/csvw/tests/manifest-json#test295
PASS ToRdfTestWithWarnings file:///home/user/factoidal/third_party/testing/csvw/tests/manifest-json#test296
PASS ToRdfTestWithWarnings file:///home/user/factoidal/third_party/testing/csvw/tests/manifest-json#test297
PASS ToRdfTestWithWarnings file:///home/user/factoidal/third_party/testing/csvw/tests/manifest-json#test298
PASS ToRdfTestWithWarnings file:///home/user/factoidal/third_party/testing/csvw/tests/manifest-json#test299
PASS ToRdfTestWithWarnings file:///home/user/factoidal/third_party/testing/csvw/tests/manifest-json#test300
PASS ToRdfTestWithWarnings file:///home/user/factoidal/third_party/testing/csvw/tests/manifest-json#test301
PASS ToRdfTestWithWarnings file:///home/user/factoidal/third_party/testing/csvw/tests/manifest-json#test302
PASS ToRdfTestWithWarnings file:///home/user/factoidal/third_party/testing/csvw/tests/manifest-json#test303
PASS ToRdfTestWithWarnings file:///home/user/factoidal/third_party/testing/csvw/tests/manifest-json#test304
PASS ToRdfTest  file:///home/user/factoidal/third_party/testing/csvw/tests/manifest-json#test305
PASS ToRdfTest  file:///home/user/factoidal/third_party/testing/csvw/tests/manifest-json#test306
PASS ToRdfTest  file:///home/user/factoidal/third_party/testing/csvw/tests/manifest-json#test307

========================================
csv2json: 270 pass, 0 fail (out of 270)
========================================
