=== W3C JSON-LD 1.1 Framing Test Runner ===
Manifest: /home/runner/work/factoidal/factoidal/third_party/testing/json-ld-framing/tests/frame-manifest.jsonld

  FAIL: Library framing example — framed JSON-LD differs from expected
  FAIL: reframe w/extra CURIE value. — framed JSON-LD differs from expected
  FAIL: reframe (null) — framed JSON-LD differs from expected
  FAIL: reframe (type) — framed JSON-LD differs from expected
  FAIL: reframe (explicit) — framed JSON-LD differs from expected
  FAIL: reframe (non-explicit) — framed JSON-LD differs from expected
  FAIL: input has multiple types — framed JSON-LD differs from expected
  FAIL: array framing cases — framed JSON-LD differs from expected
  FAIL: default value — framed JSON-LD differs from expected
  FAIL: property CURIE conflict — framed JSON-LD differs from expected
  FAIL: @embed true/false — framed JSON-LD differs from expected
  FAIL: Array frame — framed JSON-LD differs from expected
  FAIL: Replace existing embed — framed JSON-LD differs from expected
  FAIL: Replace existing embed on 2nd pass — framed JSON-LD differs from expected
  FAIL: Replace deeply-nested embed — framed JSON-LD differs from expected
  FAIL: Use @type in ducktype filter — frame_document returned None on a positive test
  FAIL: Non-flat input — framed JSON-LD differs from expected
  FAIL: no frame @context but @graph output — frame_document returned None on a positive test
  FAIL: Resources can be re-embedded again in each top-level frame match — framed JSON-LD differs from expected
  FAIL: Blank nodes in an array — framed JSON-LD differs from expected
  FAIL: Blank nodes in @type — framed JSON-LD differs from expected
  FAIL: Match on @id — framed JSON-LD differs from expected
  FAIL: No match on [] — framed JSON-LD differs from expected
  FAIL: match on any common properties if @requireAll: false — framed JSON-LD differs from expected
  FAIL: @requireAll with missing values and @default — framed JSON-LD differs from expected
  PASS: explicitly excludes unframed properties (@explicit: true)
  FAIL: non-existent framed properties create null property — framed JSON-LD differs from expected
  FAIL: embed matched frames with @reverse — framed JSON-LD differs from expected
  FAIL: embed matched frames with reversed property — framed JSON-LD differs from expected
  FAIL: @embed @always/@never — framed JSON-LD differs from expected
  FAIL: match none @type match — framed JSON-LD differs from expected
  FAIL: single @id match — framed JSON-LD differs from expected
  FAIL: multiple @id match — frame_document returned None on a positive test
  FAIL: wildcard and match none — framed JSON-LD differs from expected
  PASS: matches a deep node pattern
  PASS: matches exact value pattern
  FAIL: matches wildcard @value in value pattern — frame_document returned None on a positive test
  FAIL: matches wildcard @type in value pattern — frame_document returned None on a positive test
  FAIL: matches wildcard @language in value pattern — frame_document returned None on a positive test
  FAIL: matches match none @type in value pattern — frame_document returned None on a positive test
  FAIL: matches match none @language in value pattern — frame_document returned None on a positive test
  FAIL: matches some @value in value pattern — frame_document returned None on a positive test
  FAIL: matches some @type in value pattern — frame_document returned None on a positive test
  FAIL: matches some @language in value pattern — frame_document returned None on a positive test
  FAIL: excludes non-matched values in value pattern — frame_document returned None on a positive test
  FAIL: Merge graphs if no outer @graph is used — framed JSON-LD differs from expected
  FAIL: Frame default graph if outer @graph is used — framed JSON-LD differs from expected
  FAIL: Merge one graph and preserve another — framed JSON-LD differs from expected
  FAIL: Merge one graph and deep preserve another — framed JSON-LD differs from expected
  FAIL: Library example with named graphs — framed JSON-LD differs from expected
  FAIL: Compacting values of @preserve — framed JSON-LD differs from expected
  PASS: @id must not include a blank node identifier
  FAIL: @type must not include a blank node identifier — should reject but framed
  FAIL: Out of range @embed value — should reject but framed
  FAIL: Framing list with mixed values — framed JSON-LD differs from expected
  FAIL: Frame matching on matching value in list — framed JSON-LD differs from expected
  FAIL: Frame matching on any matching value in list — framed JSON-LD differs from expected
  FAIL: Frame matching with no matching value in list — framed JSON-LD differs from expected
  FAIL: @embed: @last replaces previous embed values with node reference — framed JSON-LD differs from expected
  FAIL: @embed: @once only embeds first value with node reference — framed JSON-LD differs from expected
  FAIL: Matching embedded nodes with @default — frame_document returned None on a positive test
  FAIL: An array with a single value remains an array if container is @set. — framed JSON-LD differs from expected
  FAIL: Using @null in @default. — framed JSON-LD differs from expected
  FAIL: Using @default in @type. — frame_document returned None on a positive test
  FAIL: Match on value — framed JSON-LD differs from expected
  FAIL: Match on value reference — framed JSON-LD differs from expected
  FAIL: Match on list value — framed JSON-LD differs from expected
  FAIL: Merge @type from different graphs — framed JSON-LD differs from expected
  PASS: Tests @json in framing
  FAIL: Empty frame with empty context with protected terms. — framed JSON-LD differs from expected
  FAIL: @embed true/false — framed JSON-LD differs from expected
  FAIL: Library framing example with @graph and omitGraph is true. — framed JSON-LD differs from expected
  FAIL: Simple embed — framed JSON-LD differs from expected
  FAIL: Embed with direct circular reference — framed JSON-LD differs from expected
  FAIL: Embed with indirect circular reference — framed JSON-LD differs from expected
  FAIL: Embed with indirect circular reference via set — framed JSON-LD differs from expected
  FAIL: Embed with nested indirect circular reference via set — framed JSON-LD differs from expected
  FAIL: Multi-level simple embeds — framed JSON-LD differs from expected
  FAIL: A tangle of nastiness — framed JSON-LD differs from expected
  FAIL: Recursive property embed w/o circular reference — framed JSON-LD differs from expected
  FAIL: Framing blank node unnamed graphs — framed JSON-LD differs from expected
  FAIL: Basic Included array — framed JSON-LD differs from expected
  FAIL: Basic Included object — framed JSON-LD differs from expected
  FAIL: json.api example — framed JSON-LD differs from expected
  FAIL: Blank nodes in an array (prune bnodes) — framed JSON-LD differs from expected
  FAIL: Blank nodes in @type (prune bnodes) — framed JSON-LD differs from expected
  FAIL: Merge graphs if no outer @graph is used (prune bnodes) — framed JSON-LD differs from expected
  FAIL: Merge one graph and deep preserve another (prune bnodes) — framed JSON-LD differs from expected
  FAIL: Prune blank nodes with alias of @id — frame_document returned None on a positive test
  PASS: @requireAll only matches if @type and other properties are present
  FAIL: @requireAll only matches if @id and @type match — frame_document returned None on a positive test
  FAIL: @requireAll with type and properties — framed JSON-LD differs from expected

========================================
Suite Results:
  jsonld-frame                        pass:6 fail:86 skip:0 unsupported:0
========================================
jsonld-frame: 6 pass, 86 fail, 0 skip (out of 92)
