=== W3C JSON-LD 1.1 HTML Test Runner ===
Manifest: /home/user/factoidal/third_party/testing/json-ld/tests/html-manifest.jsonld

  PASS: Expands embedded JSON-LD script element
  PASS: Expands embedded JSON-LD script element (xhtml)
  PASS: Expands first embedded JSON-LD script element
  PASS: Expands targeted JSON-LD script element
  PASS: Expands all embedded JSON-LD script elements with extractAllScripts option
  PASS: Expands multiple embedded JSON-LD script elements where one is an array
  PASS: Expands as empty with no embedded JSON-LD script elements
  PASS: Expands as empty with no embedded JSON-LD script elements and extractAllScripts
  PASS: Expands embedded JSON-LD script element with HTML character references
  PASS: Errors if no element found at target
  PASS: Errors if targeted element is not a script element
  PASS: Errors if targeted element does not have type application/ld+json
  PASS: Errors if uncommented script text contains comment
  PASS: Errors if end comment missing
  PASS: Errors if start comment missing
  PASS: Errors if uncommented script is not valid JSON
  PASS: Expands embedded JSON-LD script element relative to document base
  PASS: Expands embedded JSON-LD script element relative to base option
  PASS: Expands embedded JSON-LD script element relative to HTML base
  PASS: Expands embedded JSON-LD script element relative to relative HTML base
  PASS: Expands targeted JSON-LD script element with fragment and HTML base
  skip: Compacts embedded JSON-LD script element — CompactTest via HTML not yet wired
  skip: Compacts first embedded JSON-LD script element — CompactTest via HTML not yet wired
  skip: Compacts targeted JSON-LD script element — CompactTest via HTML not yet wired
  skip: Compacts all embedded JSON-LD script elements with extractAllScripts option — CompactTest via HTML not yet wired
  skip: Flattens embedded JSON-LD script element — FlattenTest via HTML not yet wired
  skip: Flattens first embedded JSON-LD script element — FlattenTest via HTML not yet wired
  skip: Flattens targeted JSON-LD script element — FlattenTest via HTML not yet wired
  skip: Flattens first script element by default — FlattenTest via HTML not yet wired
  skip: Flattens all script elements if extractAllScripts set to true — FlattenTest via HTML not yet wired
  PASS: Transforms embedded JSON-LD script element
  PASS: Transforms first embedded JSON-LD script element
  PASS: Transforms targeted JSON-LD script element
  PASS: Expands all embedded JSON-LD script elements with extractAllScripts option
  PASS: Expands multiple embedded JSON-LD script elements where one is an array
  PASS: Expands as empty with no embedded JSON-LD script elements
  PASS: Expands as empty with no embedded JSON-LD script elements and extractAllScripts
  PASS: Expands embedded JSON-LD script element with HTML character references
  PASS: Errors if no element found at target
  PASS: Errors if targeted element is not a script element
  PASS: Errors if targeted element does not have type application/ld+json
  PASS: Errors if uncommented script text contains comment
  PASS: Errors if end comment missing
  PASS: Errors if start comment missing
  PASS: Errors if uncommented script is not valid JSON
  PASS: Expands embedded JSON-LD script element relative to document base
  PASS: Expands embedded JSON-LD script element relative to base option
  PASS: Expands embedded JSON-LD script element relative to HTML base
  PASS: Expands embedded JSON-LD script element relative to relative HTML base
  PASS: Expands targeted JSON-LD script element with fragment and HTML base

========================================
Suite Results:
  jsonld-html                         pass:41 fail:0 skip:9 unsupported:0
========================================
jsonld-html: 41 pass, 0 fail, 9 skip (out of 50)
