  PASS  #t0001   Object Lists [fromRdf-Positive]
  PASS  #t0002   Native Types [fromRdf-Positive]
  PASS  #t0003   BNodes and references [fromRdf-Positive]
  PASS  #t0004   Lists [fromRdf-Positive]
  PASS  #t0005   Document with list [fromRdf-Positive]
  PASS  #t0006   Two graphs having same subject but different values [fromRdf-Positive]
  PASS  #t0007   Graph with multiple named graphs [fromRdf-Positive]
  FAIL  #t0008   List conversion [fromRdf-Positive]
  PASS  #t0009   List conversion with IRI nodes [fromRdf-Positive]
  PASS  #t0010   List pattern without rdf:nil [fromRdf-Positive]
  PASS  #t0011   List pattern with extra properties [fromRdf-Positive]
  PASS  #t0012   List pattern with cycles [fromRdf-Positive]
  PASS  #t0013   List pattern with multiple values of rdf:first [fromRdf-Positive]
  PASS  #t0014   List pattern with multiple values of rdf:rest [fromRdf-Positive]
  PASS  #t0015   List pattern with IRI rdf:rest [fromRdf-Positive]
  PASS  #t0016   List pattern with type rdf:List [fromRdf-Positive]
  PASS  #t0017   Remove duplicate triples [fromRdf-Positive]
  PASS  #t0018   use native types flag set to true [fromRdf-Positive]
  PASS  #t0019   use rdf:type flag set to false [fromRdf-Positive]
  PASS  #t0020   list with node shared across graphs [fromRdf-Positive]
  PASS  #t0021   list with node shared across graphs (same triple in different graphs) [fromRdf-Positive]
  PASS  #t0022   list from duplicate triples [fromRdf-Positive]
  PASS  #t0023   triple with RDF nil subject [fromRdf-Positive]
  PASS  #t0024   multiple languages for same subject+property+value [fromRdf-Positive]
  PASS  #t0025   multiple types for same subject+property+value [fromRdf-Positive]
  PASS  #t0026   triple with rdf:first property and rdf:nil value [fromRdf-Positive]
  PASS  #t0027   use native types flag with values that cannot be serialized to JSON [fromRdf-Positive]
  PASS  #t0028   use native types flag with non-native values [fromRdf-Positive]
  PASS  #tdi01   rdfDirection: null with i18n literal with direction and no language [fromRdf-Positive]
  PASS  #tdi02   rdfDirection: null with i18n literal with direction and language [fromRdf-Positive]
  PASS  #tdi03   rdfDirection: null with compound literal with direction and no language [fromRdf-Positive]
  PASS  #tdi04   rdfDirection: null with compound literal with direction and language [fromRdf-Positive]
  FAIL  #tdi05   rdfDirection: i18n-datatype with i18n literal with direction and no language [fromRdf-Positive]
  FAIL  #tdi06   rdfDirection: i18n-datatype with i18n literal with direction and language [fromRdf-Positive]
  PASS  #tdi07   rdfDirection: i18n-datatype with compound literal with direction and no language [fromRdf-Positive]
  PASS  #tdi08   rdfDirection: i18n-datatype with compound literal with direction and language [fromRdf-Positive]
  PASS  #tdi09   rdfDirection: compound-literal with i18n literal with direction and no language [fromRdf-Positive]
  PASS  #tdi10   rdfDirection: compound-literal with i18n literal with direction and language [fromRdf-Positive]
  FAIL  #tdi11   rdfDirection: compound-literal with compound literal with direction and no language [fromRdf-Positive]
  FAIL  #tdi12   rdfDirection: compound-literal with compound literal with direction and language [fromRdf-Positive]
  PASS  #tjs01   JSON literal (boolean true) [fromRdf-Positive]
  PASS  #tjs02   JSON literal (boolean false) [fromRdf-Positive]
  PASS  #tjs03   JSON literal (double) [fromRdf-Positive]
  PASS  #tjs04   JSON literal (double-zero) [fromRdf-Positive]
  PASS  #tjs05   JSON literal (integer) [fromRdf-Positive]
  PASS  #tjs06   JSON literal (object) [fromRdf-Positive]
  PASS  #tjs07   JSON literal (array) [fromRdf-Positive]
  PASS  #tjs08   Invalid JSON literal (bare-word) [fromRdf-Negative]
  PASS  #tjs09   Invalid JSON literal (invalid structure) [fromRdf-Negative]
  PASS  #tjs10   JSON literal (string) [fromRdf-Positive]
  PASS  #tjs11   JSON literal (null) [fromRdf-Positive]
  PASS  #tli01   @list containing empty @list [fromRdf-Positive]
  PASS  #tli02   @list containing multiple lists [fromRdf-Positive]
  PASS  #tli03   t0008 as interpreted for 1.1.  [fromRdf-Positive]

^JSON-LD fromRdf tests: 49 pass, 5 fail (out of 54)
