TAP version 13
# Subtest: createApi(entryMod.factoidalNpmEntry): parse/SELECT/ASK match index.js
ok 1 - createApi(entryMod.factoidalNpmEntry): parse/SELECT/ASK match index.js
  ---
  duration_ms: 314.885366
  type: 'test'
  ...
# Subtest: createApi accepts a Promise of the entry object
ok 2 - createApi accepts a Promise of the entry object
  ---
  duration_ms: 6.88897
  type: 'test'
  ...
# Subtest: createApi accepts a zero-argument thunk returning the entry object
ok 3 - createApi accepts a zero-argument thunk returning the entry object
  ---
  duration_ms: 8.379853
  type: 'test'
  ...
# Subtest: createApi accepts a thunk returning a Promise of the entry object
ok 4 - createApi accepts a thunk returning a Promise of the entry object
  ---
  duration_ms: 2.348218
  type: 'test'
  ...
# Subtest: createApi: an object without queryDataset throws a TypeError naming factoidalNpmEntry
ok 5 - createApi: an object without queryDataset throws a TypeError naming factoidalNpmEntry
  ---
  duration_ms: 0.562794
  type: 'test'
  ...
# Subtest: createApi: null/undefined also throw a TypeError naming factoidalNpmEntry
ok 6 - createApi: null/undefined also throw a TypeError naming factoidalNpmEntry
  ---
  duration_ms: 0.212164
  type: 'test'
  ...
# Subtest: createApi: entailment-regime queries and queryHdt reject with a clear message (no CLI bundle loaded)
ok 7 - createApi: entailment-regime queries and queryHdt reject with a clear message (no CLI bundle loaded)
  ---
  duration_ms: 1.064927
  type: 'test'
  ...
# Subtest: version matches package.json: index.js
ok 8 - version matches package.json: index.js
  ---
  duration_ms: 0.143633
  type: 'test'
  ...
# Subtest: version matches package.json: api.js (createApi)
ok 9 - version matches package.json: api.js (createApi)
  ---
  duration_ms: 0.504818
  type: 'test'
  ...
# Subtest: version matches package.json: l4-core.js
ok 10 - version matches package.json: l4-core.js
  ---
  duration_ms: 1.372804
  type: 'test'
  ...
# Subtest: version matches package.json: wasm.js
ok 11 - version matches package.json: wasm.js
  ---
  duration_ms: 1.820056
  type: 'test'
  ...
# Subtest: engine field identifies the driver on every entry point
ok 12 - engine field identifies the driver on every entry point
  ---
  duration_ms: 0.351101
  type: 'test'
  ...
# Subtest: parse: turtle smoke
ok 13 - parse: turtle smoke
  ---
  duration_ms: 131.603259
  type: 'test'
  ...
# Subtest: parse: (await parse(TTL)).prefixes equals the declared map
ok 14 - parse: (await parse(TTL)).prefixes equals the declared map
  ---
  duration_ms: 4.923143
  type: 'test'
  ...
# Subtest: parse: ntriples smoke
ok 15 - parse: ntriples smoke
  ---
  duration_ms: 2.177525
  type: 'test'
  ...
# Subtest: parse: ntriples input gives an empty prefixes map
ok 16 - parse: ntriples input gives an empty prefixes map
  ---
  duration_ms: 0.524798
  type: 'test'
  ...
# Subtest: parse: nquads smoke (named graph preserved)
ok 17 - parse: nquads smoke (named graph preserved)
  ---
  duration_ms: 1.254158
  type: 'test'
  ...
# Subtest: parse: trig smoke (named graph preserved)
ok 18 - parse: trig smoke (named graph preserved)
  ---
  duration_ms: 1.851393
  type: 'test'
  ...
# Subtest: parse: rdfxml smoke
ok 19 - parse: rdfxml smoke
  ---
  duration_ms: 5.901672
  type: 'test'
  ...
# Subtest: parse: baseIRI resolves relative IRIs
ok 20 - parse: baseIRI resolves relative IRIs
  ---
  duration_ms: 4.253351
  type: 'test'
  ...
# Subtest: parse: blank-node labels from separate parses stay distinct
ok 21 - parse: blank-node labels from separate parses stay distinct
  ---
  duration_ms: 1.247138
  type: 'test'
  ...
# Subtest: query: SELECT returns Bindings[] of RDF/JS terms
ok 22 - query: SELECT returns Bindings[] of RDF/JS terms
  ---
  duration_ms: 14.038451
  type: 'test'
  ...
# Subtest: query: typed literal binding carries its datatype
ok 23 - query: typed literal binding carries its datatype
  ---
  duration_ms: 2.911172
  type: 'test'
  ...
# Subtest: query: accepts a Dataset input
ok 24 - query: accepts a Dataset input
  ---
  duration_ms: 5.046956
  type: 'test'
  ...
# Subtest: query: ASK returns a boolean
ok 25 - query: ASK returns a boolean
  ---
  duration_ms: 7.695435
  type: 'test'
  ...
# Subtest: query: multiple documents load as separate graphs
ok 26 - query: multiple documents load as separate graphs
  ---
  duration_ms: 0.806534
  type: 'test'
  ...
# Subtest: query: entail RDFS infers subclass instances
ok 27 - query: entail RDFS infers subclass instances
  ---
  duration_ms: 136.583937
  type: 'test'
  ...
# Subtest: query: malformed query rejects with diagnostics
ok 28 - query: malformed query rejects with diagnostics
  ---
  duration_ms: 5.1609
  type: 'test'
  ...
# Subtest: serialize: engine round-trip is stable (nquads)
ok 29 - serialize: engine round-trip is stable (nquads)
  ---
  duration_ms: 5.868954
  type: 'test'
  ...
# Subtest: serialize: ntriples output
ok 30 - serialize: ntriples output
  ---
  duration_ms: 111.988372
  type: 'test'
  ...
# Subtest: canonicalize: isomorphic datasets get identical canonical N-Quads
ok 31 - canonicalize: isomorphic datasets get identical canonical N-Quads
  ---
  duration_ms: 7.478469
  type: 'test'
  ...
# Subtest: graphs: enumerates named graphs from a parsed TriG document
ok 32 - graphs: enumerates named graphs from a parsed TriG document
  ---
  duration_ms: 1.244664
  type: 'test'
  ...
# Subtest: canonicalHash: isomorphic graphs get identical hash under bnode relabeling
ok 33 - canonicalHash: isomorphic graphs get identical hash under bnode relabeling
  ---
  duration_ms: 4.13819
  type: 'test'
  ...
# Subtest: query: CONSTRUCT returns a Dataset
ok 34 - query: CONSTRUCT returns a Dataset
  ---
  duration_ms: 6.307303
  type: 'test'
  ...
# Subtest: update: INSERT DATA adds quads
ok 35 - update: INSERT DATA adds quads
  ---
  duration_ms: 3.181563
  type: 'test'
  ...
# Subtest: update: without npm-entry bundle rejects with pending message
ok 36 - update: without npm-entry bundle rejects with pending message # SKIP npm-entry bundle present — pending-message path not reachable
  ---
  duration_ms: 0.263911
  type: 'test'
  ...
# Subtest: parse: jsonld (expanded/inline-context form) via the npm-entry ABI
ok 37 - parse: jsonld (expanded/inline-context form) via the npm-entry ABI
  ---
  duration_ms: 6.053658
  type: 'test'
  ...
# Subtest: jsonldToRdf: parses JSON-LD with an explicit base option
ok 38 - jsonldToRdf: parses JSON-LD with an explicit base option
  ---
  duration_ms: 2.062055
  type: 'test'
  ...
# Subtest: shaclValidate: SHACL Core validation returns conforms + a report Dataset
ok 39 - shaclValidate: SHACL Core validation returns conforms + a report Dataset
  ---
  duration_ms: 23.280406
  type: 'test'
  ...
# Subtest: shexValidate: ShEx validation of one focus node against one shape
ok 40 - shexValidate: ShEx validation of one focus node against one shape
  ---
  duration_ms: 9.855329
  type: 'test'
  ...
# Subtest: owlClosure: RDFS closure materializes rdfs:subClassOf inference
ok 41 - owlClosure: RDFS closure materializes rdfs:subClassOf inference
  ---
  duration_ms: 11.841151
  type: 'test'
  ...
# Subtest: rmlMap: evaluates an RML mapping graph against JSON source data
ok 42 - rmlMap: evaluates an RML mapping graph against JSON source data
  ---
  duration_ms: 12.526877
  type: 'test'
  ...
# Subtest: csvwToRdf: converts a vendored W3C CSVW fixture (minimal mode)
ok 43 - csvwToRdf: converts a vendored W3C CSVW fixture (minimal mode)
  ---
  duration_ms: 11.130067
  type: 'test'
  ...
# Subtest: csvwToRdf: standard mode emits the csvw:TableGroup wrapper; no metadata infers from header
ok 44 - csvwToRdf: standard mode emits the csvw:TableGroup wrapper; no metadata infers from header
  ---
  duration_ms: 11.538232
  type: 'test'
  ...
# Subtest: rifEval: RIF Core saturation materializes derived triples
ok 45 - rifEval: RIF Core saturation materializes derived triples
  ---
  duration_ms: 11.752008
  type: 'test'
  ...
# Subtest: capabilities: shacl/shex/owlClosure/rml/jsonld/rif fields are present
ok 46 - capabilities: shacl/shex/owlClosure/rml/jsonld/rif fields are present
  ---
  duration_ms: 0.722591
  type: 'test'
  ...
# Subtest: xmlWellformed: accepts well-formed, rejects malformed
ok 47 - xmlWellformed: accepts well-formed, rejects malformed
  ---
  duration_ms: 0.575182
  type: 'test'
  ...
# Subtest: xpathEval: XPath 1.0 over an XML document
ok 48 - xpathEval: XPath 1.0 over an XML document
  ---
  duration_ms: 4.729526
  type: 'test'
  ...
# Subtest: didKeyResolve: Ed25519 did:key resolves to a DID Document
ok 49 - didKeyResolve: Ed25519 did:key resolves to a DID Document
  ---
  duration_ms: 3.279888
  type: 'test'
  ...
# Subtest: jsonldFromRdf: N-Quads serialize to expanded JSON-LD (reverse of jsonldToRdf)
ok 50 - jsonldFromRdf: N-Quads serialize to expanded JSON-LD (reverse of jsonldToRdf)
  ---
  duration_ms: 5.519526
  type: 'test'
  ...
# Subtest: version matches package.json
ok 51 - version matches package.json
  ---
  duration_ms: 0.321506
  type: 'test'
  ...
# Subtest: entail x-rdfscore: ASK sees the two-step subclass entailment (the theorem-backed regime)
ok 52 - entail x-rdfscore: ASK sees the two-step subclass entailment (the theorem-backed regime)
  ---
  duration_ms: 59.193335
  type: 'test'
  ...
# Subtest: entail x-rdfscore does NOT derive the symmetric edge; x-rdfsplus does (regime separation)
ok 53 - entail x-rdfscore does NOT derive the symmetric edge; x-rdfsplus does (regime separation)
  ---
  duration_ms: 80.842114
  type: 'test'
  ...
# Subtest: entail none: baseline returns zero worksWith rows (both regimes really added something)
ok 54 - entail none: baseline returns zero worksWith rows (both regimes really added something)
  ---
  duration_ms: 6.564594
  type: 'test'
  ...
# (node:3993) [MODULE_TYPELESS_PACKAGE_JSON] Warning: Module type of file:///home/runner/work/factoidal/factoidal/npm/factoidal/browser-wasm.js is not specified and it doesn't parse as CommonJS.
# Reparsing as ES module because module syntax was detected. This incurs a performance overhead.
# To eliminate this warning, add "type": "module" to /home/runner/work/factoidal/factoidal/npm/factoidal/package.json.
# (Use `node --trace-warnings ...` to show where the warning was created)
# Subtest: browser-wasm: loadNpmEntryWasm resolves an ABI with queryDataset
ok 55 - browser-wasm: loadNpmEntryWasm resolves an ABI with queryDataset
  ---
  duration_ms: 57.751916
  type: 'test'
  ...
# Subtest: browser-wasm: toCottas + openCottas + queryCottas + closeCottas round-trip
ok 56 - browser-wasm: toCottas + openCottas + queryCottas + closeCottas round-trip
  ---
  duration_ms: 156.135354
  type: 'test'
  ...
# Subtest: browser-wasm: openCottas accepts a hex string too
ok 57 - browser-wasm: openCottas accepts a hex string too
  ---
  duration_ms: 73.401893
  type: 'test'
  ...
# [qof3-trace] cottas_ondisk_open path=npmcottas:1
# [qof3-trace] load_handle path=npmcottas:1
# [bet7-trace] build_handle path=npmcottas:1 (lazy open: defer all 4 columns)
# [qof3-trace] build_handle: distinct s=0 p=0 o=0 g=0 total_rows=5
# [qof3-trace] cottas_ondisk_open: handle ready
# [bet7-trace] ensure_graphs_loaded: lazy populate path=npmcottas:1
# [qof3-trace] collect_distinct_graph col=3 path=npmcottas:1
# [qof3-trace] collect_distinct_graph col=3 named_graphs=2 rows=5
# [bet7-trace] ensure_graphs_loaded: 2 distinct graphs
# [qof3-trace] cottas_ondisk_open path=npmcottas:2
# [qof3-trace] load_handle path=npmcottas:2
# [bet7-trace] build_handle path=npmcottas:2 (lazy open: defer all 4 columns)
# [qof3-trace] build_handle: distinct s=0 p=0 o=0 g=0 total_rows=5
# [qof3-trace] cottas_ondisk_open: handle ready
# [bet7-trace] ensure_graphs_loaded: lazy populate path=npmcottas:2
# [qof3-trace] collect_distinct_graph col=3 path=npmcottas:2
# [qof3-trace] collect_distinct_graph col=3 named_graphs=2 rows=5
# [bet7-trace] ensure_graphs_loaded: 2 distinct graphs
# [qof3-trace] cottas_ondisk_open path=npmcottas:1
# [qof3-trace] load_handle path=npmcottas:1
# [bet7-trace] build_handle path=npmcottas:1 (lazy open: defer all 4 columns)
# [qof3-trace] build_handle: distinct s=0 p=0 o=0 g=0 total_rows=5
# [qof3-trace] cottas_ondisk_open: handle ready
# [bet7-trace] ensure_graphs_loaded: lazy populate path=npmcottas:1
# [qof3-trace] collect_distinct_graph col=3 path=npmcottas:1
# [qof3-trace] collect_distinct_graph col=3 named_graphs=2 rows=5
# [bet7-trace] ensure_graphs_loaded: 2 distinct graphs
# [qof3-trace] cottas_ondisk_open path=npmcottas:3
# [qof3-trace] load_handle path=npmcottas:3
# [bet7-trace] build_handle path=npmcottas:3 (lazy open: defer all 4 columns)
# [qof3-trace] build_handle: distinct s=0 p=0 o=0 g=0 total_rows=5
# [qof3-trace] cottas_ondisk_open: handle ready
# [bet7-trace] ensure_graphs_loaded: lazy populate path=npmcottas:3
# [qof3-trace] collect_distinct_graph col=3 path=npmcottas:3
# [qof3-trace] collect_distinct_graph col=3 named_graphs=2 rows=5
# [bet7-trace] ensure_graphs_loaded: 2 distinct graphs
# Subtest: wasm ABI: openCottas + queryCottas match the fixture's known content
ok 58 - wasm ABI: openCottas + queryCottas match the fixture's known content
  ---
  duration_ms: 199.321913
  type: 'test'
  ...
# Subtest: wasm ABI: toCottas + openCottas round-trip
ok 59 - wasm ABI: toCottas + openCottas round-trip
  ---
  duration_ms: 19.843525
  type: 'test'
  ...
# Subtest: wasm/js parity: openCottas + queryCottas give byte-identical SELECT bindings
ok 60 - wasm/js parity: openCottas + queryCottas give byte-identical SELECT bindings
  ---
  duration_ms: 313.271982
  type: 'test'
  ...
# [qof3-trace] cottas_ondisk_open path=npmcottas:1
# [qof3-trace] load_handle path=npmcottas:1
# [bet7-trace] build_handle path=npmcottas:1 (lazy open: defer all 4 columns)
# [qof3-trace] build_handle: distinct s=0 p=0 o=0 g=0 total_rows=5
# [qof3-trace] cottas_ondisk_open: handle ready
# [bet7-trace] ensure_graphs_loaded: lazy populate path=npmcottas:1
# [qof3-trace] collect_distinct_graph col=3 path=npmcottas:1
# [qof3-trace] collect_distinct_graph col=3 named_graphs=2 rows=5
# [bet7-trace] ensure_graphs_loaded: 2 distinct graphs
# [qof3-trace] cottas_ondisk_open path=npmcottas:2
# cottas_ondisk_open: npmcottas:2 was not written by this store's current writer (FileMetaData version mismatch) -- refusing to open. This is the issue \#445 format-compatibility gate: stores written before the 2026-08-15 UTF-8 fix had corrupted non-ASCII literals and are rejected rather than silently misread. Re-run `factoidal import` on the original source data to rebuild this store.
# [qof3-trace] cottas_ondisk_open path=npmcottas:3
# [qof3-trace] load_handle path=npmcottas:3
# [bet7-trace] build_handle path=npmcottas:3 (lazy open: defer all 4 columns)
# [qof3-trace] build_handle: distinct s=0 p=0 o=0 g=0 total_rows=5
# [qof3-trace] cottas_ondisk_open: handle ready
# [bet7-trace] ensure_graphs_loaded: lazy populate path=npmcottas:3
# [qof3-trace] collect_distinct_graph col=3 path=npmcottas:3
# [qof3-trace] collect_distinct_graph col=3 named_graphs=2 rows=5
# [bet7-trace] ensure_graphs_loaded: 2 distinct graphs
# [qof3-trace] cottas_ondisk_open path=npmcottas:4
# [qof3-trace] load_handle path=npmcottas:4
# [bet7-trace] build_handle path=npmcottas:4 (lazy open: defer all 4 columns)
# [qof3-trace] build_handle: distinct s=0 p=0 o=0 g=0 total_rows=5
# [qof3-trace] cottas_ondisk_open: handle ready
# [bet7-trace] ensure_graphs_loaded: lazy populate path=npmcottas:4
# [qof3-trace] collect_distinct_graph col=3 path=npmcottas:4
# [qof3-trace] collect_distinct_graph col=3 named_graphs=2 rows=5
# [bet7-trace] ensure_graphs_loaded: 2 distinct graphs
# [pagecache-global-trace] hits=28 misses=4 entries=4 cap=256
# [qof3-trace] cottas_ondisk_open path=npmcottas:5
# [qof3-trace] load_handle path=npmcottas:5
# [bet7-trace] build_handle path=npmcottas:5 (lazy open: defer all 4 columns)
# [qof3-trace] build_handle: distinct s=0 p=0 o=0 g=0 total_rows=5
# [qof3-trace] cottas_ondisk_open: handle ready
# [bet7-trace] ensure_graphs_loaded: lazy populate path=npmcottas:5
# [qof3-trace] collect_distinct_graph col=3 path=npmcottas:5
# [qof3-trace] collect_distinct_graph col=3 named_graphs=2 rows=5
# [bet7-trace] ensure_graphs_loaded: 2 distinct graphs
# [qof3-trace] cottas_ondisk_open path=npmcottas:6
# [qof3-trace] load_handle path=npmcottas:6
# [bet7-trace] build_handle path=npmcottas:6 (lazy open: defer all 4 columns)
# [qof3-trace] build_handle: distinct s=0 p=0 o=0 g=0 total_rows=5
# [qof3-trace] cottas_ondisk_open: handle ready
# [bet7-trace] ensure_graphs_loaded: lazy populate path=npmcottas:6
# [qof3-trace] collect_distinct_graph col=3 path=npmcottas:6
# [qof3-trace] collect_distinct_graph col=3 named_graphs=2 rows=5
# [bet7-trace] ensure_graphs_loaded: 2 distinct graphs
# [qof3-trace] cottas_ondisk_open path=npmcottas:7
# [qof3-trace] load_handle path=npmcottas:7
# [bet7-trace] build_handle path=npmcottas:7 (lazy open: defer all 4 columns)
# [qof3-trace] build_handle: distinct s=0 p=0 o=0 g=0 total_rows=5
# [qof3-trace] cottas_ondisk_open: handle ready
# [bet7-trace] ensure_graphs_loaded: lazy populate path=npmcottas:7
# [qof3-trace] collect_distinct_graph col=3 path=npmcottas:7
# [qof3-trace] collect_distinct_graph col=3 named_graphs=2 rows=5
# [bet7-trace] ensure_graphs_loaded: 2 distinct graphs
# [qof3-trace] cottas_ondisk_open path=npmcottas:8
# [qof3-trace] load_handle path=npmcottas:8
# [bet7-trace] build_handle path=npmcottas:8 (lazy open: defer all 4 columns)
# [qof3-trace] build_handle: distinct s=0 p=0 o=0 g=0 total_rows=5
# [qof3-trace] cottas_ondisk_open: handle ready
# [bet7-trace] ensure_graphs_loaded: lazy populate path=npmcottas:8
# [qof3-trace] collect_distinct_graph col=3 path=npmcottas:8
# [qof3-trace] collect_distinct_graph col=3 named_graphs=2 rows=5
# [bet7-trace] ensure_graphs_loaded: 2 distinct graphs
# [pagecache-global-trace] hits=60 misses=4 entries=4 cap=256
# [qof3-trace] cottas_ondisk_open path=npmcottas:9
# [qof3-trace] load_handle path=npmcottas:9
# [bet7-trace] build_handle path=npmcottas:9 (lazy open: defer all 4 columns)
# [qof3-trace] build_handle: distinct s=0 p=0 o=0 g=0 total_rows=5
# [qof3-trace] cottas_ondisk_open: handle ready
# Subtest: openCottas + queryCottas (raw ABI): COUNT/ASK/SELECT match the fixture's known content
ok 61 - openCottas + queryCottas (raw ABI): COUNT/ASK/SELECT match the fixture's known content
  ---
  duration_ms: 230.165838
  type: 'test'
  ...
# Subtest: openCottas (raw ABI): garbage bytes are rejected at open (footer validated up front)
ok 62 - openCottas (raw ABI): garbage bytes are rejected at open (footer validated up front)
  ---
  duration_ms: 0.677133
  type: 'test'
  ...
# Subtest: openCottas (raw ABI): odd-length hex is rejected honestly
ok 63 - openCottas (raw ABI): odd-length hex is rejected honestly
  ---
  duration_ms: 0.282269
  type: 'test'
  ...
# Subtest: toCottas + openCottas (raw ABI): round-trip reproduces the same query answers
ok 64 - toCottas + openCottas (raw ABI): round-trip reproduces the same query answers
  ---
  duration_ms: 64.823746
  type: 'test'
  ...
# Subtest: queryCottas (raw ABI): CONSTRUCT materializes triples via the backend
ok 65 - queryCottas (raw ABI): CONSTRUCT materializes triples via the backend
  ---
  duration_ms: 25.737656
  type: 'test'
  ...
# Subtest: queryCottas (raw ABI): DESCRIBE is an honest ok:false, not a crash
ok 66 - queryCottas (raw ABI): DESCRIBE is an honest ok:false, not a crash
  ---
  duration_ms: 16.8631
  type: 'test'
  ...
# Subtest: index.js openCottas/queryCottas: SELECT/ASK/COUNT match the heap-store answers for the same data
ok 67 - index.js openCottas/queryCottas: SELECT/ASK/COUNT match the heap-store answers for the same data
  ---
  duration_ms: 30.912491
  type: 'test'
  ...
# Subtest: index.js queryCottas: CONSTRUCT returns a Dataset equal (as a set) to the heap-store CONSTRUCT result
ok 68 - index.js queryCottas: CONSTRUCT returns a Dataset equal (as a set) to the heap-store CONSTRUCT result
  ---
  duration_ms: 26.544071
  type: 'test'
  ...
# Subtest: index.js toCottas + openCottas: round-trip through the native writer preserves query answers
ok 69 - index.js toCottas + openCottas: round-trip through the native writer preserves query answers
  ---
  duration_ms: 40.434076
  type: 'test'
  ...
# Subtest: index.js openCottas: rejects a handle after closeCottas()
ok 70 - index.js openCottas: rejects a handle after closeCottas()
  ---
  duration_ms: 3.202164
  type: 'test'
  ...
# Subtest: index.js capabilities(): reports cottasBytesStore
ok 71 - index.js capabilities(): reports cottasBytesStore
  ---
  duration_ms: 0.508974
  type: 'test'
  ...
# Subtest: dataset handle: open, query several times, update, serialize both formats, toDataset, close
ok 72 - dataset handle: open, query several times, update, serialize both formats, toDataset, close
  ---
  duration_ms: 159.280959
  type: 'test'
  ...
# Subtest: query(handle, sparql) and serialize(handle, options) route through the handle
ok 73 - query(handle, sparql) and serialize(handle, options) route through the handle
  ---
  duration_ms: 5.49518
  type: 'test'
  ...
# Subtest: update(handle, ...) rejects with a TypeError naming handle.update()
ok 74 - update(handle, ...) rejects with a TypeError naming handle.update()
  ---
  duration_ms: 1.153278
  type: 'test'
  ...
# Subtest: query(handle, sparql, {entail: "RDFS"}) rejects -- a handle carries no closure step
ok 75 - query(handle, sparql, {entail: "RDFS"}) rejects -- a handle carries no closure step
  ---
  duration_ms: 0.779995
  type: 'test'
  ...
# Subtest: opening from a Dataset with prefixes keeps them for Turtle output
ok 76 - opening from a Dataset with prefixes keeps them for Turtle output
  ---
  duration_ms: 1.744825
  type: 'test'
  ...
# Subtest: an unknown/closed handle rejects with a message naming the handle id
ok 77 - an unknown/closed handle rejects with a message naming the handle id
  ---
  duration_ms: 0.975745
  type: 'test'
  ...
# Subtest: openDataset() needs the npm-entry bundle -- rejects with the pending-entry shape without it
ok 78 - openDataset() needs the npm-entry bundle -- rejects with the pending-entry shape without it
  ---
  duration_ms: 0.307866
  type: 'test'
  ...
# Subtest: update() and CONSTRUCT results inherit the input Dataset's prefixes
ok 79 - update() and CONSTRUCT results inherit the input Dataset's prefixes
  ---
  duration_ms: 4.408831
  type: 'test'
  ...
# Subtest: deltaLogOpen returns a {dbName} handle (browser.d.ts DeltaLogHandle)
ok 80 - deltaLogOpen returns a {dbName} handle (browser.d.ts DeltaLogHandle)
  ---
  duration_ms: 1.142283
  type: 'test'
  ...
# Subtest: deltaLogAppend returns {seq:number, opCount:number}; seq climbs
ok 81 - deltaLogAppend returns {seq:number, opCount:number}; seq climbs
  ---
  duration_ms: 12.740173
  type: 'test'
  ...
# Subtest: deltaLogReadAllHex returns a string; deltaLogMerge returns merged N-Quads
ok 82 - deltaLogReadAllHex returns a string; deltaLogMerge returns merged N-Quads
  ---
  duration_ms: 6.380251
  type: 'test'
  ...
# Subtest: deltaLogAppend rejects a bad handle (contract shape check)
ok 83 - deltaLogAppend rejects a bad handle (contract shape check)
  ---
  duration_ms: 0.693838
  type: 'test'
  ...
# Subtest: browser.d.ts declares the deltaLog* surface + DeltaLogHandle
ok 84 - browser.d.ts declares the deltaLog* surface + DeltaLogHandle
  ---
  duration_ms: 0.649562
  type: 'test'
  ...
# Subtest: browser.d.ts declares the VC crypto surface (browser init story)
ok 85 - browser.d.ts declares the VC crypto surface (browser init story)
  ---
  duration_ms: 0.373433
  type: 'test'
  ...
# Subtest: wasm entry: deltaBatchToHex + deltaMergeApplyBrowser single INSERT DATA round-trips
ok 86 - wasm entry: deltaBatchToHex + deltaMergeApplyBrowser single INSERT DATA round-trips
  ---
  duration_ms: 66.150747
  type: 'test'
  ...
# Subtest: wasm entry: deltaMergeApplyBrowser composes multiple batches order-independently
ok 87 - wasm entry: deltaMergeApplyBrowser composes multiple batches order-independently
  ---
  duration_ms: 10.84819
  type: 'test'
  ...
# Subtest: wasm entry: deltaBatchToHex rejects an unsupported op (DELETE/INSERT WHERE)
ok 88 - wasm entry: deltaBatchToHex rejects an unsupported op (DELETE/INSERT WHERE)
  ---
  duration_ms: 1.218525
  type: 'test'
  ...
# Subtest: deltaBatchToHex + deltaMergeApplyBrowser: single INSERT DATA round-trips
ok 89 - deltaBatchToHex + deltaMergeApplyBrowser: single INSERT DATA round-trips
  ---
  duration_ms: 11.816935
  type: 'test'
  ...
# Subtest: deltaMergeApplyBrowser: multiple batches compose (add, then remove+add), order-independent input
ok 90 - deltaMergeApplyBrowser: multiple batches compose (add, then remove+add), order-independent input
  ---
  duration_ms: 16.082769
  type: 'test'
  ...
# Subtest: deltaMergeApplyBrowser: CREATE + INSERT DATA into a brand-new named graph
ok 91 - deltaMergeApplyBrowser: CREATE + INSERT DATA into a brand-new named graph
  ---
  duration_ms: 5.837388
  type: 'test'
  ...
# Subtest: deltaBatchToHex: unsupported op (DELETE/INSERT WHERE) rejects with an error, not silently
ok 92 - deltaBatchToHex: unsupported op (DELETE/INSERT WHERE) rejects with an error, not silently
  ---
  duration_ms: 1.659869
  type: 'test'
  ...
# Subtest: deltaMergeApplyBrowser: a corrupted (truncated) blob is skipped, never partially decoded
ok 93 - deltaMergeApplyBrowser: a corrupted (truncated) blob is skipped, never partially decoded
  ---
  duration_ms: 6.505801
  type: 'test'
  ...
# Subtest: deltaMergeApplyBrowser: an existing named graph in the base is preserved and composed with
ok 94 - deltaMergeApplyBrowser: an existing named graph in the base is preserved and composed with
  ---
  duration_ms: 2.950741
  type: 'test'
  ...
# Subtest: fn.d.ts declares nothing fn.js does not implement
ok 95 - fn.d.ts declares nothing fn.js does not implement
  ---
  duration_ms: 14.640487
  type: 'test'
  ...
# Subtest: fn.js implements nothing that fn.d.ts leaves untyped
ok 96 - fn.js implements nothing that fn.d.ts leaves untyped
  ---
  duration_ms: 2.080957
  type: 'test'
  ...
# Subtest: l4-core.d.ts declares nothing l4-core.js does not implement
ok 97 - l4-core.d.ts declares nothing l4-core.js does not implement
  ---
  duration_ms: 1.518569
  type: 'test'
  ...
# Subtest: l4-core.js implements nothing that l4-core.d.ts leaves untyped
ok 98 - l4-core.js implements nothing that l4-core.d.ts leaves untyped
  ---
  duration_ms: 0.433703
  type: 'test'
  ...
# Subtest: index.d.ts declares nothing index.js does not implement
ok 99 - index.d.ts declares nothing index.js does not implement
  ---
  duration_ms: 0.659977
  type: 'test'
  ...
# Subtest: index.js implements nothing that index.d.ts leaves untyped
ok 100 - index.js implements nothing that index.d.ts leaves untyped
  ---
  duration_ms: 0.922787
  type: 'test'
  ...
# Subtest: select.d.ts declares nothing select.js does not implement
ok 101 - select.d.ts declares nothing select.js does not implement
  ---
  duration_ms: 1.490659
  type: 'test'
  ...
# Subtest: select.js implements nothing that select.d.ts leaves untyped
ok 102 - select.js implements nothing that select.d.ts leaves untyped
  ---
  duration_ms: 0.309859
  type: 'test'
  ...
# Subtest: api.d.ts declares nothing api.js does not implement
ok 103 - api.d.ts declares nothing api.js does not implement
  ---
  duration_ms: 1.10053
  type: 'test'
  ...
# Subtest: api.js implements nothing that api.d.ts leaves untyped
ok 104 - api.js implements nothing that api.d.ts leaves untyped
  ---
  duration_ms: 0.76286
  type: 'test'
  ...
# Subtest: lite.d.ts declares nothing lite.js does not implement
ok 105 - lite.d.ts declares nothing lite.js does not implement
  ---
  duration_ms: 1.013462
  type: 'test'
  ...
# Subtest: lite.js implements nothing that lite.d.ts leaves untyped
ok 106 - lite.js implements nothing that lite.d.ts leaves untyped
  ---
  duration_ms: 0.297571
  type: 'test'
  ...
# Subtest: the VC crypto surface is typed on both index.d.ts and fn.d.ts
ok 107 - the VC crypto surface is typed on both index.d.ts and fn.d.ts
  ---
  duration_ms: 0.665226
  type: 'test'
  ...
# Subtest: FILTER EXISTS keeps exactly the rows whose inner pattern matches
ok 108 - FILTER EXISTS keeps exactly the rows whose inner pattern matches
  ---
  duration_ms: 142.250957
  type: 'test'
  ...
# Subtest: FILTER NOT EXISTS keeps exactly the complementary rows
ok 109 - FILTER NOT EXISTS keeps exactly the complementary rows
  ---
  duration_ms: 7.618756
  type: 'test'
  ...
# Subtest: EXISTS and NOT EXISTS partition the rows (the impossible-both-empty check)
ok 110 - EXISTS and NOT EXISTS partition the rows (the impossible-both-empty check)
  ---
  duration_ms: 10.781471
  type: 'test'
  ...
# Subtest: EXISTS nested under ! (exercises the recursive substitution)
ok 111 - EXISTS nested under ! (exercises the recursive substitution)
  ---
  duration_ms: 6.928594
  type: 'test'
  ...
# Subtest: unknown extension IRI: FILTER drops every row (§17.6 error)
ok 112 - unknown extension IRI: FILTER drops every row (§17.6 error)
  ---
  duration_ms: 122.684303
  type: 'test'
  ...
# Subtest: unknown extension IRI: BIND leaves the variable unbound
ok 113 - unknown extension IRI: BIND leaves the variable unbound
  ---
  duration_ms: 8.94209
  type: 'test'
  ...
# Subtest: sync function in FILTER: boolean return
ok 114 - sync function in FILTER: boolean return
  ---
  duration_ms: 8.957059
  type: 'test'
  ...
# Subtest: sync function in BIND: string return becomes an xsd:string literal
ok 115 - sync function in BIND: string return becomes an xsd:string literal
  ---
  duration_ms: 9.477709
  type: 'test'
  ...
# Subtest: sync function in a SELECT expression
ok 116 - sync function in a SELECT expression
  ---
  duration_ms: 14.592456
  type: 'test'
  ...
# Subtest: ASYNC function in FILTER resolves through the trampoline
ok 117 - ASYNC function in FILTER resolves through the trampoline
  ---
  duration_ms: 19.494077
  type: 'test'
  ...
# Subtest: ASYNC function in BIND: term-object return with datatype
ok 118 - ASYNC function in BIND: term-object return with datatype
  ---
  duration_ms: 12.645752
  type: 'test'
  ...
# Subtest: two async functions chain across rounds (nested calls converge)
ok 119 - two async functions chain across rounds (nested calls converge)
  ---
  duration_ms: 12.630029
  type: 'test'
  ...
# Subtest: uri return: function producing an IRI term
ok 120 - uri return: function producing an IRI term
  ---
  duration_ms: 5.66362
  type: 'test'
  ...
# Subtest: throwing / rejecting functions are the §17.6 error, not a crash
ok 121 - throwing / rejecting functions are the §17.6 error, not a crash
  ---
  duration_ms: 8.742361
  type: 'test'
  ...
# Subtest: unregister restores the unknown-IRI error
ok 122 - unregister restores the unknown-IRI error
  ---
  duration_ms: 4.208555
  type: 'test'
  ...
# Subtest: built-ins keep precedence: an xsd cast IRI is never offered to the registry
ok 123 - built-ins keep precedence: an xsd cast IRI is never offered to the registry
  ---
  duration_ms: 2.323452
  type: 'test'
  ...
# Subtest: purity: filter/mapQuads/union/difference do not alter their inputs
ok 124 - purity: filter/mapQuads/union/difference do not alter their inputs
  ---
  duration_ms: 114.840718
  type: 'test'
  ...
# Subtest: purity: FnDataset is frozen and its quad array cannot be mutated
ok 125 - purity: FnDataset is frozen and its quad array cannot be mutated
  ---
  duration_ms: 2.344823
  type: 'test'
  ...
# Subtest: purity: filter output is independent of the input array
ok 126 - purity: filter output is independent of the input array
  ---
  duration_ms: 3.663291
  type: 'test'
  ...
# Subtest: algebra: union with EMPTY is identity
ok 127 - algebra: union with EMPTY is identity
  ---
  duration_ms: 2.985833
  type: 'test'
  ...
# Subtest: algebra: union is idempotent and deduplicates
ok 128 - algebra: union is idempotent and deduplicates
  ---
  duration_ms: 1.189532
  type: 'test'
  ...
# Subtest: algebra: difference with EMPTY is identity, self-difference is EMPTY
ok 129 - algebra: difference with EMPTY is identity, self-difference is EMPTY
  ---
  duration_ms: 1.522756
  type: 'test'
  ...
# Subtest: algebra: union/difference round-trip (a = (a-b) u (a intersect b))
ok 130 - algebra: union/difference round-trip (a = (a-b) u (a intersect b))
  ---
  duration_ms: 2.733449
  type: 'test'
  ...
# Subtest: EMPTY is a genuinely empty, reusable constant
ok 131 - EMPTY is a genuinely empty, reusable constant
  ---
  duration_ms: 0.159556
  type: 'test'
  ...
# Subtest: hash: stable under blank-node relabeling; changes when content changes
ok 132 - hash: stable under blank-node relabeling; changes when content changes
  ---
  duration_ms: 11.033755
  type: 'test'
  ...
# Subtest: hash: memoized (repeated calls on the same FnDataset return the same value fast)
ok 133 - hash: memoized (repeated calls on the same FnDataset return the same value fast)
  ---
  duration_ms: 4.615096
  type: 'test'
  ...
# Subtest: equals: ground (blank-node-free) data uses cheap exact quad-set comparison
ok 134 - equals: ground (blank-node-free) data uses cheap exact quad-set comparison
  ---
  duration_ms: 1.319264
  type: 'test'
  ...
# Subtest: equals: blank-node datasets fall back to canonical-hash equality
ok 135 - equals: blank-node datasets fall back to canonical-hash equality
  ---
  duration_ms: 1.166337
  type: 'test'
  ...
# Subtest: derive: skips recompute when input hash is unchanged, recomputes when it changes
ok 136 - derive: skips recompute when input hash is unchanged, recomputes when it changes
  ---
  duration_ms: 3.228613
  type: 'test'
  ...
# Subtest: derive: non-dataset inputs key by value identity
ok 137 - derive: non-dataset inputs key by value identity
  ---
  duration_ms: 0.197713
  type: 'test'
  ...
# Subtest: builder: accumulates chunks and finish() returns a deduplicated, frozen FnDataset
ok 138 - builder: accumulates chunks and finish() returns a deduplicated, frozen FnDataset
  ---
  duration_ms: 0.228478
  type: 'test'
  ...
# Subtest: builder: addChunk()/finish() reject use after finish()
ok 139 - builder: addChunk()/finish() reject use after finish()
  ---
  duration_ms: 0.300885
  type: 'test'
  ...
# Subtest: fromChunks: consumes an async iterable of quad batches into one FnDataset
ok 140 - fromChunks: consumes an async iterable of quad batches into one FnDataset
  ---
  duration_ms: 0.603464
  type: 'test'
  ...
# Subtest: interop: fromDataset/toDataset round-trips quad content
ok 141 - interop: fromDataset/toDataset round-trips quad content
  ---
  duration_ms: 0.187638
  type: 'test'
  ...
# Subtest: interop: query() accepts an FnDataset and returns Bindings[]
ok 142 - interop: query() accepts an FnDataset and returns Bindings[]
  ---
  duration_ms: 8.261733
  type: 'test'
  ...
# Subtest: interop: query() CONSTRUCT returns an FnDataset
ok 143 - interop: query() CONSTRUCT returns an FnDataset
  ---
  duration_ms: 5.952177
  type: 'test'
  ...
# Subtest: interop: entail() materializes an RDFS closure as an FnDataset
ok 144 - interop: entail() materializes an RDFS closure as an FnDataset
  ---
  duration_ms: 173.824583
  type: 'test'
  ...
# Subtest: interop: entail() accepts lowercase regime aliases
ok 145 - interop: entail() accepts lowercase regime aliases
  ---
  duration_ms: 265.251802
  type: 'test'
  ...
# Subtest: validate: SHACL Core validation returns conforms + a report FnDataset
ok 146 - validate: SHACL Core validation returns conforms + a report FnDataset
  ---
  duration_ms: 13.031714
  type: 'test'
  ...
# Subtest: shex: ShEx validation of one focus node against one shape
ok 147 - shex: ShEx validation of one focus node against one shape
  ---
  duration_ms: 7.087258
  type: 'test'
  ...
# Subtest: fromMapping: evaluates an RML mapping graph against JSON source data
ok 148 - fromMapping: evaluates an RML mapping graph against JSON source data
  ---
  duration_ms: 10.648654
  type: 'test'
  ...
# Subtest: fromCsvw: converts a vendored W3C CSVW fixture into an FnDataset
ok 149 - fromCsvw: converts a vendored W3C CSVW fixture into an FnDataset
  ---
  duration_ms: 13.673445
  type: 'test'
  ...
# Subtest: rif: RIF Core saturation materializes derived triples as an FnDataset
ok 150 - rif: RIF Core saturation materializes derived triples as an FnDataset
  ---
  duration_ms: 9.872003
  type: 'test'
  ...
# Subtest: interop: graphs() enumerates named graphs as FnDatasets
ok 151 - interop: graphs() enumerates named graphs as FnDatasets
  ---
  duration_ms: 1.868959
  type: 'test'
  ...
# Subtest: canonicalize: two blank-node relabelings of the same graph canonicalize identically
ok 152 - canonicalize: two blank-node relabelings of the same graph canonicalize identically
  ---
  duration_ms: 1.87695
  type: 'test'
  ...
# Subtest: pipe: composes async and sync steps left-to-right
ok 153 - pipe: composes async and sync steps left-to-right
  ---
  duration_ms: 0.317531
  type: 'test'
  ...
# Subtest: pipe: with no functions is the identity
ok 154 - pipe: with no functions is the identity
  ---
  duration_ms: 0.141089
  type: 'test'
  ...
# Subtest: pipe: rejects a non-function argument
ok 155 - pipe: rejects a non-function argument
  ---
  duration_ms: 0.402967
  type: 'test'
  ...
# Subtest: queryHdt: SELECT COUNT(*) over the RML-Core HDT fixture is 343
ok 156 - queryHdt: SELECT COUNT(*) over the RML-Core HDT fixture is 343
  ---
  duration_ms: 591.61361
  type: 'test'
  ...
# Subtest: queryHdt: ASK over the same fixture is true
ok 157 - queryHdt: ASK over the same fixture is true
  ---
  duration_ms: 784.931007
  type: 'test'
  ...
# Subtest: queryHdt: SELECT bindings carry real RDF/JS terms (owl:Class labels)
ok 158 - queryHdt: SELECT bindings carry real RDF/JS terms (owl:Class labels)
  ---
  duration_ms: 1087.506905
  type: 'test'
  ...
# Subtest: queryHdt: accepts an ArrayBuffer, not just a Buffer/Uint8Array
ok 159 - queryHdt: accepts an ArrayBuffer, not just a Buffer/Uint8Array
  ---
  duration_ms: 599.280077
  type: 'test'
  ...
# Subtest: queryHdt: CONSTRUCT rejects (SELECT/ASK only over --data-hdt)
ok 160 - queryHdt: CONSTRUCT rejects (SELECT/ASK only over --data-hdt)
  ---
  duration_ms: 0.89764
  type: 'test'
  ...
# Subtest: queryHdt: fn.js re-exports the same function
ok 161 - queryHdt: fn.js re-exports the same function
  ---
  duration_ms: 636.581026
  type: 'test'
  ...
# Subtest: jsonSchemaValidate: {type:"integer"} accepts an integer
ok 162 - jsonSchemaValidate: {type:"integer"} accepts an integer
  ---
  duration_ms: 116.294096
  type: 'test'
  ...
# Subtest: jsonSchemaValidate: {type:"integer"} rejects a string
ok 163 - jsonSchemaValidate: {type:"integer"} rejects a string
  ---
  duration_ms: 0.920153
  type: 'test'
  ...
# Subtest: l4-core parse: ntriples/turtle/nquads/trig round-trip to N-Quads
ok 164 - l4-core parse: ntriples/turtle/nquads/trig round-trip to N-Quads
  ---
  duration_ms: 363.856539
  type: 'test'
  ...
# Subtest: l4-core parse: turtle relative IRI resolves against baseIRI
ok 165 - l4-core parse: turtle relative IRI resolves against baseIRI
  ---
  duration_ms: 0.612428
  type: 'test'
  ...
# Subtest: l4-core parse: turtle fragment IRI resolves against baseIRI
ok 166 - l4-core parse: turtle fragment IRI resolves against baseIRI
  ---
  duration_ms: 0.456907
  type: 'test'
  ...
# Subtest: l4-core query: SELECT returns a typed literal binding
ok 167 - l4-core query: SELECT returns a typed literal binding
  ---
  duration_ms: 19.808753
  type: 'test'
  ...
# Subtest: l4-core query: SELECT with a two-pattern join
ok 168 - l4-core query: SELECT with a two-pattern join
  ---
  duration_ms: 1.352393
  type: 'test'
  ...
# Subtest: l4-core query: ASK true and false
ok 169 - l4-core query: ASK true and false
  ---
  duration_ms: 0.817181
  type: 'test'
  ...
# Subtest: l4-core query: CONSTRUCT returns a Dataset
ok 170 - l4-core query: CONSTRUCT returns a Dataset
  ---
  duration_ms: 3.141854
  type: 'test'
  ...
# Subtest: l4-core query: accepts a Dataset instance as input
ok 171 - l4-core query: accepts a Dataset instance as input
  ---
  duration_ms: 2.430006
  type: 'test'
  ...
# Subtest: l4-core update: INSERT DATA then query sees the triple
ok 172 - l4-core update: INSERT DATA then query sees the triple
  ---
  duration_ms: 3.769925
  type: 'test'
  ...
# Subtest: l4-core serialize({format:'turtle'}) round-trips the graph
ok 173 - l4-core serialize({format:'turtle'}) round-trips the graph
  ---
  duration_ms: 3.005723
  type: 'test'
  ...
# Subtest: l4-core serialize rejects format:'ntriples' (CLI-only path)
ok 174 - l4-core serialize rejects format:'ntriples' (CLI-only path)
  ---
  duration_ms: 0.701379
  type: 'test'
  ...
# Subtest: l4-core canonicalize: isomorphic graphs get identical canonical text
ok 175 - l4-core canonicalize: isomorphic graphs get identical canonical text
  ---
  duration_ms: 2.408387
  type: 'test'
  ...
# Subtest: l4-core coreRdfsClosure infers a type via subClassOf
ok 176 - l4-core coreRdfsClosure infers a type via subClassOf
  ---
  duration_ms: 1.438822
  type: 'test'
  ...
# Subtest: l4-core rhoDfClosure / rdfsPlusClosure return certified envelopes
ok 177 - l4-core rhoDfClosure / rdfsPlusClosure return certified envelopes
  ---
  duration_ms: 4.714594
  type: 'test'
  ...
# Subtest: l4-core coreRdfsCheck / rhoDfFragmentCheck report booleans
ok 178 - l4-core coreRdfsCheck / rhoDfFragmentCheck report booleans
  ---
  duration_ms: 0.67496
  type: 'test'
  ...
# Subtest: l4-core owlClosure mode 'OWL-RL' returns a Dataset superset
ok 179 - l4-core owlClosure mode 'OWL-RL' returns a Dataset superset
  ---
  duration_ms: 31.320266
  type: 'test'
  ...
# Subtest: l4-core owlIsConsistent: true / false / null (budget-out)
ok 180 - l4-core owlIsConsistent: true / false / null (budget-out)
  ---
  duration_ms: 63.45617
  type: 'test'
  ...
# Subtest: l4-core owlEntails: closure yes / refutation no / budget-out null
ok 181 - l4-core owlEntails: closure yes / refutation no / budget-out null
  ---
  duration_ms: 28.718602
  type: 'test'
  ...
# Subtest: l4-core clParse: pureCL true for CL text with no `that` operator
ok 182 - l4-core clParse: pureCL true for CL text with no `that` operator
  ---
  duration_ms: 5.814183
  type: 'test'
  ...
# Subtest: l4-core clParse: pureCL false once the text uses IKL's `that` operator
ok 183 - l4-core clParse: pureCL false once the text uses IKL's `that` operator
  ---
  duration_ms: 3.420857
  type: 'test'
  ...
# Subtest: l4-core clParse: rejects a `that`-term used where a proposition is required
ok 184 - l4-core clParse: rejects a `that`-term used where a proposition is required
  ---
  duration_ms: 0.514662
  type: 'test'
  ...
# Subtest: l4-core clParse: rejects a non-string argument
ok 185 - l4-core clParse: rejects a non-string argument
  ---
  duration_ms: 0.34431
  type: 'test'
  ...
# Subtest: l4-core clSerialize: round-trips CLIF text, surfacing roundTripProved as false (not hidden or defaulted)
ok 186 - l4-core clSerialize: round-trips CLIF text, surfacing roundTripProved as false (not hidden or defaulted)
  ---
  duration_ms: 0.446751
  type: 'test'
  ...
# Subtest: l4-core clSerialize: rejects a non-string argument
ok 187 - l4-core clSerialize: rejects a non-string argument
  ---
  duration_ms: 0.25675
  type: 'test'
  ...
# Subtest: l4-core clAlphaNorm: two alpha-variant sentences normalise to the same text
ok 188 - l4-core clAlphaNorm: two alpha-variant sentences normalise to the same text
  ---
  duration_ms: 5.457394
  type: 'test'
  ...
# Subtest: l4-core clAlphaNorm: rejects a non-string argument
ok 189 - l4-core clAlphaNorm: rejects a non-string argument
  ---
  duration_ms: 0.247467
  type: 'test'
  ...
# Subtest: l4-core clNormalize: a `that`-term reduces to a head/tail pair, with preserves and noIntrusion surfaced
ok 190 - l4-core clNormalize: a `that`-term reduces to a head/tail pair, with preserves and noIntrusion surfaced
  ---
  duration_ms: 4.904355
  type: 'test'
  ...
# Subtest: l4-core clNormalize: rejects a non-string argument
ok 191 - l4-core clNormalize: rejects a non-string argument
  ---
  duration_ms: 0.262389
  type: 'test'
  ...
# Subtest: l4-core capabilities: entry true, shacl false, tableau false
ok 192 - l4-core capabilities: entry true, shacl false, tableau false
  ---
  duration_ms: 0.45231
  type: 'test'
  ...
# Subtest: l4-core shaclValidate rejects with the missing-entry-fn error
ok 193 - l4-core shaclValidate rejects with the missing-entry-fn error
  ---
  duration_ms: 0.339543
  type: 'test'
  ...
# Subtest: l4-core query({entail:'RDFS'}) rejects with the NOT_SUPPORTED text
ok 194 - l4-core query({entail:'RDFS'}) rejects with the NOT_SUPPORTED text
  ---
  duration_ms: 2.388308
  type: 'test'
  ...
# Subtest: l4-core vs F* engine: same join, same row multiset
ok 195 - l4-core vs F* engine: same join, same row multiset
  ---
  duration_ms: 132.474003
  type: 'test'
  ...
# Subtest: l4-core multi-document merge keeps blank-node labels document-scoped
ok 196 - l4-core multi-document merge keeps blank-node labels document-scoped # SKIP
  ---
  duration_ms: 0.106678
  type: 'test'
  ...
# Subtest: l4-core dataset handle: open, query, update, serialize, close
ok 197 - l4-core dataset handle: open, query, update, serialize, close
  ---
  duration_ms: 3.600294
  type: 'test'
  ...
# Subtest: xfail: dataset-handle parse error carries a line/column position (https://github.com/danbri/factoidal/issues/685)
ok 198 - xfail: dataset-handle parse error carries a line/column position (https://github.com/danbri/factoidal/issues/685)
  ---
  duration_ms: 1.868337
  type: 'test'
  ...
# expected failure: expected a positioned error (a line member), same as the F* engine
# Subtest: xfail: dataset handle records prefixes from a Turtle open() (https://github.com/danbri/factoidal/issues/685)
ok 199 - xfail: dataset handle records prefixes from a Turtle open() (https://github.com/danbri/factoidal/issues/685)
  ---
  duration_ms: 0.514261
  type: 'test'
  ...
# expected failure: expected non-empty prefixes on the handle, same as the F* engine
# Subtest: xfail: dataset handle serialize({format:"turtle", literalShorthand:false}) is supported (https://github.com/danbri/factoidal/issues/685)
ok 200 - xfail: dataset handle serialize({format:"turtle", literalShorthand:false}) is supported (https://github.com/danbri/factoidal/issues/685)
  ---
  duration_ms: 0.450057
  type: 'test'
  ...
# expected failure: DatasetHandle.serialize (prefixes/literalShorthand) needs the factoidal-npm-entry bundle, which is not present — pending npm-entry build (formal/fstar/build-ocaml.sh js + npm with bin/npm-entry/entry_
# Subtest: xfail: dataset handle Turtle output prints small integers bare (literal shorthand) by default (https://github.com/danbri/factoidal/issues/685)
ok 201 - xfail: dataset handle Turtle output prints small integers bare (literal shorthand) by default (https://github.com/danbri/factoidal/issues/685)
  ---
  duration_ms: 0.568992
  type: 'test'
  ...
# expected failure: expected the integer to print bare, same as the F* engine; got: @prefix xsd: <http://www.w3.org/2001/XMLSchema\#> .\\n@prefix ns1: <http://x/> .\\n\\nns1:s ns1:p "1"^^xsd:integer .\\n\\n
# Subtest: lite: parses, queries, updates, serialises, opens a handle
ok 202 - lite: parses, queries, updates, serialises, opens a handle
  ---
  duration_ms: 140.568409
  type: 'test'
  ...
# Subtest: lite: capabilities().profile === "lite"
ok 203 - lite: capabilities().profile === "lite"
  ---
  duration_ms: 0.271863
  type: 'test'
  ...
# Subtest: lite: shaclValidate is absent from the export list
ok 204 - lite: shaclValidate is absent from the export list
  ---
  duration_ms: 0.261387
  type: 'test'
  ...
# Subtest: lite: parsing "rdfxml" rejects with the routing error naming the full bundle
ok 205 - lite: parsing "rdfxml" rejects with the routing error naming the full bundle
  ---
  duration_ms: 1.068573
  type: 'test'
  ...
# Subtest: lite: entailment regimes reject -- no CLI bundle in the lite profile
ok 206 - lite: entailment regimes reject -- no CLI bundle in the lite profile
  ---
  duration_ms: 0.692265
  type: 'test'
  ...
# Subtest: lite: engine is "js-lite"
ok 207 - lite: engine is "js-lite"
  ---
  duration_ms: 0.144935
  type: 'test'
  ...
# Subtest: lite: exports the core surface (ParseError, DatasetHandle, Dataset)
ok 208 - lite: exports the core surface (ParseError, DatasetHandle, Dataset)
  ---
  duration_ms: 0.165866
  type: 'test'
  ...
# Subtest: mathmlEval: 2 + 3 = 5/1 (exact rational)
ok 209 - mathmlEval: 2 + 3 = 5/1 (exact rational)
  ---
  duration_ms: 154.329694
  type: 'test'
  ...
# Subtest: mathmlEval: division by zero is undef, not a bogus number
ok 210 - mathmlEval: division by zero is undef, not a bogus number
  ---
  duration_ms: 2.454405
  type: 'test'
  ...
# Subtest: matrixDeterminant: 2x2 determinant is exact
ok 211 - matrixDeterminant: 2x2 determinant is exact
  ---
  duration_ms: 129.315024
  type: 'test'
  ...
# Subtest: matrixDeterminant: non-square is undefined
ok 212 - matrixDeterminant: non-square is undefined
  ---
  duration_ms: 0.806675
  type: 'test'
  ...
# Subtest: matrixScalarProduct: dot product of two 3-vectors
ok 213 - matrixScalarProduct: dot product of two 3-vectors
  ---
  duration_ms: 2.680455
  type: 'test'
  ...
# Subtest: matrixVectorProduct: cross product of unit vectors
ok 214 - matrixVectorProduct: cross product of unit vectors
  ---
  duration_ms: 0.832964
  type: 'test'
  ...
# Subtest: matrixOuterProduct: outer product yields a matrix
ok 215 - matrixOuterProduct: outer product yields a matrix
  ---
  duration_ms: 0.763231
  type: 'test'
  ...
# Subtest: matrixDeterminant: exact rational entries
ok 216 - matrixDeterminant: exact rational entries
  ---
  duration_ms: 0.383348
  type: 'test'
  ...
# Subtest: parse(text, 'ntriples') is parse(text, {format:'ntriples'})
ok 217 - parse(text, 'ntriples') is parse(text, {format:'ntriples'})
  ---
  duration_ms: 85.144168
  type: 'test'
  ...
# Subtest: serialize(ds, 'turtle') is Turtle, not silent N-Quads
ok 218 - serialize(ds, 'turtle') is Turtle, not silent N-Quads
  ---
  duration_ms: 4.449151
  type: 'test'
  ...
# Subtest: openDataset(text, 'ntriples') and handle.serialize('turtle')
ok 219 - openDataset(text, 'ntriples') and handle.serialize('turtle')
  ---
  duration_ms: 2.743598
  type: 'test'
  ...
# Subtest: update, canonicalize and query accept the bare format string
ok 220 - update, canonicalize and query accept the bare format string
  ---
  duration_ms: 21.234621
  type: 'test'
  ...
# Subtest: a non-object, non-string options argument is a TypeError naming the function
ok 221 - a non-object, non-string options argument is a TypeError naming the function
  ---
  duration_ms: 1.462296
  type: 'test'
  ...
# npm notice
# npm notice 📦  @factoidal/core@0.8.0
# npm notice Tarball Contents
# npm notice 44.1kB CHANGELOG.md
# npm notice 11.3kB LICENSE
# npm notice 1.1kB NOTICE
# npm notice 71.4kB README.md
# npm notice 2.4kB api.d.ts
# npm notice 5.2kB api.js
# npm notice 767B api.mjs
# npm notice 4.5kB bin/engine.mjs
# npm notice 6.9kB bin/ext.mjs
# npm notice 47.0kB bin/factoidal.mjs
# npm notice 14.1kB bin/pack-host.mjs
# npm notice 1.3kB bin/pack-worker.mjs
# npm notice 8.9kB bin/pack.mjs
# npm notice 14.8kB bin/store-worker-host.mjs
# npm notice 3.9kB bin/store-worker.mjs
# npm notice 16.2kB bin/store.mjs
# npm notice 33.0kB browser-wasm.js
# npm notice 22.1kB browser.d.ts
# npm notice 103.2kB browser.js
# npm notice 595.3kB factoidal-npm-entry-lite.js
# npm notice 681.3kB factoidal-npm-entry-lite.wasm.assets/code-22cea3515f54660bc1f5.wasm
# npm notice 43.2kB factoidal-npm-entry-lite.wasm.js
# npm notice 1.2MB factoidal-npm-entry.js
# npm notice 1.5MB factoidal-npm-entry.wasm.assets/code-388eb5f8e15768eed5bd.wasm
# npm notice 45.2kB factoidal-npm-entry.wasm.js
# npm notice 1.1MB factoidal.js
# npm notice 1.4MB factoidal.wasm.assets/code-dcb1d1caf3982c81c816.wasm
# npm notice 42.8kB factoidal.wasm.js
# npm notice 17.7kB fn.d.ts
# npm notice 37.0kB fn.js
# npm notice 4.0kB hacl-init.js
# npm notice 30.0kB hacl-wasm/api.js
# npm notice 105.7kB hacl-wasm/api.json
# npm notice 531B hacl-wasm/FStar.wasm
# npm notice 24.7kB hacl-wasm/Hacl_Bignum_Base.wasm
# npm notice 78.4kB hacl-wasm/Hacl_Bignum.wasm
# npm notice 90.9kB hacl-wasm/Hacl_Bignum25519_51.wasm
# npm notice 7.2kB hacl-wasm/Hacl_Curve25519_51.wasm
# npm notice 16.5kB hacl-wasm/Hacl_Ed25519_PrecompTable.wasm
# npm notice 78.4kB hacl-wasm/Hacl_Ed25519.wasm
# npm notice 1.2kB hacl-wasm/Hacl_Hash_Base.wasm
# npm notice 23.7kB hacl-wasm/Hacl_Hash_SHA2.wasm
# npm notice 1.4kB hacl-wasm/Hacl_IntTypes_Intrinsics.wasm
# npm notice 6.7kB hacl-wasm/layouts.json
# npm notice 18.9kB hacl-wasm/loader.js
# npm notice 474B hacl-wasm/LowStar_Endianness.wasm
# npm notice 1.5kB hacl-wasm/shell.js
# npm notice 1.1kB hacl-wasm/WasmSupport.wasm
# npm notice 43.0kB index.d.ts
# npm notice 10.0kB index.js
# npm notice 4.5kB index.mjs
# npm notice 11.7kB l4-assets/l4factoidal.js
# npm notice 64.4kB l4-assets/l4factoidal.mjs
# npm notice 6.4MB l4-assets/l4factoidal.wasm
# npm notice 502B l4-assets/package.json
# npm notice 940B l4-assets/version.json
# npm notice 6.4kB l4-core.d.ts
# npm notice 9.1kB l4-core.js
# npm notice 1.7kB l4.d.ts
# npm notice 4.8kB l4.js
# npm notice 118.2kB lib/api.js
# npm notice 5.8kB lib/engine-js.js
# npm notice 10.3kB lib/engine-wasm.js
# npm notice 5.2kB lite.d.ts
# npm notice 3.6kB lite.js
# npm notice 1.5kB lite.mjs
# npm notice 3.7kB lws/README.md
# npm notice 12.4kB lws/server.mjs
# npm notice 5.0kB package.json
# npm notice 17.8kB rdfjs.js
# npm notice 411B sample-store.d.ts
# npm notice 1.7kB sample-store.mjs
# npm notice 5B sample-store/CURRENT
# npm notice 6.0kB sample-store/gen-1/manifest.sbm2
# npm notice 3.1kB sample-store/gen-1/manifest.tsv
# npm notice 48.6kB sample-store/gen-1/predicate-0.ibk3
# npm notice 32B sample-store/gen-1/predicate-0.ibk3.merkle
# npm notice 5.4kB sample-store/gen-1/predicate-0.ibk3.oli2
# npm notice 32B sample-store/gen-1/predicate-0.ibk3.oli2.merkle
# npm notice 5.4kB sample-store/gen-1/predicate-0.ibk3.sri2
# npm notice 32B sample-store/gen-1/predicate-0.ibk3.sri2.merkle
# npm notice 43.5kB sample-store/gen-1/predicate-0.ibk3.tli1
# npm notice 32B sample-store/gen-1/predicate-0.ibk3.tli1.merkle
# npm notice 48.4kB sample-store/gen-1/predicate-1.ibk3
# npm notice 32B sample-store/gen-1/predicate-1.ibk3.merkle
# npm notice 5.4kB sample-store/gen-1/predicate-1.ibk3.oli2
# npm notice 32B sample-store/gen-1/predicate-1.ibk3.oli2.merkle
# npm notice 5.4kB sample-store/gen-1/predicate-1.ibk3.sri2
# npm notice 32B sample-store/gen-1/predicate-1.ibk3.sri2.merkle
# npm notice 43.4kB sample-store/gen-1/predicate-1.ibk3.tli1
# npm notice 32B sample-store/gen-1/predicate-1.ibk3.tli1.merkle
# npm notice 143.5kB sample-store/gen-1/predicate-2.ibk3
# npm notice 96B sample-store/gen-1/predicate-2.ibk3.merkle
# npm notice 7.8kB sample-store/gen-1/predicate-2.ibk3.oli2
# npm notice 32B sample-store/gen-1/predicate-2.ibk3.oli2.merkle
# npm notice 7.8kB sample-store/gen-1/predicate-2.ibk3.sri2
# npm notice 32B sample-store/gen-1/predicate-2.ibk3.sri2.merkle
# npm notice 141.7kB sample-store/gen-1/predicate-2.ibk3.tli1
# npm notice 96B sample-store/gen-1/predicate-2.ibk3.tli1.merkle
# npm notice 99.2kB sample-store/gen-1/predicate-3.ibk3
# npm notice 64B sample-store/gen-1/predicate-3.ibk3.merkle
# npm notice 5.4kB sample-store/gen-1/predicate-3.ibk3.oli2
# npm notice 32B sample-store/gen-1/predicate-3.ibk3.oli2.merkle
# npm notice 5.4kB sample-store/gen-1/predicate-3.ibk3.sri2
# npm notice 32B sample-store/gen-1/predicate-3.ibk3.sri2.merkle
# npm notice 97.5kB sample-store/gen-1/predicate-3.ibk3.tli1
# npm notice 64B sample-store/gen-1/predicate-3.ibk3.tli1.merkle
# npm notice 48.4kB sample-store/gen-1/predicate-4.ibk3
# npm notice 32B sample-store/gen-1/predicate-4.ibk3.merkle
# npm notice 5.4kB sample-store/gen-1/predicate-4.ibk3.oli2
# npm notice 32B sample-store/gen-1/predicate-4.ibk3.oli2.merkle
# npm notice 5.4kB sample-store/gen-1/predicate-4.ibk3.sri2
# npm notice 32B sample-store/gen-1/predicate-4.ibk3.sri2.merkle
# npm notice 43.4kB sample-store/gen-1/predicate-4.ibk3.tli1
# npm notice 32B sample-store/gen-1/predicate-4.ibk3.tli1.merkle
# npm notice 559B sample-store/gen-1/predicate-5.ibk3
# npm notice 32B sample-store/gen-1/predicate-5.ibk3.merkle
# npm notice 113B sample-store/gen-1/predicate-5.ibk3.oli2
# npm notice 32B sample-store/gen-1/predicate-5.ibk3.oli2.merkle
# npm notice 113B sample-store/gen-1/predicate-5.ibk3.sri2
# npm notice 32B sample-store/gen-1/predicate-5.ibk3.sri2.merkle
# npm notice 633B sample-store/gen-1/predicate-5.ibk3.tli1
# npm notice 32B sample-store/gen-1/predicate-5.ibk3.tli1.merkle
# npm notice 410B sample-store/gen-1/predicate-6.ibk3
# npm notice 32B sample-store/gen-1/predicate-6.ibk3.merkle
# npm notice 113B sample-store/gen-1/predicate-6.ibk3.oli2
# npm notice 32B sample-store/gen-1/predicate-6.ibk3.oli2.merkle
# npm notice 113B sample-store/gen-1/predicate-6.ibk3.sri2
# npm notice 32B sample-store/gen-1/predicate-6.ibk3.sri2.merkle
# npm notice 460B sample-store/gen-1/predicate-6.ibk3.tli1
# npm notice 32B sample-store/gen-1/predicate-6.ibk3.tli1.merkle
# npm notice 456B sample-store/gen-1/predicate-7.ibk3
# npm notice 32B sample-store/gen-1/predicate-7.ibk3.merkle
# npm notice 113B sample-store/gen-1/predicate-7.ibk3.oli2
# npm notice 32B sample-store/gen-1/predicate-7.ibk3.oli2.merkle
# npm notice 113B sample-store/gen-1/predicate-7.ibk3.sri2
# npm notice 32B sample-store/gen-1/predicate-7.ibk3.sri2.merkle
# npm notice 506B sample-store/gen-1/predicate-7.ibk3.tli1
# npm notice 32B sample-store/gen-1/predicate-7.ibk3.tli1.merkle
# npm notice 436B sample-store/gen-1/predicate-8.ibk3
# npm notice 32B sample-store/gen-1/predicate-8.ibk3.merkle
# npm notice 113B sample-store/gen-1/predicate-8.ibk3.oli2
# npm notice 32B sample-store/gen-1/predicate-8.ibk3.oli2.merkle
# npm notice 113B sample-store/gen-1/predicate-8.ibk3.sri2
# npm notice 32B sample-store/gen-1/predicate-8.ibk3.sri2.merkle
# npm notice 486B sample-store/gen-1/predicate-8.ibk3.tli1
# npm notice 32B sample-store/gen-1/predicate-8.ibk3.tli1.merkle
# npm notice 641B sample-store/gen-1/predicate-9.ibk3
# npm notice 32B sample-store/gen-1/predicate-9.ibk3.merkle
# npm notice 113B sample-store/gen-1/predicate-9.ibk3.oli2
# npm notice 32B sample-store/gen-1/predicate-9.ibk3.oli2.merkle
# npm notice 113B sample-store/gen-1/predicate-9.ibk3.sri2
# npm notice 32B sample-store/gen-1/predicate-9.ibk3.sri2.merkle
# npm notice 715B sample-store/gen-1/predicate-9.ibk3.tli1
# npm notice 32B sample-store/gen-1/predicate-9.ibk3.tli1.merkle
# npm notice 11.6kB sample-store/gen-1/predicate-10.ibk3
# npm notice 32B sample-store/gen-1/predicate-10.ibk3.merkle
# npm notice 537B sample-store/gen-1/predicate-10.ibk3.oli2
# npm notice 32B sample-store/gen-1/predicate-10.ibk3.oli2.merkle
# npm notice 537B sample-store/gen-1/predicate-10.ibk3.sri2
# npm notice 32B sample-store/gen-1/predicate-10.ibk3.sri2.merkle
# npm notice 11.7kB sample-store/gen-1/predicate-10.ibk3.tli1
# npm notice 32B sample-store/gen-1/predicate-10.ibk3.tli1.merkle
# npm notice 28.4kB sample-store/gen-1/predicate-11.ibk3
# npm notice 32B sample-store/gen-1/predicate-11.ibk3.merkle
# npm notice 3.4kB sample-store/gen-1/predicate-11.ibk3.oli2
# npm notice 32B sample-store/gen-1/predicate-11.ibk3.oli2.merkle
# npm notice 3.4kB sample-store/gen-1/predicate-11.ibk3.sri2
# npm notice 32B sample-store/gen-1/predicate-11.ibk3.sri2.merkle
# npm notice 25.3kB sample-store/gen-1/predicate-11.ibk3.tli1
# npm notice 32B sample-store/gen-1/predicate-11.ibk3.tli1.merkle
# npm notice 25.3kB sample-store/gen-1/predicate-12.ibk3
# npm notice 32B sample-store/gen-1/predicate-12.ibk3.merkle
# npm notice 3.0kB sample-store/gen-1/predicate-12.ibk3.oli2
# npm notice 32B sample-store/gen-1/predicate-12.ibk3.oli2.merkle
# npm notice 3.0kB sample-store/gen-1/predicate-12.ibk3.sri2
# npm notice 32B sample-store/gen-1/predicate-12.ibk3.sri2.merkle
# npm notice 22.5kB sample-store/gen-1/predicate-12.ibk3.tli1
# npm notice 32B sample-store/gen-1/predicate-12.ibk3.tli1.merkle
# npm notice 5.5kB select.d.ts
# npm notice 23.3kB select.js
# npm notice 11.5kB solid/client/index.mjs
# npm notice 4.2kB solid/client/README.md
# npm notice 11.5kB solid/server/index.mjs
# npm notice 3.7kB solid/server/README.md
# npm notice 7.5kB store-host/deno.mjs
# npm notice 1.9kB store-host/errors.mjs
# npm notice 10.0kB store-host/index.mjs
# npm notice 8.0kB store-host/node.mjs
# npm notice 2.6kB store-host/paths.mjs
# npm notice 7.4kB version.json
# npm notice 4.2kB wasm.d.ts
# npm notice 6.4kB wasm.js
# npm notice Tarball Details
# npm notice name: @factoidal/core
# npm notice version: 0.8.0
# npm notice filename: factoidal-core-0.8.0.tgz
# npm notice package size: 3.5 MB
# npm notice unpacked size: 15.2 MB
# npm notice shasum: 8773c2ab9a36e5e0d144a11cc2dbadb58dab9152
# npm notice integrity: sha512-avRCXZRyHZ2eA[...]Axp9Idie8Jg/w==
# npm notice total files: 193
# npm notice
# [qof3-trace] cottas_ondisk_open path=npmcottas:1
# [qof3-trace] load_handle path=npmcottas:1
# [bet7-trace] build_handle path=npmcottas:1 (lazy open: defer all 4 columns)
# [qof3-trace] build_handle: distinct s=0 p=0 o=0 g=0 total_rows=4
# [qof3-trace] cottas_ondisk_open: handle ready
# [bet7-trace] ensure_graphs_loaded: lazy populate path=npmcottas:1
# [qof3-trace] collect_distinct_graph col=3 path=npmcottas:1
# [qof3-trace] collect_distinct_graph col=3 named_graphs=1 rows=4
# [bet7-trace] ensure_graphs_loaded: 1 distinct graphs
# [qof3-trace] cottas_ondisk_open path=npmcottas:1
# [qof3-trace] load_handle path=npmcottas:1
# [bet7-trace] build_handle path=npmcottas:1 (lazy open: defer all 4 columns)
# [qof3-trace] build_handle: distinct s=0 p=0 o=0 g=0 total_rows=4
# [qof3-trace] cottas_ondisk_open: handle ready
# [bet7-trace] ensure_graphs_loaded: lazy populate path=npmcottas:1
# [qof3-trace] collect_distinct_graph col=3 path=npmcottas:1
# [qof3-trace] collect_distinct_graph col=3 named_graphs=1 rows=4
# [bet7-trace] ensure_graphs_loaded: 1 distinct graphs
# Subtest: pack integrity: npm pack + extract + db API on both engines
ok 222 - pack integrity: npm pack + extract + db API on both engines
  ---
  duration_ms: 2564.669037
  type: 'test'
  ...
# Subtest: parse("this is not turtle") rejects with a positioned ParseError
ok 223 - parse("this is not turtle") rejects with a positioned ParseError
  ---
  duration_ms: 94.506892
  type: 'test'
  ...
# Subtest: a Turtle document missing one "." rejects with a positioned ParseError
ok 224 - a Turtle document missing one "." rejects with a positioned ParseError
  ---
  duration_ms: 5.154836
  type: 'test'
  ...
# Subtest: a relative IRI with no baseIRI rejects with a message mentioning IRI
ok 225 - a relative IRI with no baseIRI rejects with a message mentioning IRI
  ---
  duration_ms: 1.071948
  type: 'test'
  ...
# Subtest: N-Triples syntax errors reject with a positioned ParseError
ok 226 - N-Triples syntax errors reject with a positioned ParseError
  ---
  duration_ms: 0.802659
  type: 'test'
  ...
# Subtest: N-Quads syntax errors reject with a positioned ParseError
ok 227 - N-Quads syntax errors reject with a positioned ParseError
  ---
  duration_ms: 0.660689
  type: 'test'
  ...
# Subtest: TriG syntax errors reject with a positioned ParseError
ok 228 - TriG syntax errors reject with a positioned ParseError
  ---
  duration_ms: 2.162594
  type: 'test'
  ...
# Subtest: RDF/XML syntax errors reject (a message only, no position -- issue \#344)
ok 229 - RDF/XML syntax errors reject (a message only, no position -- issue \#344)
  ---
  duration_ms: 9.202392
  type: 'test'
  ...
# Subtest: {lenient:true} returns the recoverable statements and one diagnostic
ok 230 - {lenient:true} returns the recoverable statements and one diagnostic
  ---
  duration_ms: 8.113428
  type: 'test'
  ...
# Subtest: query('bad text', sparql) rejects the same way
ok 231 - query('bad text', sparql) rejects the same way
  ---
  duration_ms: 1.78216
  type: 'test'
  ...
# Subtest: wasm engine: parse("this is not turtle") gives the same line/column as the js engine
ok 232 - wasm engine: parse("this is not turtle") gives the same line/column as the js engine
  ---
  duration_ms: 75.27961
  type: 'test'
  ...
# Subtest: anonymous blank-node label suffixes follow document order, not sorted/subject order
ok 233 - anonymous blank-node label suffixes follow document order, not sorted/subject order
  ---
  duration_ms: 133.401403
  type: 'test'
  ...
# Subtest: toNQuads() lines are in sorted (canonical) order, not document order
ok 234 - toNQuads() lines are in sorted (canonical) order, not document order
  ---
  duration_ms: 7.438949
  type: 'test'
  ...
# Subtest: DataFactory: namedNode identity and equals
ok 235 - DataFactory: namedNode identity and equals
  ---
  duration_ms: 1.518119
  type: 'test'
  ...
# Subtest: DataFactory: blankNode fresh labels and equals
ok 236 - DataFactory: blankNode fresh labels and equals
  ---
  duration_ms: 0.390538
  type: 'test'
  ...
# Subtest: DataFactory: literal defaults, language, datatype
ok 237 - DataFactory: literal defaults, language, datatype
  ---
  duration_ms: 1.41736
  type: 'test'
  ...
# Subtest: DataFactory: defaultGraph and variable
ok 238 - DataFactory: defaultGraph and variable
  ---
  duration_ms: 0.305303
  type: 'test'
  ...
# Subtest: DataFactory: quad equals (incl. graph) and fromQuad
ok 239 - DataFactory: quad equals (incl. graph) and fromQuad
  ---
  duration_ms: 0.386743
  type: 'test'
  ...
# Subtest: termFromSrj covers uri/bnode/literal shapes
ok 240 - termFromSrj covers uri/bnode/literal shapes
  ---
  duration_ms: 0.290109
  type: 'test'
  ...
# Subtest: termToNQuads tokens match the F* serializer rules
ok 241 - termToNQuads tokens match the F* serializer rules
  ---
  duration_ms: 0.381976
  type: 'test'
  ...
# Subtest: N-Quads round-trip: quads -> text -> quads
ok 242 - N-Quads round-trip: quads -> text -> quads
  ---
  duration_ms: 1.099559
  type: 'test'
  ...
# Subtest: nquadsToQuads handles UCHAR escapes and comments
ok 243 - nquadsToQuads handles UCHAR escapes and comments
  ---
  duration_ms: 0.514012
  type: 'test'
  ...
# Subtest: nquadsToQuads blankNodePrefix keeps documents apart
ok 244 - nquadsToQuads blankNodePrefix keeps documents apart
  ---
  duration_ms: 0.681059
  type: 'test'
  ...
# Subtest: Dataset: DatasetCore contract (size/add/delete/has/match/iterate)
ok 245 - Dataset: DatasetCore contract (size/add/delete/has/match/iterate)
  ---
  duration_ms: 0.564837
  type: 'test'
  ...
# Subtest: Dataset: toNQuads / fromNQuads round-trip
ok 246 - Dataset: toNQuads / fromNQuads round-trip
  ---
  duration_ms: 0.327866
  type: 'test'
  ...
# Subtest: schematronValidate: failing assert produces a finding
ok 247 - schematronValidate: failing assert produces a finding
  ---
  duration_ms: 97.669075
  type: 'test'
  ...
# Subtest: schematronValidate: satisfied assert produces no assert-fail
ok 248 - schematronValidate: satisfied assert produces no assert-fail
  ---
  duration_ms: 1.942147
  type: 'test'
  ...
# Subtest: BACKENDS lists exactly the five owner-ruled values
ok 249 - BACKENDS lists exactly the five owner-ruled values
  ---
  duration_ms: 2.269091
  type: 'test'
  ...
# Subtest: createSelector rejects an unknown backend
ok 250 - createSelector rejects an unknown backend
  ---
  duration_ms: 0.673217
  type: 'test'
  ...
# Subtest: capabilityTable is derived from live capabilities(), not hand-written
ok 251 - capabilityTable is derived from live capabilities(), not hand-written
  ---
  duration_ms: 387.245917
  type: 'test'
  ...
# Subtest: capabilityTable: clParse is Lean-only -- lean true, fstar false
ok 252 - capabilityTable: clParse is Lean-only -- lean true, fstar false
  ---
  duration_ms: 1.816451
  type: 'test'
  ...
# Subtest: capabilityTable: clSerialize/clAlphaNorm/clNormalize are Lean-only too
ok 253 - capabilityTable: clSerialize/clAlphaNorm/clNormalize are Lean-only too
  ---
  duration_ms: 4.496251
  type: 'test'
  ...
# Subtest: backend 'lean': answers from Lean and is observable as engine:'lean'
ok 254 - backend 'lean': answers from Lean and is observable as engine:'lean'
  ---
  duration_ms: 8.283421
  type: 'test'
  ...
# Subtest: backend 'fstar': answers from F* and is observable as engine:'fstar'
ok 255 - backend 'fstar': answers from F* and is observable as engine:'fstar'
  ---
  duration_ms: 6.100787
  type: 'test'
  ...
# Subtest: backend 'lean1st': answers from Lean when Lean implements the fn
ok 256 - backend 'lean1st': answers from Lean when Lean implements the fn
  ---
  duration_ms: 0.622332
  type: 'test'
  ...
# Subtest: backend 'lean1st': falls through to F* when Lean does not implement the fn
ok 257 - backend 'lean1st': falls through to F* when Lean does not implement the fn
  ---
  duration_ms: 24.326916
  type: 'test'
  ...
# Subtest: backend 'fstar1st': answers from F* when F* implements the fn (it always does here)
ok 258 - backend 'fstar1st': answers from F* when F* implements the fn (it always does here)
  ---
  duration_ms: 6.434873
  type: 'test'
  ...
# Subtest: backend 'fstar1st': falls through to Lean via the mirror path
ok 259 - backend 'fstar1st': falls through to Lean via the mirror path
  ---
  duration_ms: 0.685065
  type: 'test'
  ...
# Subtest: backend 'lean' throws (never falls back to F*) for a function Lean does not implement
ok 260 - backend 'lean' throws (never falls back to F*) for a function Lean does not implement
  ---
  duration_ms: 0.471288
  type: 'test'
  ...
# Subtest: backend 'fstar' throws (never falls back to Lean) for a function it does not implement
ok 261 - backend 'fstar' throws (never falls back to Lean) for a function it does not implement
  ---
  duration_ms: 0.244953
  type: 'test'
  ...
# Subtest: lean1st overrideFns (instance-level) routes named functions to F* even though Lean supports them
ok 262 - lean1st overrideFns (instance-level) routes named functions to F* even though Lean supports them
  ---
  duration_ms: 24.82227
  type: 'test'
  ...
# Subtest: lean1st overrideFns (per-call) beats the instance default for that one call only
ok 263 - lean1st overrideFns (per-call) beats the instance default for that one call only
  ---
  duration_ms: 4.486626
  type: 'test'
  ...
# Subtest: per-call backend override beats the instance default (the "fn flavour" requirement)
ok 264 - per-call backend override beats the instance default (the "fn flavour" requirement)
  ---
  duration_ms: 3.513214
  type: 'test'
  ...
# Subtest: slowcompareboth throws when only one engine supports the function
ok 265 - slowcompareboth throws when only one engine supports the function
  ---
  duration_ms: 0.281337
  type: 'test'
  ...
# Subtest: slowcompareboth: agreeing parse -- RDFC-1.0 isomorphism, agree:true
ok 266 - slowcompareboth: agreeing parse -- RDFC-1.0 isomorphism, agree:true
  ---
  duration_ms: 1.792235
  type: 'test'
  ...
# Subtest: slowcompareboth: agreeing SELECT query -- bag-of-bindings, agree:true
ok 267 - slowcompareboth: agreeing SELECT query -- bag-of-bindings, agree:true
  ---
  duration_ms: 14.008606
  type: 'test'
  ...
# Subtest: slowcompareboth: agreeing ASK query -- strict-equality, agree:true
ok 268 - slowcompareboth: agreeing ASK query -- strict-equality, agree:true
  ---
  duration_ms: 5.02264
  type: 'test'
  ...
# Subtest: slowcompareboth: a CONTRIVED disagreement is reported (agree:false), not thrown
ok 269 - slowcompareboth: a CONTRIVED disagreement is reported (agree:false), not thrown
  ---
  duration_ms: 0.419512
  type: 'test'
  ...
# Subtest: slowcompareboth: blank-node relabeling does not itself cause a false disagreement
ok 270 - slowcompareboth: blank-node relabeling does not itself cause a false disagreement
  ---
  duration_ms: 4.096318
  type: 'test'
  ...
# Subtest: backend 'lean': clParse answers with the parse envelope
ok 271 - backend 'lean': clParse answers with the parse envelope
  ---
  duration_ms: 3.408619
  type: 'test'
  ...
# Subtest: backend 'fstar': clParse throws (never falls back to Lean) -- formal/fstar has no CL/IKL parser
ok 272 - backend 'fstar': clParse throws (never falls back to Lean) -- formal/fstar has no CL/IKL parser
  ---
  duration_ms: 0.302598
  type: 'test'
  ...
# Subtest: backend 'fstar1st': clParse falls through to Lean, since F* never implements it
ok 273 - backend 'fstar1st': clParse falls through to Lean, since F* never implements it
  ---
  duration_ms: 0.343439
  type: 'test'
  ...
# Subtest: backend 'slowcompareboth': clParse fails the capability precondition, not a silent one-sided answer
ok 274 - backend 'slowcompareboth': clParse fails the capability precondition, not a silent one-sided answer
  ---
  duration_ms: 0.275258
  type: 'test'
  ...
# Subtest: backend 'lean': clSerialize answers with the serialize envelope, roundTripProved surfaced as false
ok 275 - backend 'lean': clSerialize answers with the serialize envelope, roundTripProved surfaced as false
  ---
  duration_ms: 0.481453
  type: 'test'
  ...
# Subtest: backend 'fstar': clSerialize throws (never falls back to Lean) -- formal/fstar has no CL/IKL parser
ok 276 - backend 'fstar': clSerialize throws (never falls back to Lean) -- formal/fstar has no CL/IKL parser
  ---
  duration_ms: 0.250992
  type: 'test'
  ...
# Subtest: backend 'fstar1st': clSerialize falls through to Lean, since F* never implements it
ok 277 - backend 'fstar1st': clSerialize falls through to Lean, since F* never implements it
  ---
  duration_ms: 0.369898
  type: 'test'
  ...
# Subtest: backend 'slowcompareboth': clSerialize fails the capability precondition, not a silent one-sided answer
ok 278 - backend 'slowcompareboth': clSerialize fails the capability precondition, not a silent one-sided answer
  ---
  duration_ms: 0.2561
  type: 'test'
  ...
# Subtest: query() rejects x-ikl-* entail regimes (F* engine)
ok 279 - query() rejects x-ikl-* entail regimes (F* engine)
  ---
  duration_ms: 1.108612
  type: 'test'
  ...
# Subtest: query() rejects x-ikl-* entail regimes case-insensitively (Lean engine)
ok 280 - query() rejects x-ikl-* entail regimes case-insensitively (Lean engine)
  ---
  duration_ms: 0.818873
  type: 'test'
  ...
# Subtest: fn.js entail() refuses x-ikl-* as not implemented, before it reaches the engine
ok 281 - fn.js entail() refuses x-ikl-* as not implemented, before it reaches the engine
  ---
  duration_ms: 1.082984
  type: 'test'
  ...
# Subtest: select query() propagates the x-ikl-* rejection
ok 282 - select query() propagates the x-ikl-* rejection
  ---
  duration_ms: 0.268228
  type: 'test'
  ...
# Subtest: compareValues compares bindings as a BAG: duplicate rows are significant
ok 283 - compareValues compares bindings as a BAG: duplicate rows are significant
  ---
  duration_ms: 0.410388
  type: 'test'
  ...
# Subtest: serialize(..., {format:'turtle'}) emits prefix-compacted Turtle
ok 284 - serialize(..., {format:'turtle'}) emits prefix-compacted Turtle
  ---
  duration_ms: 120.050881
  type: 'test'
  ...
# Subtest: serialize rejects an unknown output format
ok 285 - serialize rejects an unknown output format
  ---
  duration_ms: 0.671024
  type: 'test'
  ...
# Subtest: serialize turtle: caller prefixes appear as given
ok 286 - serialize turtle: caller prefixes appear as given
  ---
  duration_ms: 1.945071
  type: 'test'
  ...
# Subtest: serialize turtle: unused caller prefixes are not emitted
ok 287 - serialize turtle: unused caller prefixes are not emitted
  ---
  duration_ms: 2.035876
  type: 'test'
  ...
# Subtest: serialize turtle: auto ns1: labels skip caller labels already in use
ok 288 - serialize turtle: auto ns1: labels skip caller labels already in use
  ---
  duration_ms: 1.448957
  type: 'test'
  ...
# Subtest: serialize turtle: literal shorthand is on by default (220.0, true print bare)
ok 289 - serialize turtle: literal shorthand is on by default (220.0, true print bare)
  ---
  duration_ms: 3.378164
  type: 'test'
  ...
# Subtest: serialize turtle: literalShorthand:false turns off the bare-literal printing
ok 290 - serialize turtle: literalShorthand:false turns off the bare-literal printing
  ---
  duration_ms: 2.280938
  type: 'test'
  ...
# Subtest: serialize turtle: parse-then-serialize keeps the source prefixes
ok 291 - serialize turtle: parse-then-serialize keeps the source prefixes
  ---
  duration_ms: 4.45563
  type: 'test'
  ...
# Subtest: xfail: serialize turtle: no unused @prefix xsd: when shorthand elides every typed literal (https://github.com/danbri/factoidal/issues/691)
ok 292 - xfail: serialize turtle: no unused @prefix xsd: when shorthand elides every typed literal (https://github.com/danbri/factoidal/issues/691)
  ---
  duration_ms: 4.486917
  type: 'test'
  ...
# expected failure: so no xsd: declaration is emitted
# Subtest: toanSummation: sum_{i=1}^{4} (x + i*y) = 4x + 10y
ok 293 - toanSummation: sum_{i=1}^{4} (x + i*y) = 4x + 10y
  ---
  duration_ms: 128.911777
  type: 'test'
  ...
# Subtest: toanProduct: product_{i=1}^{3} i = 6
ok 294 - toanProduct: product_{i=1}^{3} i = 6
  ---
  duration_ms: 0.624635
  type: 'test'
  ...
# Subtest: toanSimplify: 2 + 3 collapses to 5
ok 295 - toanSimplify: 2 + 3 collapses to 5
  ---
  duration_ms: 0.725014
  type: 'test'
  ...
# Subtest: toanDiff: d/dx (x*x) mentions x
ok 296 - toanDiff: d/dx (x*x) mentions x
  ---
  duration_ms: 1.056255
  type: 'test'
  ...
# Subtest: toanSubst: (x + 1)[x := 4] mentions 4
ok 297 - toanSubst: (x + 1)[x := 4] mentions 4
  ---
  duration_ms: 0.728719
  type: 'test'
  ...
# Subtest: typed VC surface (index.js vc*): auto-init + round-trip + tamper
    # Subtest: vcSha256Hex returns the hex digest string (FIPS 180-4 abc)
    ok 1 - vcSha256Hex returns the hex digest string (FIPS 180-4 abc)
      ---
      duration_ms: 34.750277
      type: 'test'
      ...
    # Subtest: Ed25519 derive/sign/verify round-trip (RFC 8032 vector), typed values
    ok 2 - Ed25519 derive/sign/verify round-trip (RFC 8032 vector), typed values
      ---
      duration_ms: 30.478054
      type: 'test'
      ...
    # Subtest: Ed25519 verify rejects tamper / wrong key (security)
    ok 3 - Ed25519 verify rejects tamper / wrong key (security)
      ---
      duration_ms: 12.552255
      type: 'test'
      ...
    # Subtest: eddsa-rdfc-2022 create + verify over canonical inputs, typed values
    ok 4 - eddsa-rdfc-2022 create + verify over canonical inputs, typed values
      ---
      duration_ms: 44.457917
      type: 'test'
      ...
    1..4
ok 298 - typed VC surface (index.js vc*): auto-init + round-trip + tamper
  ---
  duration_ms: 218.139173
  type: 'test'
  ...
# Subtest: typed VC surface: input validation throws a TypeError before any engine call
ok 299 - typed VC surface: input validation throws a TypeError before any engine call
  ---
  duration_ms: 0.832834
  type: 'test'
  ...
# Subtest: VC crypto over HACL* wasm (Node)
    # Subtest: SHA-256 matches FIPS 180-4 (abc)
    ok 1 - SHA-256 matches FIPS 180-4 (abc)
      ---
      duration_ms: 2.58497
      type: 'test'
      ...
    # Subtest: Ed25519 reproduces RFC 8032 vectors (pubkey, sign, verify)
    ok 2 - Ed25519 reproduces RFC 8032 vectors (pubkey, sign, verify)
      ---
      duration_ms: 41.50977
      type: 'test'
      ...
    # Subtest: Ed25519 verify rejects tamper / wrong key (security)
    ok 3 - Ed25519 verify rejects tamper / wrong key (security)
      ---
      duration_ms: 12.829074
      type: 'test'
      ...
    # Subtest: eddsa-rdfc-2022 roundtrip over canonical inputs (mirrors vc_runner)
    ok 4 - eddsa-rdfc-2022 roundtrip over canonical inputs (mirrors vc_runner)
      ---
      duration_ms: 49.00987
      type: 'test'
      ...
    1..4
ok 300 - VC crypto over HACL* wasm (Node)
  ---
  duration_ms: 258.149733
  type: 'test'
  ...
# Subtest: wasm parity: parse produces the same N-Quads
ok 301 - wasm parity: parse produces the same N-Quads
  ---
  duration_ms: 194.156829
  type: 'test'
  ...
# Subtest: wasm parity: SELECT bindings match
ok 302 - wasm parity: SELECT bindings match
  ---
  duration_ms: 26.994128
  type: 'test'
  ...
# Subtest: wasm parity: ASK matches
ok 303 - wasm parity: ASK matches
  ---
  duration_ms: 8.477242
  type: 'test'
  ...
# Subtest: xformsRecalc: constant calculate writes the leaf
ok 304 - xformsRecalc: constant calculate writes the leaf
  ---
  duration_ms: 128.593671
  type: 'test'
  ...
# Subtest: xformsRecalc: no binds leaves the instance well-formed
ok 305 - xformsRecalc: no binds leaves the instance well-formed
  ---
  duration_ms: 3.651232
  type: 'test'
  ...
# Subtest: xsltTransform: value-of into a literal result element
ok 306 - xsltTransform: value-of into a literal result element
  ---
  duration_ms: 98.963134
  type: 'test'
  ...
# Subtest: xsltTransform: identity-style xsl:copy-of
ok 307 - xsltTransform: identity-style xsl:copy-of
  ---
  duration_ms: 2.236121
  type: 'test'
  ...
# Subtest: xsltTransform: rejects malformed XML
ok 308 - xsltTransform: rejects malformed XML
  ---
  duration_ms: 1.236571
  type: 'test'
  ...
1..308
# tests 316
# suites 0
# pass 314
# fail 0
# cancelled 0
# skipped 2
# todo 0
# duration_ms 5635.443038
