Closure regime: RL
Closure semantics: DIRECT (default)
OWL 2 test catalog: third_party/testing/owl/syntax-dl.rdf
  parsed 7958 triples in 0.36s
Totals: 323 test cases
  PositiveEntailmentTest:    90
  NegativeEntailmentTest:    16
  ConsistencyTest:           214
  InconsistencyTest:         104
  ProfileIdentificationTest: 319

Running 323 species-annotated test case(s) through OWL2_SyntaxDL.species_is_dl (F*-extracted)...
  PASS: Consistent Datatype restrictions with Different Types [species] verdict=DL expected=DL
  PASS: Consistent owl:real range with DataOneOf [species] verdict=DL expected=DL
  PASS: Consistent-but-all-unsat [species] verdict=DL expected=DL
  PASS: Consistent-dateTime [species] verdict=DL expected=DL
  PASS: Contradicting datatype Restrictions [species] verdict=DL expected=DL
  PASS: Contradicting-dateTime-restrictions [species] verdict=DL expected=DL
  PASS: Datatype-DataComplementOf-001 [species] verdict=DL expected=DL
  PASS: Datatype-Float-Discrete-001 [species] verdict=DL expected=DL
  PASS: Different types in Datatype Restrictions and Complement [species] verdict=DL expected=DL
  PASS: DisjointClasses-001 [species] verdict=DL expected=DL
  PASS: DisjointClasses-002 [species] verdict=DL expected=DL
  PASS: DisjointClasses-003 [species] verdict=DL expected=DL
  PASS: FS2RDF-different-individuals-2-annotation-ar [species] verdict=DL expected=DL
  PASS: FS2RDF-different-individuals-2-ar [species] verdict=DL expected=DL
  PASS: FS2RDF-different-individuals-3-annotation-ar [species] verdict=DL expected=DL
  PASS: FS2RDF-different-individuals-3-ar [species] verdict=DL expected=DL
  PASS: FS2RDF-disjoint-classes-2-annotation-ar [species] verdict=DL expected=DL
  PASS: FS2RDF-disjoint-classes-2-ar [species] verdict=DL expected=DL
  PASS: FS2RDF-disjoint-classes-3-annotation-ar [species] verdict=DL expected=DL
  PASS: FS2RDF-disjoint-classes-3-ar [species] verdict=DL expected=DL
  PASS: FS2RDF-domain-range-expression-ar [species] verdict=DL expected=DL
  PASS: FS2RDF-domain-range-simple-ar [species] verdict=DL expected=DL
  PASS: FS2RDF-equivalent-classes-2-annotation-ar [species] verdict=DL expected=DL
  PASS: FS2RDF-equivalent-classes-2-ar [species] verdict=DL expected=DL
  PASS: FS2RDF-equivalent-classes-3-annotation-ar [species] verdict=DL expected=DL
  PASS: FS2RDF-equivalent-classes-3-ar [species] verdict=DL expected=DL
  FAIL: FS2RDF-literals-ar [species] verdict=FULL expected=DL
      violation: premise: reserved-vocabulary-as-datatype: http://www.w3.org/2001/XMLSchema#datetime
      violation: premise: reserved-vocabulary-as-datatype: http://www.w3.org/2001/XMLSchema#unsignedint
      violation: premise: reserved-vocabulary-as-datatype: http://www.w3.org/2001/XMLSchema#negativeinteger
      violation: premise: reserved-vocabulary-as-datatype: http://www.w3.org/2001/XMLSchema#anyuri
      violation: premise: reserved-vocabulary-as-datatype: http://www.w3.org/2001/XMLSchema#unsignedshort
  PASS: FS2RDF-negative-property-assertion-ar [species] verdict=DL expected=DL
  PASS: FS2RDF-no-builtin-prefixes-ar [species] verdict=DL expected=DL
  PASS: FS2RDF-ontology-annotation-annotation-ar [species] verdict=DL expected=DL
  PASS: FS2RDF-property-attributes-ar [species] verdict=DL expected=DL
  PASS: FS2RDF-propertychain-2-annotated-ar [species] verdict=DL expected=DL
  PASS: FS2RDF-propertychain-2-ar [species] verdict=DL expected=DL
  PASS: FS2RDF-same-individual-2-annotation-ar [species] verdict=DL expected=DL
  PASS: FS2RDF-same-individual-2-ar [species] verdict=DL expected=DL
  PASS: FS2RDF-same-individual-3-annotation-ar [species] verdict=DL expected=DL
  PASS: Footnote-not-about-self [species] verdict=DL expected=DL
  PASS: Inconsistent Byte Filler [species] verdict=DL expected=DL
  PASS: Inconsistent Data Complement with the Restrictions [species] verdict=DL expected=DL
  PASS: Inconsistent Disjoint Dataproperties [species] verdict=DL expected=DL
  PASS: Inconsistent String Pattern with Disjoint Dataproperties [species] verdict=DL expected=DL
  PASS: Minus Infinity is not in owl:real [species] verdict=DL expected=DL
  PASS: New-Feature-AnnotationAnnotations-001 [species] verdict=DL expected=DL
  PASS: New-Feature-AsymmetricProperty-001 [species] verdict=DL expected=DL
  PASS: New-Feature-AxiomAnnotations-001 [species] verdict=DL expected=DL
  PASS: New-Feature-BottomDataProperty-001 [species] verdict=DL expected=DL
  PASS: New-Feature-BottomObjectProperty-001 [species] verdict=DL expected=DL
  PASS: New-Feature-DataQCR-001 [species] verdict=DL expected=DL
  PASS: New-Feature-DisjointDataProperties-001 [species] verdict=DL expected=DL
  PASS: New-Feature-DisjointDataProperties-002 [species] verdict=DL expected=DL
  PASS: New-Feature-DisjointObjectProperties-001 [species] verdict=DL expected=DL
  PASS: New-Feature-DisjointObjectProperties-002 [species] verdict=DL expected=DL
  PASS: New-Feature-DisjointUnion-001 [species] verdict=DL expected=DL
  PASS: New-Feature-IrreflexiveProperty-001 [species] verdict=DL expected=DL
  PASS: New-Feature-Keys-001 [species] verdict=DL expected=DL
  PASS: New-Feature-Keys-002 [species] verdict=DL expected=DL
  PASS: New-Feature-Keys-003 [species] verdict=DL expected=DL
  PASS: New-Feature-Keys-004 [species] verdict=DL expected=DL
  PASS: New-Feature-Keys-005 [species] verdict=DL expected=DL
  PASS: New-Feature-Keys-006 [species] verdict=DL expected=DL
  PASS: New-Feature-Keys-007 [species] verdict=DL expected=DL
  PASS: New-Feature-NegativeDataPropertyAssertion-001 [species] verdict=DL expected=DL
  PASS: New-Feature-NegativeObjectPropertyAssertion-001 [species] verdict=DL expected=DL
  PASS: New-Feature-ObjectPropertyChain-001 [species] verdict=DL expected=DL
  PASS: New-Feature-ObjectPropertyChain-BJP-002 [species] verdict=DL expected=DL
  PASS: New-Feature-ObjectPropertyChain-BJP-003 [species] verdict=DL expected=DL
  PASS: New-Feature-ObjectPropertyChain-BJP-004 [species] verdict=DL expected=DL
  PASS: New-Feature-ObjectQCR-001 [species] verdict=DL expected=DL
  PASS: New-Feature-ObjectQCR-002 [species] verdict=DL expected=DL
  PASS: New-Feature-Rational-001 [species] verdict=DL expected=DL
  PASS: New-Feature-Rational-002 [species] verdict=DL expected=DL
  PASS: New-Feature-Rational-003 [species] verdict=DL expected=DL
  PASS: New-Feature-ReflexiveProperty-001 [species] verdict=DL expected=DL
  PASS: New-Feature-SelfRestriction-001 [species] verdict=DL expected=DL
  PASS: New-Feature-SelfRestriction-002 [species] verdict=DL expected=DL
  PASS: New-Feature-TopObjectProperty-001 [species] verdict=DL expected=DL
  PASS: Plus and Minus Zero Integer [species] verdict=DL expected=DL
  PASS: Plus and Minus Zero are Distinct [species] verdict=DL expected=DL
  SKIP: Qualified-cardinality-boolean [species] functional-syntax-only premise outside Parser_OWLFunctional's subset
  SKIP: Qualified-cardinality-restricted-int [species] functional-syntax-only premise outside Parser_OWLFunctional's subset
  PASS: WebOnt-AnnotationProperty-002 [species] verdict=DL expected=DL
  PASS: WebOnt-AnnotationProperty-003 [species] verdict=DL expected=DL
  PASS: WebOnt-AnnotationProperty-004 [species] verdict=DL expected=DL
  PASS: WebOnt-Class-005 [species] verdict=DL expected=DL
  PASS: WebOnt-Class-005-direct [species] verdict=DL expected=DL
  PASS: WebOnt-I4.5-001 [species] verdict=DL expected=DL
  PASS: WebOnt-I4.5-002 [species] verdict=DL expected=DL
  PASS: WebOnt-I4.6-003 [species] verdict=DL expected=DL
  PASS: WebOnt-I4.6-004 [species] verdict=DL expected=DL
  PASS: WebOnt-I4.6-005 [species] verdict=DL expected=DL
  PASS: WebOnt-I4.6-005-Direct [species] verdict=DL expected=DL
  PASS: WebOnt-I5.2-001 [species] verdict=DL expected=DL
  PASS: WebOnt-I5.2-002 [species] verdict=DL expected=DL
  PASS: WebOnt-I5.2-003 [species] verdict=DL expected=DL
  PASS: WebOnt-I5.2-004 [species] verdict=DL expected=DL
  PASS: WebOnt-I5.2-005 [species] verdict=DL expected=DL
  PASS: WebOnt-I5.2-006 [species] verdict=DL expected=DL
  PASS: WebOnt-I5.21-002 [species] verdict=DL expected=DL
  PASS: WebOnt-I5.24-003 [species] verdict=DL expected=DL
  PASS: WebOnt-I5.24-004 [species] verdict=DL expected=DL
  PASS: WebOnt-I5.26-001 [species] verdict=DL expected=DL
  PASS: WebOnt-I5.26-002 [species] verdict=DL expected=DL
  PASS: WebOnt-I5.26-003 [species] verdict=DL expected=DL
  PASS: WebOnt-I5.26-004 [species] verdict=DL expected=DL
  PASS: WebOnt-I5.26-005 [species] verdict=DL expected=DL
  PASS: WebOnt-I5.26-009 [species] verdict=DL expected=DL
  PASS: WebOnt-I5.26-010 [species] verdict=DL expected=DL
  PASS: WebOnt-I5.3-006 [species] verdict=DL expected=DL
  PASS: WebOnt-I5.3-008 [species] verdict=DL expected=DL
  PASS: WebOnt-I5.3-010 [species] verdict=DL expected=DL
  PASS: WebOnt-I5.3-011 [species] verdict=DL expected=DL
  FAIL: WebOnt-I5.5-005 [species] verdict=FULL expected=DL
      violation: conclusion: no-ontology-header
  PASS: WebOnt-I5.8-001 [species] verdict=DL expected=DL
  PASS: WebOnt-I5.8-002 [species] verdict=DL expected=DL
  PASS: WebOnt-I5.8-003 [species] verdict=DL expected=DL
  PASS: WebOnt-I5.8-004 [species] verdict=DL expected=DL
  PASS: WebOnt-I5.8-005 [species] verdict=DL expected=DL
  PASS: WebOnt-I5.8-006 [species] verdict=DL expected=DL
  PASS: WebOnt-I5.8-007 [species] verdict=DL expected=DL
  PASS: WebOnt-I5.8-008 [species] verdict=DL expected=DL
  PASS: WebOnt-I5.8-009 [species] verdict=DL expected=DL
  PASS: WebOnt-I5.8-010 [species] verdict=DL expected=DL
  PASS: WebOnt-I5.8-011 [species] verdict=DL expected=DL
  PASS: WebOnt-Nothing-001 [species] verdict=DL expected=DL
  PASS: WebOnt-Ontology-001 [species] verdict=DL expected=DL
  PASS: WebOnt-Restriction-001 [species] verdict=DL expected=DL
  PASS: WebOnt-Restriction-002 [species] verdict=DL expected=DL
  PASS: WebOnt-Restriction-003 [species] verdict=DL expected=DL
  PASS: WebOnt-Restriction-004 [species] verdict=DL expected=DL
  PASS: WebOnt-Restriction-005 [species] verdict=DL expected=DL
  PASS: WebOnt-Restriction-005-direct [species] verdict=DL expected=DL
  PASS: WebOnt-SymmetricProperty-002 [species] verdict=DL expected=DL
  PASS: WebOnt-Thing-003 [species] verdict=DL expected=DL
  PASS: WebOnt-Thing-004 [species] verdict=DL expected=DL
  PASS: WebOnt-Thing-005 [species] verdict=DL expected=DL
  PASS: WebOnt-TransitiveProperty-002 [species] verdict=DL expected=DL
  PASS: WebOnt-allValuesFrom-001 [species] verdict=DL expected=DL
  PASS: WebOnt-allValuesFrom-002 [species] verdict=DL expected=DL
  PASS: WebOnt-backwardCompatibleWith-002 [species] verdict=DL expected=DL
  PASS: WebOnt-cardinality-001 [species] verdict=DL expected=DL
  PASS: WebOnt-cardinality-002 [species] verdict=DL expected=DL
  PASS: WebOnt-cardinality-003 [species] verdict=DL expected=DL
  PASS: WebOnt-cardinality-004 [species] verdict=DL expected=DL
  PASS: WebOnt-description-logic-001 [species] verdict=DL expected=DL
  PASS: WebOnt-description-logic-002 [species] verdict=DL expected=DL
  PASS: WebOnt-description-logic-003 [species] verdict=DL expected=DL
  PASS: WebOnt-description-logic-004 [species] verdict=DL expected=DL
  PASS: WebOnt-description-logic-005 [species] verdict=DL expected=DL
  PASS: WebOnt-description-logic-006 [species] verdict=DL expected=DL
  PASS: WebOnt-description-logic-007 [species] verdict=DL expected=DL
  PASS: WebOnt-description-logic-008 [species] verdict=DL expected=DL
  PASS: WebOnt-description-logic-009 [species] verdict=DL expected=DL
  PASS: WebOnt-description-logic-010 [species] verdict=DL expected=DL
  PASS: WebOnt-description-logic-011 [species] verdict=DL expected=DL
  PASS: WebOnt-description-logic-012 [species] verdict=DL expected=DL
  PASS: WebOnt-description-logic-013 [species] verdict=DL expected=DL
  PASS: WebOnt-description-logic-014 [species] verdict=DL expected=DL
  PASS: WebOnt-description-logic-015 [species] verdict=DL expected=DL
  PASS: WebOnt-description-logic-016 [species] verdict=DL expected=DL
  PASS: WebOnt-description-logic-017 [species] verdict=DL expected=DL
  PASS: WebOnt-description-logic-018 [species] verdict=DL expected=DL
  PASS: WebOnt-description-logic-019 [species] verdict=DL expected=DL
  PASS: WebOnt-description-logic-020 [species] verdict=DL expected=DL
  PASS: WebOnt-description-logic-021 [species] verdict=DL expected=DL
  PASS: WebOnt-description-logic-022 [species] verdict=DL expected=DL
  PASS: WebOnt-description-logic-023 [species] verdict=DL expected=DL
  PASS: WebOnt-description-logic-024 [species] verdict=DL expected=DL
  PASS: WebOnt-description-logic-025 [species] verdict=DL expected=DL
  PASS: WebOnt-description-logic-026 [species] verdict=DL expected=DL
  PASS: WebOnt-description-logic-027 [species] verdict=DL expected=DL
  PASS: WebOnt-description-logic-028 [species] verdict=DL expected=DL
  PASS: WebOnt-description-logic-029 [species] verdict=DL expected=DL
  PASS: WebOnt-description-logic-030 [species] verdict=DL expected=DL
  PASS: WebOnt-description-logic-031 [species] verdict=DL expected=DL
  PASS: WebOnt-description-logic-032 [species] verdict=DL expected=DL
  PASS: WebOnt-description-logic-033 [species] verdict=DL expected=DL
  PASS: WebOnt-description-logic-034 [species] verdict=DL expected=DL
  PASS: WebOnt-description-logic-035 [species] verdict=DL expected=DL
  PASS: WebOnt-description-logic-040 [species] verdict=DL expected=DL
  PASS: WebOnt-description-logic-101 [species] verdict=DL expected=DL
  PASS: WebOnt-description-logic-102 [species] verdict=DL expected=DL
  PASS: WebOnt-description-logic-103 [species] verdict=DL expected=DL
  PASS: WebOnt-description-logic-104 [species] verdict=DL expected=DL
  PASS: WebOnt-description-logic-105 [species] verdict=DL expected=DL
  PASS: WebOnt-description-logic-106 [species] verdict=DL expected=DL
  PASS: WebOnt-description-logic-107 [species] verdict=DL expected=DL
  PASS: WebOnt-description-logic-108 [species] verdict=DL expected=DL
  PASS: WebOnt-description-logic-109 [species] verdict=DL expected=DL
  PASS: WebOnt-description-logic-110 [species] verdict=DL expected=DL
  PASS: WebOnt-description-logic-111 [species] verdict=DL expected=DL
  PASS: WebOnt-description-logic-201 [species] verdict=DL expected=DL
  PASS: WebOnt-description-logic-202 [species] verdict=DL expected=DL
  PASS: WebOnt-description-logic-203 [species] verdict=DL expected=DL
  PASS: WebOnt-description-logic-204 [species] verdict=DL expected=DL
  PASS: WebOnt-description-logic-205 [species] verdict=DL expected=DL
  PASS: WebOnt-description-logic-206 [species] verdict=DL expected=DL
  PASS: WebOnt-description-logic-207 [species] verdict=DL expected=DL
  PASS: WebOnt-description-logic-208 [species] verdict=DL expected=DL
  PASS: WebOnt-description-logic-209 [species] verdict=DL expected=DL
  PASS: WebOnt-description-logic-501 [species] verdict=DL expected=DL
  PASS: WebOnt-description-logic-502 [species] verdict=DL expected=DL
  PASS: WebOnt-description-logic-503 [species] verdict=DL expected=DL
  PASS: WebOnt-description-logic-504 [species] verdict=DL expected=DL
  PASS: WebOnt-description-logic-601 [species] verdict=DL expected=DL
  PASS: WebOnt-description-logic-602 [species] verdict=DL expected=DL
  PASS: WebOnt-description-logic-603 [species] verdict=DL expected=DL
  PASS: WebOnt-description-logic-604 [species] verdict=DL expected=DL
  PASS: WebOnt-description-logic-605 [species] verdict=DL expected=DL
  PASS: WebOnt-description-logic-606 [species] verdict=DL expected=DL
  PASS: WebOnt-description-logic-608 [species] verdict=DL expected=DL
  PASS: WebOnt-description-logic-609 [species] verdict=DL expected=DL
  PASS: WebOnt-description-logic-610 [species] verdict=DL expected=DL
  PASS: WebOnt-description-logic-611 [species] verdict=DL expected=DL
  PASS: WebOnt-description-logic-612 [species] verdict=DL expected=DL
  PASS: WebOnt-description-logic-613 [species] verdict=DL expected=DL
  PASS: WebOnt-description-logic-614 [species] verdict=DL expected=DL
  PASS: WebOnt-description-logic-615 [species] verdict=DL expected=DL
  PASS: WebOnt-description-logic-616 [species] verdict=DL expected=DL
  PASS: WebOnt-description-logic-617 [species] verdict=DL expected=DL
  PASS: WebOnt-description-logic-623 [species] verdict=DL expected=DL
  PASS: WebOnt-description-logic-624 [species] verdict=DL expected=DL
  PASS: WebOnt-description-logic-625 [species] verdict=DL expected=DL
  PASS: WebOnt-description-logic-626 [species] verdict=DL expected=DL
  PASS: WebOnt-description-logic-627 [species] verdict=DL expected=DL
  PASS: WebOnt-description-logic-628 [species] verdict=DL expected=DL
  PASS: WebOnt-description-logic-629 [species] verdict=DL expected=DL
  PASS: WebOnt-description-logic-630 [species] verdict=DL expected=DL
  PASS: WebOnt-description-logic-631 [species] verdict=DL expected=DL
  PASS: WebOnt-description-logic-632 [species] verdict=DL expected=DL
  PASS: WebOnt-description-logic-633 [species] verdict=DL expected=DL
  PASS: WebOnt-description-logic-634 [species] verdict=DL expected=DL
  PASS: WebOnt-description-logic-641 [species] verdict=DL expected=DL
  PASS: WebOnt-description-logic-642 [species] verdict=DL expected=DL
  PASS: WebOnt-description-logic-643 [species] verdict=DL expected=DL
  PASS: WebOnt-description-logic-644 [species] verdict=DL expected=DL
  PASS: WebOnt-description-logic-646 [species] verdict=DL expected=DL
  PASS: WebOnt-description-logic-650 [species] verdict=DL expected=DL
  PASS: WebOnt-description-logic-661 [species] verdict=DL expected=DL
  PASS: WebOnt-description-logic-662 [species] verdict=DL expected=DL
  PASS: WebOnt-description-logic-663 [species] verdict=DL expected=DL
  PASS: WebOnt-description-logic-664 [species] verdict=DL expected=DL
  PASS: WebOnt-description-logic-665 [species] verdict=DL expected=DL
  PASS: WebOnt-description-logic-667 [species] verdict=DL expected=DL
  PASS: WebOnt-description-logic-901 [species] verdict=DL expected=DL
  PASS: WebOnt-description-logic-902 [species] verdict=DL expected=DL
  PASS: WebOnt-description-logic-903 [species] verdict=DL expected=DL
  PASS: WebOnt-description-logic-904 [species] verdict=DL expected=DL
  PASS: WebOnt-description-logic-905 [species] verdict=DL expected=DL
  PASS: WebOnt-description-logic-906 [species] verdict=DL expected=DL
  PASS: WebOnt-description-logic-907 [species] verdict=DL expected=DL
  PASS: WebOnt-description-logic-908 [species] verdict=DL expected=DL
  PASS: WebOnt-description-logic-909 [species] verdict=DL expected=DL
  PASS: WebOnt-description-logic-910 [species] verdict=DL expected=DL
  PASS: WebOnt-differentFrom-001 [species] verdict=DL expected=DL
  PASS: WebOnt-disjointWith-001 [species] verdict=DL expected=DL
  PASS: WebOnt-disjointWith-003 [species] verdict=DL expected=DL
  PASS: WebOnt-disjointWith-004 [species] verdict=DL expected=DL
  PASS: WebOnt-disjointWith-005 [species] verdict=DL expected=DL
  PASS: WebOnt-disjointWith-006 [species] verdict=DL expected=DL
  PASS: WebOnt-disjointWith-007 [species] verdict=DL expected=DL
  PASS: WebOnt-disjointWith-008 [species] verdict=DL expected=DL
  PASS: WebOnt-disjointWith-009 [species] verdict=DL expected=DL
  PASS: WebOnt-equivalentClass-001 [species] verdict=DL expected=DL
  PASS: WebOnt-equivalentClass-002 [species] verdict=DL expected=DL
  PASS: WebOnt-equivalentClass-003 [species] verdict=DL expected=DL
  PASS: WebOnt-equivalentClass-004 [species] verdict=DL expected=DL
  PASS: WebOnt-equivalentClass-005 [species] verdict=DL expected=DL
  PASS: WebOnt-equivalentClass-006 [species] verdict=DL expected=DL
  PASS: WebOnt-equivalentClass-008 [species] verdict=DL expected=DL
  PASS: WebOnt-equivalentClass-008-Direct [species] verdict=DL expected=DL
  PASS: WebOnt-equivalentClass-009 [species] verdict=DL expected=DL
  PASS: WebOnt-equivalentProperty-001 [species] verdict=DL expected=DL
  PASS: WebOnt-equivalentProperty-002 [species] verdict=DL expected=DL
  PASS: WebOnt-equivalentProperty-003 [species] verdict=DL expected=DL
  PASS: WebOnt-equivalentProperty-004 [species] verdict=DL expected=DL
  PASS: WebOnt-imports-005 [species] verdict=DL expected=DL
  PASS: WebOnt-imports-006 [species] verdict=DL expected=DL
  PASS: WebOnt-imports-007 [species] verdict=DL expected=DL
  PASS: WebOnt-imports-008 [species] verdict=DL expected=DL
  PASS: WebOnt-imports-011 [species] verdict=DL expected=DL
  PASS: WebOnt-imports-013 [species] verdict=DL expected=DL
  PASS: WebOnt-maxCardinality-001 [species] verdict=DL expected=DL
  PASS: WebOnt-miscellaneous-001 [species] verdict=DL expected=DL
  PASS: WebOnt-miscellaneous-002 [species] verdict=DL expected=DL
  PASS: WebOnt-miscellaneous-011 [species] verdict=DL expected=DL
  PASS: WebOnt-miscellaneous-102 [species] verdict=DL expected=DL
  PASS: WebOnt-miscellaneous-103 [species] verdict=DL expected=DL
  PASS: WebOnt-miscellaneous-202 [species] verdict=DL expected=DL
  PASS: WebOnt-miscellaneous-203 [species] verdict=DL expected=DL
  PASS: WebOnt-miscellaneous-204 [species] verdict=DL expected=DL
  PASS: WebOnt-miscellaneous-302 [species] verdict=DL expected=DL
  PASS: WebOnt-miscellaneous-302-Direct [species] verdict=DL expected=DL
  PASS: WebOnt-miscellaneous-303 [species] verdict=DL expected=DL
  PASS: WebOnt-oneOf-001 [species] verdict=DL expected=DL
  PASS: WebOnt-oneOf-004 [species] verdict=DL expected=DL
  PASS: WebOnt-sameAs-001 [species] verdict=DL expected=DL
  PASS: WebOnt-someValuesFrom-003 [species] verdict=DL expected=DL
  PASS: WebOnt-unionOf-003 [species] verdict=DL expected=DL
  PASS: WebOnt-unionOf-004 [species] verdict=DL expected=DL
  PASS: bnode2somevaluesfrom [species] verdict=DL expected=DL
  PASS: chain2trans1 [species] verdict=DL expected=DL
  PASS: consistent-dataproperty-disjointness [species] verdict=DL expected=DL
  PASS: consistent-integer-filler [species] verdict=DL expected=DL
  PASS: datatype-restriction-min-max-inconsistency [species] verdict=DL expected=DL
  PASS: functionality-clash [species] verdict=DL expected=DL
  PASS: inconsistent-integer-filler [species] verdict=DL expected=DL
  PASS: inconsistent_datatypes [species] verdict=DL expected=DL
  PASS: one=two [species] verdict=DL expected=DL
  PASS: owl2-rl-anonymous-individual [species] verdict=DL expected=DL
  PASS: owl2-rl-invalid-leftside-allvaluesfrom [species] verdict=DL expected=DL
  PASS: owl2-rl-invalid-leftside-maxcard [species] verdict=DL expected=DL
  PASS: owl2-rl-invalid-oneof [species] verdict=DL expected=DL
  PASS: owl2-rl-invalid-owlreal [species] verdict=DL expected=DL
  PASS: owl2-rl-invalid-rightside-somevaluesfrom [species] verdict=DL expected=DL
  PASS: owl2-rl-invalid-rightside-unionof [species] verdict=DL expected=DL
  PASS: owl2-rl-invalid-unionof [species] verdict=DL expected=DL
  PASS: owl2-rl-rules-fp-differentFrom [species] verdict=DL expected=DL
  PASS: owl2-rl-rules-ifp-differentFrom [species] verdict=DL expected=DL
  PASS: owl2-rl-valid-mincard [species] verdict=DL expected=DL
  PASS: owl2-rl-valid-oneof [species] verdict=DL expected=DL
  PASS: owl2-rl-valid-rightside-allvaluesfrom [species] verdict=DL expected=DL
  PASS: somevaluesfrom2bnode [species] verdict=DL expected=DL
  PASS: string-integer-clash [species] verdict=DL expected=DL

OWL2-DL SpeciesTests: 319 pass, 2 fail (out of 321), 2 skipped (functional-syntax-only) in 0.80s

Harness Diagnostics (escape branches, #316 + #326):
HARNESS-DIAG-OWL degraded_closure_marked:0 degraded_closure_silent:0 marker_scan_escapes:0 refuter_escapes:0 pe_refuter_escapes:0 refuter_indeterminate:0 tests_on_degraded_closure:0 tests_unsupported_cap_escape:0 tests_unsupported_refuter_indeterminate:0
