  [pe-running] Consistent-but-all-unsat
  [pe-running] DisjointClasses-001
  [pe-running] DisjointClasses-003
  [pe-running] New-Feature-DataQCR-001
  [pe-running] New-Feature-DisjointDataProperties-002
  [pe-running] New-Feature-DisjointObjectProperties-001
  [pe-running] New-Feature-DisjointObjectProperties-002
  [pe-running] New-Feature-DisjointUnion-001
  [pe-running] New-Feature-Keys-001
  [pe-running] New-Feature-Keys-003
  [pe-running] New-Feature-ObjectPropertyChain-001
  [pe-running] New-Feature-ObjectPropertyChain-BJP-002
  [pe-running] New-Feature-ObjectPropertyChain-BJP-003
  [pe-running] New-Feature-ObjectQCR-001
  [pe-running] New-Feature-ObjectQCR-002
  [pe-running] New-Feature-ReflexiveProperty-001
  [pe-running] New-Feature-SelfRestriction-001
  [pe-running] New-Feature-SelfRestriction-002
  [pe-running] Qualified-cardinality-boolean
  [pe-running] Qualified-cardinality-restricted-int
  [pe-running] WebOnt-AllDifferent-001
  [pe-running] WebOnt-AnnotationProperty-002
  [pe-running] WebOnt-Class-001
  [pe-running] WebOnt-Class-002
  [pe-running] WebOnt-Class-003
  [pe-running] WebOnt-Class-005-direct
  [pe-running] WebOnt-Class-006
  [pe-running] WebOnt-FunctionalProperty-001
  [pe-running] WebOnt-FunctionalProperty-002
  [pe-running] WebOnt-FunctionalProperty-003
  [pe-running] WebOnt-FunctionalProperty-004
  [pe-running] WebOnt-FunctionalProperty-005
  [pe-running] WebOnt-I4.5-001
  [pe-running] WebOnt-I4.6-003
  [pe-running] WebOnt-I4.6-005-Direct
  [pe-running] WebOnt-I5.1-001
  [pe-running] WebOnt-I5.2-002
  [pe-running] WebOnt-I5.2-004
  [pe-running] WebOnt-I5.2-006
  [pe-running] WebOnt-I5.21-002
  [pe-running] WebOnt-I5.24-001
  [pe-running] WebOnt-I5.24-002
  [pe-running] WebOnt-I5.24-003
  [pe-running] WebOnt-I5.24-004
  [pe-running] WebOnt-I5.26-009
  [pe-running] WebOnt-I5.26-010
  [pe-running] WebOnt-I5.3-014
  [pe-running] WebOnt-I5.3-015
  [pe-running] WebOnt-I5.5-001
  [pe-running] WebOnt-I5.5-002
  [pe-running] WebOnt-I5.5-005
  [pe-running] WebOnt-I5.8-004
  [pe-running] WebOnt-I5.8-006
  [pe-running] WebOnt-I5.8-008
  [pe-running] WebOnt-I5.8-009
  [pe-running] WebOnt-I5.8-010
  [pe-running] WebOnt-I5.8-011
  [pe-running] WebOnt-I5.8-017
  [pe-running] WebOnt-InverseFunctionalProperty-001
  [pe-running] WebOnt-InverseFunctionalProperty-002
  [pe-running] WebOnt-InverseFunctionalProperty-003
  [pe-running] WebOnt-InverseFunctionalProperty-004
  [pe-running] WebOnt-Nothing-002
  [pe-running] WebOnt-Ontology-001
  [pe-running] WebOnt-Ontology-004
  [pe-running] WebOnt-Restriction-005-direct
  [pe-running] WebOnt-Restriction-006
  [pe-running] WebOnt-SymmetricProperty-001
  [pe-running] WebOnt-SymmetricProperty-002
  [pe-running] WebOnt-SymmetricProperty-003
  [pe-running] WebOnt-TransitiveProperty-001
  [pe-running] WebOnt-TransitiveProperty-002
  [pe-running] WebOnt-allValuesFrom-001
  [pe-running] WebOnt-cardinality-001
  [pe-running] WebOnt-cardinality-002
  [pe-running] WebOnt-cardinality-003
  [pe-running] WebOnt-cardinality-004
  [pe-running] WebOnt-cardinality-006
  [pe-running] WebOnt-complementOf-001
  [pe-running] WebOnt-description-logic-201
  [pe-running] WebOnt-description-logic-202
  [pe-running] WebOnt-description-logic-203
  [pe-running] WebOnt-description-logic-204
  [pe-running] WebOnt-description-logic-205
  [pe-running] WebOnt-description-logic-206
  [pe-running] WebOnt-description-logic-207
  [pe-running] WebOnt-description-logic-208
