  [pe-running] Consistent-but-all-unsat
  [pe-running] DisjointClasses-001
  [pe-running] DisjointClasses-003
  [pe-running] New-Feature-DataQCR-001
  [pe-running] New-Feature-DisjointDataProperties-002
  [pe-running] New-Feature-DisjointObjectProperties-001
  [pe-running] New-Feature-DisjointObjectProperties-002
  [pe-running] New-Feature-DisjointUnion-001
  [pe-running] New-Feature-Keys-001
  [pe-running] New-Feature-Keys-003
  [pe-running] New-Feature-ObjectPropertyChain-001
  [pe-running] New-Feature-ObjectPropertyChain-BJP-002
  [pe-running] New-Feature-ObjectPropertyChain-BJP-003
  [pe-running] New-Feature-ObjectQCR-001
  [pe-running] New-Feature-ObjectQCR-002
  [pe-running] New-Feature-ReflexiveProperty-001
  [pe-running] New-Feature-SelfRestriction-001
  [pe-running] New-Feature-SelfRestriction-002
  [pe-running] Qualified-cardinality-boolean
  [pe-running] Qualified-cardinality-restricted-int
  [pe-running] WebOnt-AllDifferent-001
  [pe-running] WebOnt-AnnotationProperty-002
  [pe-running] WebOnt-Class-001
  [pe-running] WebOnt-Class-002
  [pe-running] WebOnt-Class-003
  [pe-running] WebOnt-Class-005-direct
  [pe-running] WebOnt-Class-006
  [pe-running] WebOnt-FunctionalProperty-001
  [pe-running] WebOnt-FunctionalProperty-002
  [pe-running] WebOnt-FunctionalProperty-003
  [pe-running] WebOnt-FunctionalProperty-004
  [pe-running] WebOnt-FunctionalProperty-005
  [pe-running] WebOnt-I4.5-001
  [pe-running] WebOnt-I4.6-003
  [pe-running] WebOnt-I4.6-005-Direct
  [pe-running] WebOnt-I5.1-001
  [pe-running] WebOnt-I5.2-002
  [pe-running] WebOnt-I5.2-004
  [pe-running] WebOnt-I5.2-006
  [pe-running] WebOnt-I5.21-002
  [pe-running] WebOnt-I5.24-001
  [pe-running] WebOnt-I5.24-002
  [pe-running] WebOnt-I5.24-003
  [pe-running] WebOnt-I5.24-004
  [pe-running] WebOnt-I5.26-009
  [pe-running] WebOnt-I5.26-010
  [pe-running] WebOnt-I5.3-014
  [pe-running] WebOnt-I5.3-015
  [pe-running] WebOnt-I5.5-001
  [pe-running] WebOnt-I5.5-002
  [pe-running] WebOnt-I5.5-005
  [pe-running] WebOnt-I5.8-004
  [pe-running] WebOnt-I5.8-006
  [pe-running] WebOnt-I5.8-008
  [pe-running] WebOnt-I5.8-009
  [pe-running] WebOnt-I5.8-010
  [pe-running] WebOnt-I5.8-011
  [pe-running] WebOnt-I5.8-017
  [pe-running] WebOnt-InverseFunctionalProperty-001
  [pe-running] WebOnt-InverseFunctionalProperty-002
  [pe-running] WebOnt-InverseFunctionalProperty-003
  [pe-running] WebOnt-InverseFunctionalProperty-004
  [pe-running] WebOnt-Nothing-002
  [pe-running] WebOnt-Ontology-001
  [pe-running] WebOnt-Ontology-004
  [pe-running] WebOnt-Restriction-005-direct
  [pe-running] WebOnt-Restriction-006
  [pe-running] WebOnt-SymmetricProperty-001
  [pe-running] WebOnt-SymmetricProperty-002
  [pe-running] WebOnt-SymmetricProperty-003
  [pe-running] WebOnt-TransitiveProperty-001
  [pe-running] WebOnt-TransitiveProperty-002
  [pe-running] WebOnt-allValuesFrom-001
  [pe-running] WebOnt-cardinality-001
  [pe-running] WebOnt-cardinality-002
  [pe-running] WebOnt-cardinality-003
  [pe-running] WebOnt-cardinality-004
  [pe-running] WebOnt-cardinality-006
  [pe-running] WebOnt-complementOf-001
  [pe-running] WebOnt-description-logic-201
  [pe-running] WebOnt-description-logic-202
  [pe-running] WebOnt-description-logic-203
  [pe-running] WebOnt-description-logic-204
  [pe-running] WebOnt-description-logic-205
  [pe-running] WebOnt-description-logic-206
  [pe-running] WebOnt-description-logic-207
  [pe-running] WebOnt-description-logic-208
  [pe-running] WebOnt-description-logic-661
  [owl_closure_timeout] DL tableau closure exceeded 20s cap; falling back to RL closure
  [pe-running] WebOnt-description-logic-662
  [pe-running] WebOnt-description-logic-663
  [pe-running] WebOnt-description-logic-664
  [owl_closure_timeout] DL tableau closure exceeded 20s cap; falling back to RL closure
  [pe-running] WebOnt-description-logic-665
  [pe-running] WebOnt-description-logic-667
  [pe-running] WebOnt-description-logic-901
  [pe-running] WebOnt-description-logic-903
  [pe-running] WebOnt-differentFrom-001
  [pe-running] WebOnt-differentFrom-002
  [pe-running] WebOnt-disjointWith-001
  [pe-running] WebOnt-disjointWith-002
  [pe-running] WebOnt-distinctMembers-001
  [pe-running] WebOnt-equivalentClass-001
  [pe-running] WebOnt-equivalentClass-002
  [pe-running] WebOnt-equivalentClass-003
  [pe-running] WebOnt-equivalentClass-004
  [pe-running] WebOnt-equivalentClass-006
  [pe-running] WebOnt-equivalentClass-007
  [pe-running] WebOnt-equivalentClass-008-Direct
  [pe-running] WebOnt-equivalentProperty-001
  [pe-running] WebOnt-equivalentProperty-002
  [pe-running] WebOnt-equivalentProperty-003
  [pe-running] WebOnt-equivalentProperty-004
  [pe-running] WebOnt-equivalentProperty-005
  [pe-running] WebOnt-equivalentProperty-006
  [pe-running] WebOnt-extra-credit-002
  [pe-running] WebOnt-extra-credit-003
  [pe-running] WebOnt-extra-credit-004
  [pe-running] WebOnt-imports-001
  [pe-running] WebOnt-imports-003
  [pe-running] WebOnt-imports-010
  [pe-running] WebOnt-imports-011
  [pe-running] WebOnt-intersectionOf-001
  [pe-running] WebOnt-inverseOf-001
  [pe-running] WebOnt-miscellaneous-011
  [owl_closure_timeout] DL RL-base closure exceeded 20s cap; falling back to un-closed graph
  [owl_closure_timeout] DL tableau closure exceeded 20s cap; falling back to RL closure
  [pe-running] WebOnt-miscellaneous-302-Direct
  [pe-running] WebOnt-oneOf-002
  [pe-running] WebOnt-oneOf-003
  [pe-running] WebOnt-oneOf-004
  [pe-running] WebOnt-sameAs-001
  [pe-running] WebOnt-someValuesFrom-001
  [pe-running] WebOnt-someValuesFrom-003
  [pe-running] WebOnt-unionOf-001
  [pe-running] WebOnt-unionOf-002
  [pe-running] WebOnt-unionOf-003
  [pe-running] WebOnt-unionOf-004
  [pe-running] bnode2somevaluesfrom
  [pe-running] chain2trans1
  [pe-running] owl2-rl-rules-fp-differentFrom
  [pe-running] owl2-rl-rules-ifp-askey
  [pe-running] owl2-rl-rules-ifp-differentFrom
  [pe-running] rdfbased-sem-bool-intersection-inst-comp
  [pe-running] rdfbased-sem-bool-intersection-inst-expr
  [pe-running] rdfbased-sem-bool-intersection-term
  [pe-running] rdfbased-sem-bool-union-inst-comp
  [pe-running] rdfbased-sem-bool-union-term
  [pe-running] rdfbased-sem-chain-def
  [pe-running] rdfbased-sem-char-functional-inst
  [pe-running] rdfbased-sem-char-inversefunc-data
  [pe-running] rdfbased-sem-char-inversefunc-inst
  [pe-running] rdfbased-sem-char-symmetric-inst
  [pe-running] rdfbased-sem-char-transitive-inst
  [pe-running] rdfbased-sem-class-nothing-term
  [pe-running] rdfbased-sem-class-nothing-type
  [pe-running] rdfbased-sem-class-thing-term
  [pe-running] rdfbased-sem-class-thing-type
  [pe-running] rdfbased-sem-enum-inst-included
  [pe-running] rdfbased-sem-eqdis-eqclass-inst
  [pe-running] rdfbased-sem-eqdis-eqclass-rflxv
  [pe-running] rdfbased-sem-eqdis-eqclass-subclass-1
  [pe-running] rdfbased-sem-eqdis-eqclass-subclass-2
  [pe-running] rdfbased-sem-eqdis-eqclass-subst
  [pe-running] rdfbased-sem-eqdis-eqclass-sym
  [pe-running] rdfbased-sem-eqdis-eqclass-trans
  [pe-running] rdfbased-sem-eqdis-eqprop-inst
  [pe-running] rdfbased-sem-eqdis-eqprop-rflxv
  [pe-running] rdfbased-sem-eqdis-eqprop-subprop-1
  [pe-running] rdfbased-sem-eqdis-eqprop-subprop-2
  [pe-running] rdfbased-sem-eqdis-eqprop-subst
  [pe-running] rdfbased-sem-eqdis-eqprop-sym
  [pe-running] rdfbased-sem-eqdis-eqprop-trans
  [pe-running] rdfbased-sem-eqdis-sameas-rflxv
  [pe-running] rdfbased-sem-eqdis-sameas-subst
  [pe-running] rdfbased-sem-eqdis-sameas-sym
  [pe-running] rdfbased-sem-eqdis-sameas-trans
  [pe-running] rdfbased-sem-inv-inst
  [pe-running] rdfbased-sem-key-def
  [pe-running] rdfbased-sem-prop-backwardcompatiblewith-type-annot
  [pe-running] rdfbased-sem-prop-comment-type
  [pe-running] rdfbased-sem-prop-deprecated-type
  [pe-running] rdfbased-sem-prop-incompatiblewith-type-annot
  [pe-running] rdfbased-sem-prop-isdefinedby-type
  [pe-running] rdfbased-sem-prop-label-type
  [pe-running] rdfbased-sem-prop-priorversion-type-annot
  [pe-running] rdfbased-sem-prop-seealso-type
  [pe-running] rdfbased-sem-prop-versioninfo-type
  [pe-running] rdfbased-sem-rdfs-domain-cond
  [pe-running] rdfbased-sem-rdfs-range-cond
  [pe-running] rdfbased-sem-rdfs-subclass-cond
  [pe-running] rdfbased-sem-rdfs-subclass-trans
  [pe-running] rdfbased-sem-rdfs-subprop-cond
  [pe-running] rdfbased-sem-rdfs-subprop-trans
  [pe-running] rdfbased-sem-rdfsext-domain-subprop
  [pe-running] rdfbased-sem-rdfsext-domain-superclass
  [pe-running] rdfbased-sem-rdfsext-range-subprop
  [pe-running] rdfbased-sem-rdfsext-range-superclass
  [pe-running] rdfbased-sem-restrict-allvalues-cmp-class
  [pe-running] rdfbased-sem-restrict-allvalues-cmp-prop
  [pe-running] rdfbased-sem-restrict-allvalues-inst-obj
  [pe-running] rdfbased-sem-restrict-hasvalue-cmp-prop
  [pe-running] rdfbased-sem-restrict-hasvalue-inst-obj
  [pe-running] rdfbased-sem-restrict-hasvalue-inst-subj
  [pe-running] rdfbased-sem-restrict-maxcard-inst-obj-one
  [pe-running] rdfbased-sem-restrict-maxqcr-inst-obj-one
  [pe-running] rdfbased-sem-restrict-somevalues-cmp-class
  [pe-running] rdfbased-sem-restrict-somevalues-cmp-prop
  [pe-running] rdfbased-sem-restrict-somevalues-inst-subj
  [pe-running] somevaluesfrom2bnode
  [neg-running] New-Feature-Keys-004
  [neg-running] New-Feature-Keys-007
  [neg-running] New-Feature-ObjectPropertyChain-BJP-004
  [neg-running] WebOnt-Class-004
  [neg-running] WebOnt-Class-005
  [neg-running] WebOnt-I4.6-004
  [neg-running] WebOnt-I4.6-005
  [neg-running] WebOnt-I5.5-006
  [neg-running] WebOnt-I5.5-007
  [neg-running] WebOnt-I5.8-005
  [neg-running] WebOnt-I5.8-007
  [neg-running] WebOnt-Ontology-003
  [neg-running] WebOnt-Restriction-005
  [neg-running] WebOnt-allValuesFrom-002
  [neg-running] WebOnt-description-logic-209
  [neg-running] WebOnt-description-logic-902
  [neg-running] WebOnt-description-logic-904
  [neg-running] WebOnt-equivalentClass-005
  [neg-running] WebOnt-equivalentClass-008
  [neg-running] WebOnt-imports-002
  [neg-running] WebOnt-miscellaneous-301
  [neg-running] WebOnt-miscellaneous-302
  [neg-running] WebOnt-someValuesFrom-002
  [cons-running] Consistent Datatype restrictions with Different Types
  [cons-running] Consistent owl:real range with DataOneOf
  [cons-running] Consistent-but-all-unsat
  [cons-running] Consistent-dateTime
  [cons-running] Datatype-DataComplementOf-001
  [cons-running] DisjointClasses-001
  [cons-running] DisjointClasses-003
  [cons-running] FS2RDF-different-individuals-2-annotation-ar
  [cons-running] FS2RDF-different-individuals-2-ar
  [cons-running] FS2RDF-different-individuals-3-annotation-ar
  [cons-running] FS2RDF-different-individuals-3-ar
  [cons-running] FS2RDF-disjoint-classes-2-annotation-ar
  [cons-running] FS2RDF-disjoint-classes-2-ar
  [cons-running] FS2RDF-disjoint-classes-3-annotation-ar
  [cons-running] FS2RDF-disjoint-classes-3-ar
  [cons-running] FS2RDF-domain-range-expression-ar
  [cons-running] FS2RDF-domain-range-simple-ar
  [cons-running] FS2RDF-equivalent-classes-2-annotation-ar
  [cons-running] FS2RDF-equivalent-classes-2-ar
  [cons-running] FS2RDF-equivalent-classes-3-annotation-ar
  [cons-running] FS2RDF-equivalent-classes-3-ar
  [cons-running] FS2RDF-literals-ar
  [cons-running] FS2RDF-negative-property-assertion-ar
  [cons-running] FS2RDF-no-builtin-prefixes-ar
  [cons-running] FS2RDF-ontology-annotation-annotation-ar
  [cons-running] FS2RDF-property-attributes-ar
  [cons-running] FS2RDF-propertychain-2-annotated-ar
  [cons-running] FS2RDF-propertychain-2-ar
  [cons-running] FS2RDF-same-individual-2-annotation-ar
  [cons-running] FS2RDF-same-individual-2-ar
  [cons-running] FS2RDF-same-individual-3-annotation-ar
  [cons-running] New-Feature-AnnotationAnnotations-001
  [cons-running] New-Feature-AxiomAnnotations-001
  [cons-running] New-Feature-DataQCR-001
  [cons-running] New-Feature-DisjointDataProperties-002
  [cons-running] New-Feature-DisjointObjectProperties-001
  [cons-running] New-Feature-DisjointObjectProperties-002
  [cons-running] New-Feature-DisjointUnion-001
  [cons-running] New-Feature-Keys-001
  [cons-running] New-Feature-Keys-003
  [cons-running] New-Feature-Keys-004
  [cons-running] New-Feature-Keys-005
  [cons-running] New-Feature-Keys-007
  [cons-running] New-Feature-ObjectPropertyChain-001
  [cons-running] New-Feature-ObjectPropertyChain-BJP-002
  [cons-running] New-Feature-ObjectPropertyChain-BJP-003
  [cons-running] New-Feature-ObjectPropertyChain-BJP-004
  [cons-running] New-Feature-ObjectQCR-001
  [cons-running] New-Feature-ObjectQCR-002
  [cons-running] New-Feature-Rational-001
  [cons-running] New-Feature-Rational-003
  [cons-running] New-Feature-ReflexiveProperty-001
  [cons-running] New-Feature-SelfRestriction-001
  [cons-running] New-Feature-SelfRestriction-002
  [cons-running] Plus and Minus Zero Integer
  [cons-running] Qualified-cardinality-boolean
  [cons-running] Qualified-cardinality-restricted-int
  [cons-running] WebOnt-AllDifferent-001
  [cons-running] WebOnt-AnnotationProperty-002
  [cons-running] WebOnt-AnnotationProperty-003
  [cons-running] WebOnt-AnnotationProperty-004
  [cons-running] WebOnt-Class-001
  [cons-running] WebOnt-Class-002
  [cons-running] WebOnt-Class-003
  [cons-running] WebOnt-Class-004
  [cons-running] WebOnt-Class-005
  [cons-running] WebOnt-Class-005-direct
  [cons-running] WebOnt-Class-006
  [cons-running] WebOnt-DatatypeProperty-001
  [cons-running] WebOnt-FunctionalProperty-001
  [cons-running] WebOnt-FunctionalProperty-002
  [cons-running] WebOnt-FunctionalProperty-003
  [cons-running] WebOnt-FunctionalProperty-004
  [cons-running] WebOnt-FunctionalProperty-005
  [cons-running] WebOnt-I4.5-001
  [cons-running] WebOnt-I4.6-003
  [cons-running] WebOnt-I4.6-004
  [cons-running] WebOnt-I4.6-005
  [cons-running] WebOnt-I4.6-005-Direct
  [cons-running] WebOnt-I5.1-001
  [cons-running] WebOnt-I5.1-010
  [cons-running] WebOnt-I5.2-001
  [cons-running] WebOnt-I5.2-002
  [cons-running] WebOnt-I5.2-003
  [cons-running] WebOnt-I5.2-004
  [cons-running] WebOnt-I5.2-005
  [cons-running] WebOnt-I5.2-006
  [cons-running] WebOnt-I5.2-010
  [cons-running] WebOnt-I5.2-011
  [cons-running] WebOnt-I5.21-002
  [cons-running] WebOnt-I5.24-001
  [cons-running] WebOnt-I5.24-002
  [cons-running] WebOnt-I5.24-003
  [cons-running] WebOnt-I5.24-004
  [cons-running] WebOnt-I5.26-001
  [cons-running] WebOnt-I5.26-002
  [cons-running] WebOnt-I5.26-003
  [cons-running] WebOnt-I5.26-004
  [cons-running] WebOnt-I5.26-005
  [cons-running] WebOnt-I5.26-006
  [cons-running] WebOnt-I5.26-007
  [cons-running] WebOnt-I5.26-009
  [cons-running] WebOnt-I5.26-010
  [cons-running] WebOnt-I5.3-005
  [cons-running] WebOnt-I5.3-006
  [cons-running] WebOnt-I5.3-007
  [cons-running] WebOnt-I5.3-008
  [cons-running] WebOnt-I5.3-009
  [cons-running] WebOnt-I5.3-010
  [cons-running] WebOnt-I5.3-011
  [cons-running] WebOnt-I5.3-014
  [cons-running] WebOnt-I5.3-015
  [cons-running] WebOnt-I5.5-001
  [cons-running] WebOnt-I5.5-002
  [cons-running] WebOnt-I5.5-005
  [cons-running] WebOnt-I5.5-006
  [cons-running] WebOnt-I5.5-007
  [cons-running] WebOnt-I5.8-002
  [cons-running] WebOnt-I5.8-004
  [cons-running] WebOnt-I5.8-005
  [cons-running] WebOnt-I5.8-006
  [cons-running] WebOnt-I5.8-007
  [cons-running] WebOnt-I5.8-008
  [cons-running] WebOnt-I5.8-009
  [cons-running] WebOnt-I5.8-010
  [cons-running] WebOnt-I5.8-011
  [cons-running] WebOnt-I5.8-013
  [cons-running] WebOnt-I5.8-014
  [cons-running] WebOnt-I5.8-015
  [cons-running] WebOnt-I5.8-016
  [cons-running] WebOnt-I5.8-017
  [cons-running] WebOnt-I6.1-001
  [cons-running] WebOnt-InverseFunctionalProperty-001
  [cons-running] WebOnt-InverseFunctionalProperty-002
  [cons-running] WebOnt-InverseFunctionalProperty-003
  [cons-running] WebOnt-InverseFunctionalProperty-004
  [cons-running] WebOnt-Nothing-002
  [cons-running] WebOnt-Ontology-001
  [cons-running] WebOnt-Ontology-003
  [cons-running] WebOnt-Ontology-004
  [cons-running] WebOnt-Restriction-003
  [cons-running] WebOnt-Restriction-004
  [cons-running] WebOnt-Restriction-005
  [cons-running] WebOnt-Restriction-005-direct
  [cons-running] WebOnt-Restriction-006
  [cons-running] WebOnt-SymmetricProperty-001
  [cons-running] WebOnt-SymmetricProperty-002
  [cons-running] WebOnt-SymmetricProperty-003
  [cons-running] WebOnt-Thing-004
  [owl_closure_timeout] DL RL-base closure exceeded 20s cap; falling back to un-closed graph
  [owl_closure_timeout] DL tableau closure exceeded 20s cap; falling back to RL closure
  [cons-running] WebOnt-TransitiveProperty-001
  [cons-running] WebOnt-TransitiveProperty-002
  [cons-running] WebOnt-allValuesFrom-001
  [cons-running] WebOnt-allValuesFrom-002
  [cons-running] WebOnt-backwardCompatibleWith-001
  [cons-running] WebOnt-backwardCompatibleWith-002
  [cons-running] WebOnt-cardinality-001
  [cons-running] WebOnt-cardinality-002
  [cons-running] WebOnt-cardinality-003
  [cons-running] WebOnt-cardinality-004
  [cons-running] WebOnt-cardinality-006
  [cons-running] WebOnt-complementOf-001
  [cons-running] WebOnt-description-logic-005
  [cons-running] WebOnt-description-logic-006
  [cons-running] WebOnt-description-logic-009
  [cons-running] WebOnt-description-logic-016
  [cons-running] WebOnt-description-logic-018
  [cons-running] WebOnt-description-logic-020
  [cons-running] WebOnt-description-logic-021
  [cons-running] WebOnt-description-logic-024
  [cons-running] WebOnt-description-logic-025
  [cons-running] WebOnt-description-logic-028
  [cons-running] WebOnt-description-logic-031
  [cons-running] WebOnt-description-logic-034
  [cons-running] WebOnt-description-logic-201
  [cons-running] WebOnt-description-logic-202
  [cons-running] WebOnt-description-logic-203
  [cons-running] WebOnt-description-logic-204
