  [pe-running] Consistent-but-all-unsat
  [pe-running] DisjointClasses-001
  [pe-running] DisjointClasses-003
  [pe-running] New-Feature-DataQCR-001
  [pe-running] New-Feature-DisjointDataProperties-002
  [pe-running] New-Feature-DisjointObjectProperties-001
  [pe-running] New-Feature-DisjointObjectProperties-002
  [pe-running] New-Feature-DisjointUnion-001
  [pe-running] New-Feature-Keys-001
  [pe-running] New-Feature-Keys-003
  [pe-running] New-Feature-ObjectPropertyChain-001
  [pe-running] New-Feature-ObjectPropertyChain-BJP-002
  [pe-running] New-Feature-ObjectPropertyChain-BJP-003
  [pe-running] New-Feature-ObjectQCR-001
  [pe-running] New-Feature-ObjectQCR-002
  [pe-running] New-Feature-ReflexiveProperty-001
  [pe-running] New-Feature-SelfRestriction-001
  [pe-running] New-Feature-SelfRestriction-002
  [pe-running] Qualified-cardinality-boolean
  [pe-running] Qualified-cardinality-restricted-int
  [pe-running] WebOnt-AllDifferent-001
  [pe-running] WebOnt-AnnotationProperty-002
  [pe-running] WebOnt-Class-001
  [pe-running] WebOnt-Class-002
  [pe-running] WebOnt-Class-003
  [pe-running] WebOnt-Class-005-direct
  [pe-running] WebOnt-Class-006
  [pe-running] WebOnt-FunctionalProperty-001
  [pe-running] WebOnt-FunctionalProperty-002
  [pe-running] WebOnt-FunctionalProperty-003
  [pe-running] WebOnt-FunctionalProperty-004
  [pe-running] WebOnt-FunctionalProperty-005
  [pe-running] WebOnt-I4.5-001
  [pe-running] WebOnt-I4.6-003
  [pe-running] WebOnt-I4.6-005-Direct
  [pe-running] WebOnt-I5.1-001
  [pe-running] WebOnt-I5.2-002
  [pe-running] WebOnt-I5.2-004
  [pe-running] WebOnt-I5.2-006
  [pe-running] WebOnt-I5.21-002
  [pe-running] WebOnt-I5.24-001
  [pe-running] WebOnt-I5.24-002
  [pe-running] WebOnt-I5.24-003
  [pe-running] WebOnt-I5.24-004
  [pe-running] WebOnt-I5.26-009
  [pe-running] WebOnt-I5.26-010
  [pe-running] WebOnt-I5.3-014
  [pe-running] WebOnt-I5.3-015
  [pe-running] WebOnt-I5.5-001
  [pe-running] WebOnt-I5.5-002
  [pe-running] WebOnt-I5.5-005
  [pe-running] WebOnt-I5.8-004
  [pe-running] WebOnt-I5.8-006
  [pe-running] WebOnt-I5.8-008
  [pe-running] WebOnt-I5.8-009
  [pe-running] WebOnt-I5.8-010
  [pe-running] WebOnt-I5.8-011
  [pe-running] WebOnt-I5.8-017
  [pe-running] WebOnt-InverseFunctionalProperty-001
  [pe-running] WebOnt-InverseFunctionalProperty-002
  [pe-running] WebOnt-InverseFunctionalProperty-003
  [pe-running] WebOnt-InverseFunctionalProperty-004
  [pe-running] WebOnt-Nothing-002
  [pe-running] WebOnt-Ontology-001
  [pe-running] WebOnt-Ontology-004
  [pe-running] WebOnt-Restriction-005-direct
  [pe-running] WebOnt-Restriction-006
  [pe-running] WebOnt-SymmetricProperty-001
  [pe-running] WebOnt-SymmetricProperty-002
  [pe-running] WebOnt-SymmetricProperty-003
  [pe-running] WebOnt-TransitiveProperty-001
  [pe-running] WebOnt-TransitiveProperty-002
  [pe-running] WebOnt-allValuesFrom-001
  [pe-running] WebOnt-cardinality-001
  [pe-running] WebOnt-cardinality-002
  [pe-running] WebOnt-cardinality-003
  [pe-running] WebOnt-cardinality-004
  [pe-running] WebOnt-cardinality-006
  [pe-running] WebOnt-complementOf-001
  [pe-running] WebOnt-description-logic-201
  [pe-running] WebOnt-description-logic-202
  [pe-running] WebOnt-description-logic-203
  [pe-running] WebOnt-description-logic-204
  [pe-running] WebOnt-description-logic-205
  [pe-running] WebOnt-description-logic-206
  [pe-running] WebOnt-description-logic-207
  [pe-running] WebOnt-description-logic-208
  [pe-running] WebOnt-description-logic-661
  [pe-running] WebOnt-description-logic-662
  [pe-running] WebOnt-description-logic-663
  [pe-running] WebOnt-description-logic-664
  [pe-running] WebOnt-description-logic-665
  [pe-running] WebOnt-description-logic-667
  [pe-running] WebOnt-description-logic-901
  [pe-running] WebOnt-description-logic-903
  [pe-running] WebOnt-differentFrom-001
  [pe-running] WebOnt-differentFrom-002
  [pe-running] WebOnt-disjointWith-001
  [pe-running] WebOnt-disjointWith-002
  [pe-running] WebOnt-distinctMembers-001
  [pe-running] WebOnt-equivalentClass-001
  [pe-running] WebOnt-equivalentClass-002
  [pe-running] WebOnt-equivalentClass-003
  [pe-running] WebOnt-equivalentClass-004
  [pe-running] WebOnt-equivalentClass-006
  [pe-running] WebOnt-equivalentClass-007
  [pe-running] WebOnt-equivalentClass-008-Direct
  [pe-running] WebOnt-equivalentProperty-001
  [pe-running] WebOnt-equivalentProperty-002
  [pe-running] WebOnt-equivalentProperty-003
  [pe-running] WebOnt-equivalentProperty-004
  [pe-running] WebOnt-equivalentProperty-005
  [pe-running] WebOnt-equivalentProperty-006
  [pe-running] WebOnt-extra-credit-002
  [pe-running] WebOnt-extra-credit-003
  [pe-running] WebOnt-extra-credit-004
  [pe-running] WebOnt-imports-001
  [pe-running] WebOnt-imports-003
  [pe-running] WebOnt-imports-010
  [pe-running] WebOnt-imports-011
  [pe-running] WebOnt-intersectionOf-001
  [pe-running] WebOnt-inverseOf-001
  [pe-running] WebOnt-miscellaneous-011
  [pe-running] WebOnt-miscellaneous-302-Direct
  [pe-running] WebOnt-oneOf-002
  [pe-running] WebOnt-oneOf-003
  [pe-running] WebOnt-oneOf-004
  [pe-running] WebOnt-sameAs-001
  [pe-running] WebOnt-someValuesFrom-001
  [pe-running] WebOnt-someValuesFrom-003
  [pe-running] WebOnt-unionOf-001
  [pe-running] WebOnt-unionOf-002
  [pe-running] WebOnt-unionOf-003
  [pe-running] WebOnt-unionOf-004
  [pe-running] bnode2somevaluesfrom
  [pe-running] chain2trans1
  [pe-running] owl2-rl-rules-fp-differentFrom
  [pe-running] owl2-rl-rules-ifp-askey
  [pe-running] owl2-rl-rules-ifp-differentFrom
  [pe-running] rdfbased-sem-bool-intersection-inst-comp
  [pe-running] rdfbased-sem-bool-intersection-inst-expr
  [pe-running] rdfbased-sem-bool-intersection-term
  [pe-running] rdfbased-sem-bool-union-inst-comp
  [pe-running] rdfbased-sem-bool-union-term
  [pe-running] rdfbased-sem-chain-def
  [pe-running] rdfbased-sem-char-functional-inst
  [pe-running] rdfbased-sem-char-inversefunc-data
  [pe-running] rdfbased-sem-char-inversefunc-inst
  [pe-running] rdfbased-sem-char-symmetric-inst
  [pe-running] rdfbased-sem-char-transitive-inst
  [pe-running] rdfbased-sem-class-nothing-term
  [pe-running] rdfbased-sem-class-nothing-type
  [pe-running] rdfbased-sem-class-thing-term
  [pe-running] rdfbased-sem-class-thing-type
  [pe-running] rdfbased-sem-enum-inst-included
  [pe-running] rdfbased-sem-eqdis-eqclass-inst
  [pe-running] rdfbased-sem-eqdis-eqclass-rflxv
  [pe-running] rdfbased-sem-eqdis-eqclass-subclass-1
  [pe-running] rdfbased-sem-eqdis-eqclass-subclass-2
  [pe-running] rdfbased-sem-eqdis-eqclass-subst
  [pe-running] rdfbased-sem-eqdis-eqclass-sym
  [pe-running] rdfbased-sem-eqdis-eqclass-trans
  [pe-running] rdfbased-sem-eqdis-eqprop-inst
  [pe-running] rdfbased-sem-eqdis-eqprop-rflxv
  [pe-running] rdfbased-sem-eqdis-eqprop-subprop-1
  [pe-running] rdfbased-sem-eqdis-eqprop-subprop-2
  [pe-running] rdfbased-sem-eqdis-eqprop-subst
  [pe-running] rdfbased-sem-eqdis-eqprop-sym
  [pe-running] rdfbased-sem-eqdis-eqprop-trans
  [pe-running] rdfbased-sem-eqdis-sameas-rflxv
  [pe-running] rdfbased-sem-eqdis-sameas-subst
  [pe-running] rdfbased-sem-eqdis-sameas-sym
  [pe-running] rdfbased-sem-eqdis-sameas-trans
  [pe-running] rdfbased-sem-inv-inst
  [pe-running] rdfbased-sem-key-def
  [pe-running] rdfbased-sem-prop-backwardcompatiblewith-type-annot
  [pe-running] rdfbased-sem-prop-comment-type
  [pe-running] rdfbased-sem-prop-deprecated-type
  [pe-running] rdfbased-sem-prop-incompatiblewith-type-annot
  [pe-running] rdfbased-sem-prop-isdefinedby-type
  [pe-running] rdfbased-sem-prop-label-type
  [pe-running] rdfbased-sem-prop-priorversion-type-annot
  [pe-running] rdfbased-sem-prop-seealso-type
  [pe-running] rdfbased-sem-prop-versioninfo-type
  [pe-running] rdfbased-sem-rdfs-domain-cond
  [pe-running] rdfbased-sem-rdfs-range-cond
  [pe-running] rdfbased-sem-rdfs-subclass-cond
  [pe-running] rdfbased-sem-rdfs-subclass-trans
  [pe-running] rdfbased-sem-rdfs-subprop-cond
  [pe-running] rdfbased-sem-rdfs-subprop-trans
  [pe-running] rdfbased-sem-rdfsext-domain-subprop
  [pe-running] rdfbased-sem-rdfsext-domain-superclass
  [pe-running] rdfbased-sem-rdfsext-range-subprop
  [pe-running] rdfbased-sem-rdfsext-range-superclass
  [pe-running] rdfbased-sem-restrict-allvalues-cmp-class
  [pe-running] rdfbased-sem-restrict-allvalues-cmp-prop
  [pe-running] rdfbased-sem-restrict-allvalues-inst-obj
  [pe-running] rdfbased-sem-restrict-hasvalue-cmp-prop
  [pe-running] rdfbased-sem-restrict-hasvalue-inst-obj
  [pe-running] rdfbased-sem-restrict-hasvalue-inst-subj
  [pe-running] rdfbased-sem-restrict-maxcard-inst-obj-one
  [pe-running] rdfbased-sem-restrict-maxqcr-inst-obj-one
  [pe-running] rdfbased-sem-restrict-somevalues-cmp-class
  [pe-running] rdfbased-sem-restrict-somevalues-cmp-prop
  [pe-running] rdfbased-sem-restrict-somevalues-inst-subj
  [pe-running] somevaluesfrom2bnode
Closure regime: RL
OWL 2 test catalog: third_party/testing/owl/type-consistency.rdf
  parsed 8767 triples in 0.37s
Totals: 354 test cases
  PositiveEntailmentTest:    206
  NegativeEntailmentTest:    23
  ConsistencyTest:           354
  InconsistencyTest:         0
  ProfileIdentificationTest: 291

Running 206 PositiveEntailmentTest(s) through owl_rl_closure_with_reflexivity (fuel=100)...
  FAIL/parse-premise  Consistent-but-all-unsat
  PASS  DisjointClasses-001
  PASS  DisjointClasses-003
  FAIL  New-Feature-DataQCR-001
  PASS  New-Feature-DisjointDataProperties-002
  PASS  New-Feature-DisjointObjectProperties-001
  PASS  New-Feature-DisjointObjectProperties-002
  FAIL  New-Feature-DisjointUnion-001
  PASS  New-Feature-Keys-001
  PASS  New-Feature-Keys-003
  PASS  New-Feature-ObjectPropertyChain-001
  PASS  New-Feature-ObjectPropertyChain-BJP-002
  PASS  New-Feature-ObjectPropertyChain-BJP-003
  FAIL  New-Feature-ObjectQCR-001
  PASS  New-Feature-ObjectQCR-002
  PASS  New-Feature-ReflexiveProperty-001
  FAIL  New-Feature-SelfRestriction-001
  FAIL  New-Feature-SelfRestriction-002
  SKIP/functional-syntax-only  Qualified-cardinality-boolean
      reason: unsupported input syntax — catalog entry provides only test:fsPremiseOntology (OWL 2 Functional Syntax) with test:normativeSyntax FUNCTIONAL, and either no fs premise/conclusion literal is present or it uses Functional-Syntax constructs beyond Parser_OWLFunctional's narrow subset (Prefix/Ontology/Declaration + ~6 axiom forms; see docs/designissues/2026-07-05-owl-functional-syntax-plan.md)
  SKIP/functional-syntax-only  Qualified-cardinality-restricted-int
      reason: unsupported input syntax — catalog entry provides only test:fsPremiseOntology (OWL 2 Functional Syntax) with test:normativeSyntax FUNCTIONAL, and either no fs premise/conclusion literal is present or it uses Functional-Syntax constructs beyond Parser_OWLFunctional's narrow subset (Prefix/Ontology/Declaration + ~6 axiom forms; see docs/designissues/2026-07-05-owl-functional-syntax-plan.md)
  FAIL  WebOnt-AllDifferent-001
  PASS  WebOnt-AnnotationProperty-002
  FAIL/parse-premise  WebOnt-Class-001
  FAIL  WebOnt-Class-002
  FAIL  WebOnt-Class-003
  FAIL  WebOnt-Class-005-direct
  FAIL  WebOnt-Class-006
  PASS  WebOnt-FunctionalProperty-001
  PASS  WebOnt-FunctionalProperty-002
  FAIL  WebOnt-FunctionalProperty-003
  FAIL  WebOnt-FunctionalProperty-004
  FAIL  WebOnt-FunctionalProperty-005
  FAIL  WebOnt-I4.5-001
  PASS  WebOnt-I4.6-003
  PASS  WebOnt-I4.6-005-Direct
  PASS  WebOnt-I5.1-001
  FAIL  WebOnt-I5.2-002
  FAIL  WebOnt-I5.2-004
  FAIL  WebOnt-I5.2-006
  FAIL  WebOnt-I5.21-002
  PASS  WebOnt-I5.24-001
  FAIL  WebOnt-I5.24-002
  FAIL  WebOnt-I5.24-003
  FAIL  WebOnt-I5.24-004
  FAIL  WebOnt-I5.26-009
  FAIL  WebOnt-I5.26-010
  FAIL  WebOnt-I5.3-014
  FAIL  WebOnt-I5.3-015
  FAIL/parse-premise  WebOnt-I5.5-001
  FAIL/parse-premise  WebOnt-I5.5-002
  FAIL  WebOnt-I5.5-005
  FAIL  WebOnt-I5.8-004
  PASS  WebOnt-I5.8-006
  PASS  WebOnt-I5.8-008
  PASS  WebOnt-I5.8-009
  FAIL  WebOnt-I5.8-010
  PASS  WebOnt-I5.8-011
  FAIL  WebOnt-I5.8-017
  PASS  WebOnt-InverseFunctionalProperty-001
  PASS  WebOnt-InverseFunctionalProperty-002
  FAIL  WebOnt-InverseFunctionalProperty-003
  FAIL  WebOnt-InverseFunctionalProperty-004
  FAIL/parse-premise  WebOnt-Nothing-002
  PASS  WebOnt-Ontology-001
  PASS  WebOnt-Ontology-004
  FAIL  WebOnt-Restriction-005-direct
  FAIL  WebOnt-Restriction-006
  PASS  WebOnt-SymmetricProperty-001
  FAIL  WebOnt-SymmetricProperty-002
  FAIL  WebOnt-SymmetricProperty-003
  PASS  WebOnt-TransitiveProperty-001
  FAIL  WebOnt-TransitiveProperty-002
  PASS  WebOnt-allValuesFrom-001
  FAIL  WebOnt-cardinality-001
  FAIL  WebOnt-cardinality-002
  FAIL  WebOnt-cardinality-003
  FAIL  WebOnt-cardinality-004
  FAIL  WebOnt-cardinality-006
  FAIL  WebOnt-complementOf-001
  FAIL  WebOnt-description-logic-201
  FAIL  WebOnt-description-logic-202
  PASS  WebOnt-description-logic-203
  FAIL  WebOnt-description-logic-204
  FAIL  WebOnt-description-logic-205
  FAIL  WebOnt-description-logic-206
  FAIL  WebOnt-description-logic-207
  FAIL  WebOnt-description-logic-208
  FAIL  WebOnt-description-logic-661
  FAIL  WebOnt-description-logic-662
  PASS  WebOnt-description-logic-663
  PASS  WebOnt-description-logic-664
  FAIL  WebOnt-description-logic-665
  FAIL  WebOnt-description-logic-667
  FAIL  WebOnt-description-logic-901
  FAIL  WebOnt-description-logic-903
  PASS  WebOnt-differentFrom-001
  FAIL  WebOnt-differentFrom-002
  FAIL  WebOnt-disjointWith-001
  FAIL  WebOnt-disjointWith-002
  FAIL  WebOnt-distinctMembers-001
  PASS  WebOnt-equivalentClass-001
  PASS  WebOnt-equivalentClass-002
  PASS  WebOnt-equivalentClass-003
  FAIL  WebOnt-equivalentClass-004
  FAIL  WebOnt-equivalentClass-006
  FAIL  WebOnt-equivalentClass-007
  PASS  WebOnt-equivalentClass-008-Direct
  PASS  WebOnt-equivalentProperty-001
  PASS  WebOnt-equivalentProperty-002
  PASS  WebOnt-equivalentProperty-003
  FAIL  WebOnt-equivalentProperty-004
  FAIL  WebOnt-equivalentProperty-005
  PASS  WebOnt-equivalentProperty-006
  FAIL  WebOnt-extra-credit-002
  FAIL  WebOnt-extra-credit-003
  FAIL  WebOnt-extra-credit-004
  PASS  WebOnt-imports-001
  PASS  WebOnt-imports-003
  FAIL/parse-premise  WebOnt-imports-010
  PASS  WebOnt-imports-011
  FAIL  WebOnt-intersectionOf-001
  PASS  WebOnt-inverseOf-001
  FAIL/parse-conclusion  WebOnt-miscellaneous-011
  FAIL  WebOnt-miscellaneous-302-Direct
  FAIL  WebOnt-oneOf-002
  FAIL  WebOnt-oneOf-003
  FAIL/parse-premise  WebOnt-oneOf-004
  PASS  WebOnt-sameAs-001
  PASS  WebOnt-someValuesFrom-001
  PASS  WebOnt-someValuesFrom-003
  FAIL  WebOnt-unionOf-001
  FAIL  WebOnt-unionOf-002
  FAIL  WebOnt-unionOf-003
  FAIL  WebOnt-unionOf-004
  FAIL  bnode2somevaluesfrom
  PASS  chain2trans1
  PASS  owl2-rl-rules-fp-differentFrom
  PASS  owl2-rl-rules-ifp-askey
  PASS  owl2-rl-rules-ifp-differentFrom
  FAIL  rdfbased-sem-bool-intersection-inst-comp
  PASS  rdfbased-sem-bool-intersection-inst-expr
  FAIL  rdfbased-sem-bool-intersection-term
  FAIL  rdfbased-sem-bool-union-inst-comp
  FAIL  rdfbased-sem-bool-union-term
  PASS  rdfbased-sem-chain-def
  PASS  rdfbased-sem-char-functional-inst
  PASS  rdfbased-sem-char-inversefunc-data
  PASS  rdfbased-sem-char-inversefunc-inst
  PASS  rdfbased-sem-char-symmetric-inst
  PASS  rdfbased-sem-char-transitive-inst
  PASS  rdfbased-sem-class-nothing-term
  FAIL/parse-premise  rdfbased-sem-class-nothing-type
  PASS  rdfbased-sem-class-thing-term
  FAIL/parse-premise  rdfbased-sem-class-thing-type
  FAIL  rdfbased-sem-enum-inst-included
  PASS  rdfbased-sem-eqdis-eqclass-inst
  FAIL  rdfbased-sem-eqdis-eqclass-rflxv
  PASS  rdfbased-sem-eqdis-eqclass-subclass-1
  PASS  rdfbased-sem-eqdis-eqclass-subclass-2
  PASS  rdfbased-sem-eqdis-eqclass-subst
  PASS  rdfbased-sem-eqdis-eqclass-sym
  PASS  rdfbased-sem-eqdis-eqclass-trans
  PASS  rdfbased-sem-eqdis-eqprop-inst
  FAIL  rdfbased-sem-eqdis-eqprop-rflxv
  PASS  rdfbased-sem-eqdis-eqprop-subprop-1
  PASS  rdfbased-sem-eqdis-eqprop-subprop-2
  PASS  rdfbased-sem-eqdis-eqprop-subst
  PASS  rdfbased-sem-eqdis-eqprop-sym
  PASS  rdfbased-sem-eqdis-eqprop-trans
  PASS  rdfbased-sem-eqdis-sameas-rflxv
  PASS  rdfbased-sem-eqdis-sameas-subst
  PASS  rdfbased-sem-eqdis-sameas-sym
  PASS  rdfbased-sem-eqdis-sameas-trans
  PASS  rdfbased-sem-inv-inst
  PASS  rdfbased-sem-key-def
  FAIL/parse-premise  rdfbased-sem-prop-backwardcompatiblewith-type-annot
  FAIL/parse-premise  rdfbased-sem-prop-comment-type
  FAIL/parse-premise  rdfbased-sem-prop-deprecated-type
  FAIL/parse-premise  rdfbased-sem-prop-incompatiblewith-type-annot
  FAIL/parse-premise  rdfbased-sem-prop-isdefinedby-type
  FAIL/parse-premise  rdfbased-sem-prop-label-type
  FAIL/parse-premise  rdfbased-sem-prop-priorversion-type-annot
  FAIL/parse-premise  rdfbased-sem-prop-seealso-type
  FAIL/parse-premise  rdfbased-sem-prop-versioninfo-type
  PASS  rdfbased-sem-rdfs-domain-cond
  PASS  rdfbased-sem-rdfs-range-cond
  PASS  rdfbased-sem-rdfs-subclass-cond
  PASS  rdfbased-sem-rdfs-subclass-trans
  PASS  rdfbased-sem-rdfs-subprop-cond
  PASS  rdfbased-sem-rdfs-subprop-trans
  FAIL  rdfbased-sem-rdfsext-domain-subprop
  PASS  rdfbased-sem-rdfsext-domain-superclass
  FAIL  rdfbased-sem-rdfsext-range-subprop
  PASS  rdfbased-sem-rdfsext-range-superclass
  FAIL  rdfbased-sem-restrict-allvalues-cmp-class
  FAIL  rdfbased-sem-restrict-allvalues-cmp-prop
  PASS  rdfbased-sem-restrict-allvalues-inst-obj
  FAIL  rdfbased-sem-restrict-hasvalue-cmp-prop
  PASS  rdfbased-sem-restrict-hasvalue-inst-obj
  PASS  rdfbased-sem-restrict-hasvalue-inst-subj
  PASS  rdfbased-sem-restrict-maxcard-inst-obj-one
  FAIL  rdfbased-sem-restrict-maxqcr-inst-obj-one
  FAIL  rdfbased-sem-restrict-somevalues-cmp-class
  FAIL  rdfbased-sem-restrict-somevalues-cmp-prop
  FAIL  rdfbased-sem-restrict-somevalues-inst-subj
  FAIL  somevaluesfrom2bnode

Profile-RL PositiveEntailmentTests: 92 pass, 112 fail (out of 204 RDF/XML tests), 2 skipped (functional-syntax-only) in 18.24s
  (bnode pattern matches any term at the position; full isomorphism deferred — see docs/designissues/2026-04-24-owl-runner-phase1.md)

Running 23 NegativeEntailmentTest(s) through owl_rl_closure_with_reflexivity (fuel=100)...
  PASS  New-Feature-Keys-004
  PASS  New-Feature-Keys-007
  PASS  New-Feature-ObjectPropertyChain-BJP-004
  PASS  WebOnt-Class-004
  PASS  WebOnt-Class-005
  PASS  WebOnt-I4.6-004
  PASS  WebOnt-I4.6-005
  PASS  WebOnt-I5.5-006
  PASS  WebOnt-I5.5-007
  PASS  WebOnt-I5.8-005
  PASS  WebOnt-I5.8-007
  PASS  WebOnt-Ontology-003
  PASS  WebOnt-Restriction-005
  PASS  WebOnt-allValuesFrom-002
  PASS  WebOnt-description-logic-209
  PASS  WebOnt-description-logic-902
  PASS  WebOnt-description-logic-904
  PASS  WebOnt-equivalentClass-005
  PASS  WebOnt-equivalentClass-008
  FAIL/unexpected-entailment  WebOnt-imports-002
  PASS  WebOnt-miscellaneous-301
  PASS  WebOnt-miscellaneous-302
  PASS  WebOnt-someValuesFrom-002

Profile-RL NegativeEntailmentTests: 22 pass, 1 fail (out of 23) in 0.92s

Running 354 ConsistencyTest(s) through is_inconsistent (closure fuel=100)...
  SKIP/functional-syntax-only  Consistent Datatype restrictions with Different Types
      reason: unsupported input syntax — catalog entry provides only test:fsPremiseOntology (OWL 2 Functional Syntax) with test:normativeSyntax FUNCTIONAL, and either no fs premise/conclusion literal is present or it uses Functional-Syntax constructs beyond Parser_OWLFunctional's narrow subset (Prefix/Ontology/Declaration + ~6 axiom forms; see docs/designissues/2026-07-05-owl-functional-syntax-plan.md)
  SKIP/functional-syntax-only  Consistent owl:real range with DataOneOf
      reason: unsupported input syntax — catalog entry provides only test:fsPremiseOntology (OWL 2 Functional Syntax) with test:normativeSyntax FUNCTIONAL, and either no fs premise/conclusion literal is present or it uses Functional-Syntax constructs beyond Parser_OWLFunctional's narrow subset (Prefix/Ontology/Declaration + ~6 axiom forms; see docs/designissues/2026-07-05-owl-functional-syntax-plan.md)
  FAIL/parse-premise  Consistent-but-all-unsat
  SKIP/functional-syntax-only  Consistent-dateTime
      reason: unsupported input syntax — catalog entry provides only test:fsPremiseOntology (OWL 2 Functional Syntax) with test:normativeSyntax FUNCTIONAL, and either no fs premise/conclusion literal is present or it uses Functional-Syntax constructs beyond Parser_OWLFunctional's narrow subset (Prefix/Ontology/Declaration + ~6 axiom forms; see docs/designissues/2026-07-05-owl-functional-syntax-plan.md)
  PASS  Datatype-DataComplementOf-001
  PASS  DisjointClasses-001
  PASS  DisjointClasses-003
  PASS  FS2RDF-different-individuals-2-annotation-ar
  PASS  FS2RDF-different-individuals-2-ar
  PASS  FS2RDF-different-individuals-3-annotation-ar
  PASS  FS2RDF-different-individuals-3-ar
  PASS  FS2RDF-disjoint-classes-2-annotation-ar
  PASS  FS2RDF-disjoint-classes-2-ar
  PASS  FS2RDF-disjoint-classes-3-annotation-ar
  PASS  FS2RDF-disjoint-classes-3-ar
  PASS  FS2RDF-domain-range-expression-ar
  PASS  FS2RDF-domain-range-simple-ar
  PASS  FS2RDF-equivalent-classes-2-annotation-ar
  PASS  FS2RDF-equivalent-classes-2-ar
  PASS  FS2RDF-equivalent-classes-3-annotation-ar
  PASS  FS2RDF-equivalent-classes-3-ar
  FAIL/parse-premise  FS2RDF-literals-ar
  PASS  FS2RDF-negative-property-assertion-ar
  PASS  FS2RDF-no-builtin-prefixes-ar
  PASS  FS2RDF-ontology-annotation-annotation-ar
  PASS  FS2RDF-property-attributes-ar
  PASS  FS2RDF-propertychain-2-annotated-ar
  PASS  FS2RDF-propertychain-2-ar
  PASS  FS2RDF-same-individual-2-annotation-ar
  PASS  FS2RDF-same-individual-2-ar
  PASS  FS2RDF-same-individual-3-annotation-ar
  PASS  New-Feature-AnnotationAnnotations-001
  PASS  New-Feature-AxiomAnnotations-001
  PASS  New-Feature-DataQCR-001
  PASS  New-Feature-DisjointDataProperties-002
  PASS  New-Feature-DisjointObjectProperties-001
  PASS  New-Feature-DisjointObjectProperties-002
  PASS  New-Feature-DisjointUnion-001
  PASS  New-Feature-Keys-001
  PASS  New-Feature-Keys-003
  PASS  New-Feature-Keys-004
  PASS  New-Feature-Keys-005
  PASS  New-Feature-Keys-007
  PASS  New-Feature-ObjectPropertyChain-001
  PASS  New-Feature-ObjectPropertyChain-BJP-002
  PASS  New-Feature-ObjectPropertyChain-BJP-003
  PASS  New-Feature-ObjectPropertyChain-BJP-004
  PASS  New-Feature-ObjectQCR-001
  PASS  New-Feature-ObjectQCR-002
  PASS  New-Feature-Rational-001
  PASS  New-Feature-Rational-003
  PASS  New-Feature-ReflexiveProperty-001
  PASS  New-Feature-SelfRestriction-001
  PASS  New-Feature-SelfRestriction-002
  SKIP/functional-syntax-only  Plus and Minus Zero Integer
      reason: unsupported input syntax — catalog entry provides only test:fsPremiseOntology (OWL 2 Functional Syntax) with test:normativeSyntax FUNCTIONAL, and either no fs premise/conclusion literal is present or it uses Functional-Syntax constructs beyond Parser_OWLFunctional's narrow subset (Prefix/Ontology/Declaration + ~6 axiom forms; see docs/designissues/2026-07-05-owl-functional-syntax-plan.md)
  SKIP/functional-syntax-only  Qualified-cardinality-boolean
      reason: unsupported input syntax — catalog entry provides only test:fsPremiseOntology (OWL 2 Functional Syntax) with test:normativeSyntax FUNCTIONAL, and either no fs premise/conclusion literal is present or it uses Functional-Syntax constructs beyond Parser_OWLFunctional's narrow subset (Prefix/Ontology/Declaration + ~6 axiom forms; see docs/designissues/2026-07-05-owl-functional-syntax-plan.md)
  SKIP/functional-syntax-only  Qualified-cardinality-restricted-int
      reason: unsupported input syntax — catalog entry provides only test:fsPremiseOntology (OWL 2 Functional Syntax) with test:normativeSyntax FUNCTIONAL, and either no fs premise/conclusion literal is present or it uses Functional-Syntax constructs beyond Parser_OWLFunctional's narrow subset (Prefix/Ontology/Declaration + ~6 axiom forms; see docs/designissues/2026-07-05-owl-functional-syntax-plan.md)
  PASS  RoleChainViolationLumen
  PASS  WebOnt-AllDifferent-001
  PASS  WebOnt-AnnotationProperty-002
  PASS  WebOnt-AnnotationProperty-003
  PASS  WebOnt-AnnotationProperty-004
  FAIL/parse-premise  WebOnt-Class-001
  PASS  WebOnt-Class-002
  PASS  WebOnt-Class-003
  PASS  WebOnt-Class-004
  PASS  WebOnt-Class-005
  PASS  WebOnt-Class-005-direct
  PASS  WebOnt-Class-006
  PASS  WebOnt-DatatypeProperty-001
  PASS  WebOnt-FunctionalProperty-001
  PASS  WebOnt-FunctionalProperty-002
  PASS  WebOnt-FunctionalProperty-003
  PASS  WebOnt-FunctionalProperty-004
  PASS  WebOnt-FunctionalProperty-005
  PASS  WebOnt-I4.5-001
  PASS  WebOnt-I4.6-003
  PASS  WebOnt-I4.6-004
  PASS  WebOnt-I4.6-005
  PASS  WebOnt-I4.6-005-Direct
  PASS  WebOnt-I5.1-001
  PASS  WebOnt-I5.1-010
  PASS  WebOnt-I5.2-001
  PASS  WebOnt-I5.2-002
  PASS  WebOnt-I5.2-003
  PASS  WebOnt-I5.2-004
  PASS  WebOnt-I5.2-005
  PASS  WebOnt-I5.2-006
  PASS  WebOnt-I5.2-010
  PASS  WebOnt-I5.2-011
  PASS  WebOnt-I5.21-002
  PASS  WebOnt-I5.24-001
  PASS  WebOnt-I5.24-002
  PASS  WebOnt-I5.24-003
  PASS  WebOnt-I5.24-004
  PASS  WebOnt-I5.26-001
  PASS  WebOnt-I5.26-002
  PASS  WebOnt-I5.26-003
  PASS  WebOnt-I5.26-004
  PASS  WebOnt-I5.26-005
  PASS  WebOnt-I5.26-006
  PASS  WebOnt-I5.26-007
  PASS  WebOnt-I5.26-009
  PASS  WebOnt-I5.26-010
  PASS  WebOnt-I5.3-005
  PASS  WebOnt-I5.3-006
  PASS  WebOnt-I5.3-007
  PASS  WebOnt-I5.3-008
  PASS  WebOnt-I5.3-009
  PASS  WebOnt-I5.3-010
  PASS  WebOnt-I5.3-011
  PASS  WebOnt-I5.3-014
  PASS  WebOnt-I5.3-015
  FAIL/parse-premise  WebOnt-I5.5-001
  FAIL/parse-premise  WebOnt-I5.5-002
  PASS  WebOnt-I5.5-005
  PASS  WebOnt-I5.5-006
  PASS  WebOnt-I5.5-007
  PASS  WebOnt-I5.8-002
  PASS  WebOnt-I5.8-004
  PASS  WebOnt-I5.8-005
  PASS  WebOnt-I5.8-006
  PASS  WebOnt-I5.8-007
  PASS  WebOnt-I5.8-008
  PASS  WebOnt-I5.8-009
  PASS  WebOnt-I5.8-010
  PASS  WebOnt-I5.8-011
  PASS  WebOnt-I5.8-013
  PASS  WebOnt-I5.8-014
  PASS  WebOnt-I5.8-015
  PASS  WebOnt-I5.8-016
  PASS  WebOnt-I5.8-017
  PASS  WebOnt-I6.1-001
  PASS  WebOnt-InverseFunctionalProperty-001
  PASS  WebOnt-InverseFunctionalProperty-002
  PASS  WebOnt-InverseFunctionalProperty-003
  PASS  WebOnt-InverseFunctionalProperty-004
  FAIL/parse-premise  WebOnt-Nothing-002
  PASS  WebOnt-Ontology-001
  PASS  WebOnt-Ontology-003
  PASS  WebOnt-Ontology-004
  PASS  WebOnt-Restriction-003
  PASS  WebOnt-Restriction-004
  PASS  WebOnt-Restriction-005
  PASS  WebOnt-Restriction-005-direct
  PASS  WebOnt-Restriction-006
  PASS  WebOnt-SymmetricProperty-001
  PASS  WebOnt-SymmetricProperty-002
  PASS  WebOnt-SymmetricProperty-003
  PASS  WebOnt-Thing-004
  PASS  WebOnt-TransitiveProperty-001
  PASS  WebOnt-TransitiveProperty-002
  PASS  WebOnt-allValuesFrom-001
  PASS  WebOnt-allValuesFrom-002
  PASS  WebOnt-backwardCompatibleWith-001
  PASS  WebOnt-backwardCompatibleWith-002
  PASS  WebOnt-cardinality-001
  PASS  WebOnt-cardinality-002
  PASS  WebOnt-cardinality-003
  PASS  WebOnt-cardinality-004
  PASS  WebOnt-cardinality-006
  PASS  WebOnt-complementOf-001
  PASS  WebOnt-description-logic-005
  PASS  WebOnt-description-logic-006
  PASS  WebOnt-description-logic-009
  PASS  WebOnt-description-logic-016
  PASS  WebOnt-description-logic-018
  PASS  WebOnt-description-logic-020
  PASS  WebOnt-description-logic-021
  PASS  WebOnt-description-logic-024
  PASS  WebOnt-description-logic-025
  PASS  WebOnt-description-logic-028
  PASS  WebOnt-description-logic-031
  PASS  WebOnt-description-logic-034
  PASS  WebOnt-description-logic-201
  PASS  WebOnt-description-logic-202
  PASS  WebOnt-description-logic-203
  PASS  WebOnt-description-logic-204
  PASS  WebOnt-description-logic-205
  PASS  WebOnt-description-logic-206
  PASS  WebOnt-description-logic-207
  PASS  WebOnt-description-logic-208
  PASS  WebOnt-description-logic-209
  PASS  WebOnt-description-logic-501
  PASS  WebOnt-description-logic-503
  PASS  WebOnt-description-logic-605
  PASS  WebOnt-description-logic-606
  PASS  WebOnt-description-logic-609
  PASS  WebOnt-description-logic-616
  PASS  WebOnt-description-logic-624
  PASS  WebOnt-description-logic-625
  PASS  WebOnt-description-logic-628
  PASS  WebOnt-description-logic-631
  PASS  WebOnt-description-logic-634
  PASS  WebOnt-description-logic-661
  PASS  WebOnt-description-logic-662
  PASS  WebOnt-description-logic-663
  PASS  WebOnt-description-logic-664
  PASS  WebOnt-description-logic-665
  PASS  WebOnt-description-logic-667
  PASS  WebOnt-description-logic-901
  PASS  WebOnt-description-logic-902
  PASS  WebOnt-description-logic-903
  PASS  WebOnt-description-logic-904
  PASS  WebOnt-description-logic-905
  PASS  WebOnt-description-logic-906
  PASS  WebOnt-description-logic-907
  PASS  WebOnt-description-logic-908
  PASS  WebOnt-differentFrom-001
  PASS  WebOnt-differentFrom-002
  PASS  WebOnt-disjointWith-001
  PASS  WebOnt-disjointWith-002
  PASS  WebOnt-disjointWith-003
  PASS  WebOnt-disjointWith-004
  PASS  WebOnt-disjointWith-005
  PASS  WebOnt-disjointWith-006
  PASS  WebOnt-disjointWith-007
  PASS  WebOnt-disjointWith-008
  PASS  WebOnt-disjointWith-009
  PASS  WebOnt-distinctMembers-001
  PASS  WebOnt-equivalentClass-001
  PASS  WebOnt-equivalentClass-002
  PASS  WebOnt-equivalentClass-003
  PASS  WebOnt-equivalentClass-004
  PASS  WebOnt-equivalentClass-005
  PASS  WebOnt-equivalentClass-006
  PASS  WebOnt-equivalentClass-007
  PASS  WebOnt-equivalentClass-008
  PASS  WebOnt-equivalentClass-008-Direct
  PASS  WebOnt-equivalentClass-009
  PASS  WebOnt-equivalentProperty-001
  PASS  WebOnt-equivalentProperty-002
  PASS  WebOnt-equivalentProperty-003
  PASS  WebOnt-equivalentProperty-004
  PASS  WebOnt-equivalentProperty-005
  PASS  WebOnt-equivalentProperty-006
  PASS  WebOnt-extra-credit-002
  PASS  WebOnt-extra-credit-003
  PASS  WebOnt-extra-credit-004
  PASS  WebOnt-imports-001
  PASS  WebOnt-imports-002
  PASS  WebOnt-imports-003
  FAIL/parse-premise  WebOnt-imports-010
  PASS  WebOnt-imports-011
  PASS  WebOnt-imports-012
  PASS  WebOnt-intersectionOf-001
  PASS  WebOnt-inverseOf-001
  FAIL/parse-premise  WebOnt-miscellaneous-001
  FAIL/parse-premise  WebOnt-miscellaneous-002
  PASS  WebOnt-miscellaneous-011
  PASS  WebOnt-miscellaneous-102
  PASS  WebOnt-miscellaneous-103
  FAIL/unexpected-inconsistency  WebOnt-miscellaneous-202
  PASS  WebOnt-miscellaneous-301
  PASS  WebOnt-miscellaneous-302
  PASS  WebOnt-miscellaneous-302-Direct
  PASS  WebOnt-miscellaneous-303
  PASS  WebOnt-oneOf-001
  PASS  WebOnt-oneOf-002
  PASS  WebOnt-oneOf-003
  FAIL/parse-premise  WebOnt-oneOf-004
  PASS  WebOnt-sameAs-001
  PASS  WebOnt-someValuesFrom-001
  PASS  WebOnt-someValuesFrom-002
  PASS  WebOnt-someValuesFrom-003
  PASS  WebOnt-unionOf-001
  PASS  WebOnt-unionOf-002
  PASS  WebOnt-unionOf-003
  PASS  WebOnt-unionOf-004
  PASS  bnode2somevaluesfrom
  PASS  chain2trans1
  SKIP/functional-syntax-only  consistent-dataproperty-disjointness
      reason: unsupported input syntax — catalog entry provides only test:fsPremiseOntology (OWL 2 Functional Syntax) with test:normativeSyntax FUNCTIONAL, and either no fs premise/conclusion literal is present or it uses Functional-Syntax constructs beyond Parser_OWLFunctional's narrow subset (Prefix/Ontology/Declaration + ~6 axiom forms; see docs/designissues/2026-07-05-owl-functional-syntax-plan.md)
  SKIP/functional-syntax-only  consistent-integer-filler
      reason: unsupported input syntax — catalog entry provides only test:fsPremiseOntology (OWL 2 Functional Syntax) with test:normativeSyntax FUNCTIONAL, and either no fs premise/conclusion literal is present or it uses Functional-Syntax constructs beyond Parser_OWLFunctional's narrow subset (Prefix/Ontology/Declaration + ~6 axiom forms; see docs/designissues/2026-07-05-owl-functional-syntax-plan.md)
  PASS  owl2-rl-anonymous-individual
  PASS  owl2-rl-invalid-leftside-allvaluesfrom
  PASS  owl2-rl-invalid-leftside-maxcard
  PASS  owl2-rl-invalid-oneof
  PASS  owl2-rl-invalid-owlreal
  PASS  owl2-rl-invalid-rightside-somevaluesfrom
  PASS  owl2-rl-invalid-rightside-unionof
  PASS  owl2-rl-invalid-unionof
  PASS  owl2-rl-rules-fp-differentFrom
  PASS  owl2-rl-rules-ifp-askey
  PASS  owl2-rl-rules-ifp-differentFrom
  PASS  owl2-rl-valid-mincard
  PASS  owl2-rl-valid-oneof
  PASS  owl2-rl-valid-rightside-allvaluesfrom
  PASS  rdfbased-sem-bool-intersection-inst-comp
  PASS  rdfbased-sem-bool-intersection-inst-expr
  PASS  rdfbased-sem-bool-intersection-term
  PASS  rdfbased-sem-bool-union-inst-comp
  PASS  rdfbased-sem-bool-union-term
  PASS  rdfbased-sem-chain-def
  PASS  rdfbased-sem-char-functional-inst
  PASS  rdfbased-sem-char-inversefunc-data
  PASS  rdfbased-sem-char-inversefunc-inst
  PASS  rdfbased-sem-char-symmetric-inst
  PASS  rdfbased-sem-char-transitive-inst
  PASS  rdfbased-sem-class-nothing-term
  FAIL/parse-premise  rdfbased-sem-class-nothing-type
  PASS  rdfbased-sem-class-thing-term
  FAIL/parse-premise  rdfbased-sem-class-thing-type
  PASS  rdfbased-sem-enum-inst-included
  PASS  rdfbased-sem-eqdis-eqclass-inst
  PASS  rdfbased-sem-eqdis-eqclass-rflxv
  PASS  rdfbased-sem-eqdis-eqclass-subclass-1
  PASS  rdfbased-sem-eqdis-eqclass-subclass-2
  PASS  rdfbased-sem-eqdis-eqclass-subst
  PASS  rdfbased-sem-eqdis-eqclass-sym
  PASS  rdfbased-sem-eqdis-eqclass-trans
  PASS  rdfbased-sem-eqdis-eqprop-inst
  PASS  rdfbased-sem-eqdis-eqprop-rflxv
  PASS  rdfbased-sem-eqdis-eqprop-subprop-1
  PASS  rdfbased-sem-eqdis-eqprop-subprop-2
  PASS  rdfbased-sem-eqdis-eqprop-subst
  PASS  rdfbased-sem-eqdis-eqprop-sym
  PASS  rdfbased-sem-eqdis-eqprop-trans
  PASS  rdfbased-sem-eqdis-sameas-rflxv
  PASS  rdfbased-sem-eqdis-sameas-subst
  PASS  rdfbased-sem-eqdis-sameas-sym
  PASS  rdfbased-sem-eqdis-sameas-trans
  PASS  rdfbased-sem-inv-inst
  PASS  rdfbased-sem-key-def
  FAIL/parse-premise  rdfbased-sem-prop-backwardcompatiblewith-type-annot
  FAIL/parse-premise  rdfbased-sem-prop-comment-type
  FAIL/parse-premise  rdfbased-sem-prop-deprecated-type
  FAIL/parse-premise  rdfbased-sem-prop-incompatiblewith-type-annot
  FAIL/parse-premise  rdfbased-sem-prop-isdefinedby-type
  FAIL/parse-premise  rdfbased-sem-prop-label-type
  FAIL/parse-premise  rdfbased-sem-prop-priorversion-type-annot
  FAIL/parse-premise  rdfbased-sem-prop-seealso-type
  FAIL/parse-premise  rdfbased-sem-prop-versioninfo-type
  PASS  rdfbased-sem-rdfs-domain-cond
  PASS  rdfbased-sem-rdfs-range-cond
  PASS  rdfbased-sem-rdfs-subclass-cond
  PASS  rdfbased-sem-rdfs-subclass-trans
  PASS  rdfbased-sem-rdfs-subprop-cond
  PASS  rdfbased-sem-rdfs-subprop-trans
  PASS  rdfbased-sem-rdfsext-domain-subprop
  PASS  rdfbased-sem-rdfsext-domain-superclass
  PASS  rdfbased-sem-rdfsext-range-subprop
  PASS  rdfbased-sem-rdfsext-range-superclass
  PASS  rdfbased-sem-restrict-allvalues-cmp-class
  PASS  rdfbased-sem-restrict-allvalues-cmp-prop
  PASS  rdfbased-sem-restrict-allvalues-inst-obj
  PASS  rdfbased-sem-restrict-hasvalue-cmp-prop
  PASS  rdfbased-sem-restrict-hasvalue-inst-obj
  PASS  rdfbased-sem-restrict-hasvalue-inst-subj
  PASS  rdfbased-sem-restrict-maxcard-inst-obj-one
  PASS  rdfbased-sem-restrict-maxqcr-inst-obj-one
  PASS  rdfbased-sem-restrict-somevalues-cmp-class
  PASS  rdfbased-sem-restrict-somevalues-cmp-prop
  PASS  rdfbased-sem-restrict-somevalues-inst-subj
  PASS  somevaluesfrom2bnode

Profile-RL ConsistencyTests: 324 pass, 22 fail (out of 346), 8 skipped (functional-syntax-only) in 23.98s
