  [inc-running] Contradicting datatype Restrictions
  [inc-running] Contradicting-dateTime-restrictions
  [inc-running] Datatype-Float-Discrete-001
  [inc-running] Different types in Datatype Restrictions and Complement
  [inc-running] DisjointClasses-002
  [inc-running] Footnote-not-about-self
  [inc-running] Inconsistent Byte Filler
  [inc-running] Inconsistent Data Complement with the Restrictions
  [inc-running] Inconsistent Disjoint Dataproperties
  [inc-running] Inconsistent String Pattern with Disjoint Dataproperties
  [inc-running] Minus Infinity is not in owl:real
  [inc-running] New-Feature-AsymmetricProperty-001
  [inc-running] New-Feature-BottomDataProperty-001
  [inc-running] New-Feature-BottomObjectProperty-001
  [inc-running] New-Feature-DisjointDataProperties-001
  [inc-running] New-Feature-IrreflexiveProperty-001
  [inc-running] New-Feature-Keys-002
  [inc-running] New-Feature-Keys-006
  [inc-running] New-Feature-NegativeDataPropertyAssertion-001
  [inc-running] New-Feature-NegativeObjectPropertyAssertion-001
  [inc-running] New-Feature-Rational-002
  [inc-running] New-Feature-TopObjectProperty-001
  [inc-running] Plus and Minus Zero are Distinct
  [inc-running] WebOnt-I4.5-002
  [inc-running] WebOnt-I5.5-003
  [inc-running] WebOnt-I5.5-004
  [inc-running] WebOnt-I5.8-001
  [inc-running] WebOnt-I5.8-003
  [inc-running] WebOnt-Nothing-001
  [inc-running] WebOnt-Restriction-001
  [inc-running] WebOnt-Restriction-002
  [inc-running] WebOnt-Thing-003
  [inc-running] WebOnt-Thing-005
  [inc-running] WebOnt-description-logic-001
  [inc-running] WebOnt-description-logic-002
  [inc-running] WebOnt-description-logic-003
  [inc-running] WebOnt-description-logic-004
  [inc-running] WebOnt-description-logic-007
  [inc-running] WebOnt-description-logic-008
  [inc-running] WebOnt-description-logic-010
  [inc-running] WebOnt-description-logic-011
  [inc-running] WebOnt-description-logic-012
  [inc-running] WebOnt-description-logic-013
  [inc-running] WebOnt-description-logic-014
  [inc-running] WebOnt-description-logic-015
  [inc-running] WebOnt-description-logic-017
  [inc-running] WebOnt-description-logic-019
  [inc-running] WebOnt-description-logic-022
  [inc-running] WebOnt-description-logic-023
  [inc-running] WebOnt-description-logic-026
  [inc-running] WebOnt-description-logic-027
  [inc-running] WebOnt-description-logic-029
  [inc-running] WebOnt-description-logic-030
  [inc-running] WebOnt-description-logic-032
  [inc-running] WebOnt-description-logic-033
  [inc-running] WebOnt-description-logic-035
  [inc-running] WebOnt-description-logic-040
  [inc-running] WebOnt-description-logic-101
  [inc-running] WebOnt-description-logic-102
  [inc-running] WebOnt-description-logic-103
  [inc-running] WebOnt-description-logic-104
  [inc-running] WebOnt-description-logic-105
  [inc-running] WebOnt-description-logic-106
  [inc-running] WebOnt-description-logic-107
  [inc-running] WebOnt-description-logic-108
  [inc-running] WebOnt-description-logic-109
  [inc-running] WebOnt-description-logic-110
  [inc-running] WebOnt-description-logic-111
  [inc-running] WebOnt-description-logic-502
  [inc-running] WebOnt-description-logic-504
  [inc-running] WebOnt-description-logic-601
  [inc-running] WebOnt-description-logic-602
  [inc-running] WebOnt-description-logic-603
  [inc-running] WebOnt-description-logic-604
  [inc-running] WebOnt-description-logic-608
  [owl_closure_timeout] DL tableau closure exceeded 20s cap; falling back to RL closure
  [inc-running] WebOnt-description-logic-610
  [inc-running] WebOnt-description-logic-611
  [inc-running] WebOnt-description-logic-612
  [inc-running] WebOnt-description-logic-613
  [inc-running] WebOnt-description-logic-614
  [inc-running] WebOnt-description-logic-615
  [owl_closure_timeout] DL tableau closure exceeded 20s cap; falling back to RL closure
  [inc-running] WebOnt-description-logic-617
  [inc-running] WebOnt-description-logic-623
  [inc-running] WebOnt-description-logic-626
  [owl_closure_timeout] DL tableau closure exceeded 20s cap; falling back to RL closure
  [inc-running] WebOnt-description-logic-627
  [owl_closure_timeout] DL tableau closure exceeded 20s cap; falling back to RL closure
  [inc-running] WebOnt-description-logic-629
  [inc-running] WebOnt-description-logic-630
  [owl_closure_timeout] DL tableau closure exceeded 20s cap; falling back to RL closure
  [inc-running] WebOnt-description-logic-632
  [inc-running] WebOnt-description-logic-633
  [inc-running] WebOnt-description-logic-641
  [inc-running] WebOnt-description-logic-642
  [inc-running] WebOnt-description-logic-643
  [inc-running] WebOnt-description-logic-644
  [inc-running] WebOnt-description-logic-646
  [inc-running] WebOnt-description-logic-650
  [inc-running] WebOnt-description-logic-909
  [inc-running] WebOnt-description-logic-910
  [inc-running] WebOnt-disjointWith-010
  [inc-running] WebOnt-maxCardinality-001
  [inc-running] WebOnt-miscellaneous-203
  [inc-running] WebOnt-miscellaneous-204
  [inc-running] datatype-restriction-min-max-inconsistency
  [inc-running] functionality-clash
  [inc-running] inconsistent-integer-filler
  [inc-running] inconsistent_datatypes
  [inc-running] one=two
  [inc-running] rdfbased-sem-bool-complement-inst
  [inc-running] rdfbased-sem-char-asymmetric-inst
  [inc-running] rdfbased-sem-char-asymmetric-term
  [inc-running] rdfbased-sem-char-irreflexive-inst
  [inc-running] rdfbased-sem-class-nothing-ext
  [inc-running] rdfbased-sem-eqdis-different-irrflxv
  [inc-running] rdfbased-sem-eqdis-different-sameas
  [inc-running] rdfbased-sem-eqdis-disclass-eqclass
  [inc-running] rdfbased-sem-eqdis-disclass-inst
  [inc-running] rdfbased-sem-eqdis-disclass-irrflxv
  [inc-running] rdfbased-sem-eqdis-disprop-eqprop
  [inc-running] rdfbased-sem-eqdis-disprop-inst
  [inc-running] rdfbased-sem-eqdis-disprop-irrflxv
  [inc-running] rdfbased-sem-ndis-alldifferent-fw
  [inc-running] rdfbased-sem-ndis-alldifferent-fw-distinctmembers
  [inc-running] rdfbased-sem-ndis-alldisjointclasses-fw
  [inc-running] rdfbased-sem-ndis-alldisjointproperties-fw
  [inc-running] rdfbased-sem-npa-dat-fw
  [inc-running] rdfbased-sem-npa-ind-fw
  [inc-running] rdfbased-sem-restrict-maxcard-inst-obj-zero
  [inc-running] rdfbased-sem-restrict-maxqcr-inst-obj-zero
  [inc-running] string-integer-clash
Closure regime: DL
OWL 2 test catalog: third_party/testing/owl/type-inconsistency.rdf
  parsed 3220 triples in 0.15s
Totals: 128 test cases
  PositiveEntailmentTest:    0
  NegativeEntailmentTest:    0
  ConsistencyTest:           0
  InconsistencyTest:         128
  ProfileIdentificationTest: 126

Running 0 PositiveEntailmentTest(s) through owl_rl_closure_with_reflexivity (fuel=100)...

Profile-RL PositiveEntailmentTests: 0 pass, 0 fail (out of 0 RDF/XML tests), 0 skipped (functional-syntax-only) in 0.00s
  (bnode pattern matches any term at the position; full isomorphism deferred — see docs/designissues/2026-04-24-owl-runner-phase1.md)

Running 128 InconsistencyTest(s) through is_inconsistent (closure fuel=100)...
  SKIP/functional-syntax-only  Contradicting datatype Restrictions
      reason: unsupported input syntax — catalog entry provides only test:fsPremiseOntology (OWL 2 Functional Syntax) with test:normativeSyntax FUNCTIONAL, and either no fs premise/conclusion literal is present or it uses Functional-Syntax constructs beyond Parser_OWLFunctional's narrow subset (Prefix/Ontology/Declaration + ~6 axiom forms; see docs/designissues/2026-07-05-owl-functional-syntax-plan.md)
  SKIP/functional-syntax-only  Contradicting-dateTime-restrictions
      reason: unsupported input syntax — catalog entry provides only test:fsPremiseOntology (OWL 2 Functional Syntax) with test:normativeSyntax FUNCTIONAL, and either no fs premise/conclusion literal is present or it uses Functional-Syntax constructs beyond Parser_OWLFunctional's narrow subset (Prefix/Ontology/Declaration + ~6 axiom forms; see docs/designissues/2026-07-05-owl-functional-syntax-plan.md)
  FAIL/unexpected-consistency  Datatype-Float-Discrete-001
  SKIP/functional-syntax-only  Different types in Datatype Restrictions and Complement
      reason: unsupported input syntax — catalog entry provides only test:fsPremiseOntology (OWL 2 Functional Syntax) with test:normativeSyntax FUNCTIONAL, and either no fs premise/conclusion literal is present or it uses Functional-Syntax constructs beyond Parser_OWLFunctional's narrow subset (Prefix/Ontology/Declaration + ~6 axiom forms; see docs/designissues/2026-07-05-owl-functional-syntax-plan.md)
  PASS  DisjointClasses-002
  PASS  Footnote-not-about-self
  SKIP/functional-syntax-only  Inconsistent Byte Filler
      reason: unsupported input syntax — catalog entry provides only test:fsPremiseOntology (OWL 2 Functional Syntax) with test:normativeSyntax FUNCTIONAL, and either no fs premise/conclusion literal is present or it uses Functional-Syntax constructs beyond Parser_OWLFunctional's narrow subset (Prefix/Ontology/Declaration + ~6 axiom forms; see docs/designissues/2026-07-05-owl-functional-syntax-plan.md)
  SKIP/functional-syntax-only  Inconsistent Data Complement with the Restrictions
      reason: unsupported input syntax — catalog entry provides only test:fsPremiseOntology (OWL 2 Functional Syntax) with test:normativeSyntax FUNCTIONAL, and either no fs premise/conclusion literal is present or it uses Functional-Syntax constructs beyond Parser_OWLFunctional's narrow subset (Prefix/Ontology/Declaration + ~6 axiom forms; see docs/designissues/2026-07-05-owl-functional-syntax-plan.md)
  SKIP/functional-syntax-only  Inconsistent Disjoint Dataproperties
      reason: unsupported input syntax — catalog entry provides only test:fsPremiseOntology (OWL 2 Functional Syntax) with test:normativeSyntax FUNCTIONAL, and either no fs premise/conclusion literal is present or it uses Functional-Syntax constructs beyond Parser_OWLFunctional's narrow subset (Prefix/Ontology/Declaration + ~6 axiom forms; see docs/designissues/2026-07-05-owl-functional-syntax-plan.md)
  SKIP/functional-syntax-only  Inconsistent String Pattern with Disjoint Dataproperties
      reason: unsupported input syntax — catalog entry provides only test:fsPremiseOntology (OWL 2 Functional Syntax) with test:normativeSyntax FUNCTIONAL, and either no fs premise/conclusion literal is present or it uses Functional-Syntax constructs beyond Parser_OWLFunctional's narrow subset (Prefix/Ontology/Declaration + ~6 axiom forms; see docs/designissues/2026-07-05-owl-functional-syntax-plan.md)
  SKIP/functional-syntax-only  Minus Infinity is not in owl:real
      reason: unsupported input syntax — catalog entry provides only test:fsPremiseOntology (OWL 2 Functional Syntax) with test:normativeSyntax FUNCTIONAL, and either no fs premise/conclusion literal is present or it uses Functional-Syntax constructs beyond Parser_OWLFunctional's narrow subset (Prefix/Ontology/Declaration + ~6 axiom forms; see docs/designissues/2026-07-05-owl-functional-syntax-plan.md)
  PASS  New-Feature-AsymmetricProperty-001
  PASS  New-Feature-BottomDataProperty-001
  PASS  New-Feature-BottomObjectProperty-001
  PASS  New-Feature-DisjointDataProperties-001
  PASS  New-Feature-IrreflexiveProperty-001
  PASS  New-Feature-Keys-002
  PASS  New-Feature-Keys-006
  PASS  New-Feature-NegativeDataPropertyAssertion-001
  PASS  New-Feature-NegativeObjectPropertyAssertion-001
  FAIL/unexpected-consistency  New-Feature-Rational-002
  PASS  New-Feature-TopObjectProperty-001
  PASS  Plus and Minus Zero are Distinct
  PASS  WebOnt-I4.5-002
  PASS  WebOnt-I5.5-003
  PASS  WebOnt-I5.5-004
  FAIL/unexpected-consistency  WebOnt-I5.8-001
  FAIL/unexpected-consistency  WebOnt-I5.8-003
  PASS  WebOnt-Nothing-001
  PASS  WebOnt-Restriction-001
  PASS  WebOnt-Restriction-002
  PASS  WebOnt-Thing-003
  FAIL/unexpected-consistency  WebOnt-Thing-005
  PASS  WebOnt-description-logic-001
  PASS  WebOnt-description-logic-002
  FAIL/unexpected-consistency  WebOnt-description-logic-003
  FAIL/unexpected-consistency  WebOnt-description-logic-004
  FAIL/unexpected-consistency  WebOnt-description-logic-007
  FAIL/unexpected-consistency  WebOnt-description-logic-008
  FAIL/unexpected-consistency  WebOnt-description-logic-010
  PASS  WebOnt-description-logic-011
  FAIL/unexpected-consistency  WebOnt-description-logic-012
  FAIL/unexpected-consistency  WebOnt-description-logic-013
  FAIL/unexpected-consistency  WebOnt-description-logic-014
  FAIL/unexpected-consistency  WebOnt-description-logic-015
  FAIL/unexpected-consistency  WebOnt-description-logic-017
  FAIL/unexpected-consistency  WebOnt-description-logic-019
  FAIL/unexpected-consistency  WebOnt-description-logic-022
  FAIL/unexpected-consistency  WebOnt-description-logic-023
  FAIL/unexpected-consistency  WebOnt-description-logic-026
  FAIL/unexpected-consistency  WebOnt-description-logic-027
  FAIL/unexpected-consistency  WebOnt-description-logic-029
  FAIL/unexpected-consistency  WebOnt-description-logic-030
  FAIL/unexpected-consistency  WebOnt-description-logic-032
  FAIL/unexpected-consistency  WebOnt-description-logic-033
  FAIL/unexpected-consistency  WebOnt-description-logic-035
  PASS  WebOnt-description-logic-040
  PASS  WebOnt-description-logic-101
  PASS  WebOnt-description-logic-102
  PASS  WebOnt-description-logic-103
  PASS  WebOnt-description-logic-104
  PASS  WebOnt-description-logic-105
  PASS  WebOnt-description-logic-106
  FAIL/unexpected-consistency  WebOnt-description-logic-107
  FAIL/unexpected-consistency  WebOnt-description-logic-108
  PASS  WebOnt-description-logic-109
  PASS  WebOnt-description-logic-110
  PASS  WebOnt-description-logic-111
  FAIL/unexpected-consistency  WebOnt-description-logic-502
  FAIL/unexpected-consistency  WebOnt-description-logic-504
  FAIL/unexpected-consistency  WebOnt-description-logic-601
  PASS  WebOnt-description-logic-602
  FAIL/unexpected-consistency  WebOnt-description-logic-603
  FAIL/unexpected-consistency  WebOnt-description-logic-604
  FAIL/unexpected-consistency  WebOnt-description-logic-608
  FAIL/unexpected-consistency  WebOnt-description-logic-610
  PASS  WebOnt-description-logic-611
  FAIL/unexpected-consistency  WebOnt-description-logic-612
  FAIL/unexpected-consistency  WebOnt-description-logic-613
  FAIL/unexpected-consistency  WebOnt-description-logic-614
  FAIL/unexpected-consistency  WebOnt-description-logic-615
  FAIL/unexpected-consistency  WebOnt-description-logic-617
  FAIL/unexpected-consistency  WebOnt-description-logic-623
  FAIL/unexpected-consistency  WebOnt-description-logic-626
  FAIL/unexpected-consistency  WebOnt-description-logic-627
  FAIL/unexpected-consistency  WebOnt-description-logic-629
  FAIL/unexpected-consistency  WebOnt-description-logic-630
  FAIL/unexpected-consistency  WebOnt-description-logic-632
  FAIL/unexpected-consistency  WebOnt-description-logic-633
  PASS  WebOnt-description-logic-641
  PASS  WebOnt-description-logic-642
  PASS  WebOnt-description-logic-643
  PASS  WebOnt-description-logic-644
  FAIL/unexpected-consistency  WebOnt-description-logic-646
  FAIL/unexpected-consistency  WebOnt-description-logic-650
  FAIL/unexpected-consistency  WebOnt-description-logic-909
  FAIL/unexpected-consistency  WebOnt-description-logic-910
  PASS  WebOnt-disjointWith-010
  PASS  WebOnt-maxCardinality-001
  PASS  WebOnt-miscellaneous-203
  PASS  WebOnt-miscellaneous-204
  SKIP/functional-syntax-only  datatype-restriction-min-max-inconsistency
      reason: unsupported input syntax — catalog entry provides only test:fsPremiseOntology (OWL 2 Functional Syntax) with test:normativeSyntax FUNCTIONAL, and either no fs premise/conclusion literal is present or it uses Functional-Syntax constructs beyond Parser_OWLFunctional's narrow subset (Prefix/Ontology/Declaration + ~6 axiom forms; see docs/designissues/2026-07-05-owl-functional-syntax-plan.md)
  PASS  functionality-clash
  SKIP/functional-syntax-only  inconsistent-integer-filler
      reason: unsupported input syntax — catalog entry provides only test:fsPremiseOntology (OWL 2 Functional Syntax) with test:normativeSyntax FUNCTIONAL, and either no fs premise/conclusion literal is present or it uses Functional-Syntax constructs beyond Parser_OWLFunctional's narrow subset (Prefix/Ontology/Declaration + ~6 axiom forms; see docs/designissues/2026-07-05-owl-functional-syntax-plan.md)
  SKIP/functional-syntax-only  inconsistent_datatypes
      reason: unsupported input syntax — catalog entry provides only test:fsPremiseOntology (OWL 2 Functional Syntax) with test:normativeSyntax FUNCTIONAL, and either no fs premise/conclusion literal is present or it uses Functional-Syntax constructs beyond Parser_OWLFunctional's narrow subset (Prefix/Ontology/Declaration + ~6 axiom forms; see docs/designissues/2026-07-05-owl-functional-syntax-plan.md)
  FAIL/unexpected-consistency  one=two
  PASS  rdfbased-sem-bool-complement-inst
  PASS  rdfbased-sem-char-asymmetric-inst
  PASS  rdfbased-sem-char-asymmetric-term
  PASS  rdfbased-sem-char-irreflexive-inst
  PASS  rdfbased-sem-class-nothing-ext
  PASS  rdfbased-sem-eqdis-different-irrflxv
  PASS  rdfbased-sem-eqdis-different-sameas
  PASS  rdfbased-sem-eqdis-disclass-eqclass
  PASS  rdfbased-sem-eqdis-disclass-inst
  PASS  rdfbased-sem-eqdis-disclass-irrflxv
  PASS  rdfbased-sem-eqdis-disprop-eqprop
  PASS  rdfbased-sem-eqdis-disprop-inst
  PASS  rdfbased-sem-eqdis-disprop-irrflxv
  PASS  rdfbased-sem-ndis-alldifferent-fw
  PASS  rdfbased-sem-ndis-alldifferent-fw-distinctmembers
  PASS  rdfbased-sem-ndis-alldisjointclasses-fw
  PASS  rdfbased-sem-ndis-alldisjointproperties-fw
  PASS  rdfbased-sem-npa-dat-fw
  PASS  rdfbased-sem-npa-ind-fw
  PASS  rdfbased-sem-restrict-maxcard-inst-obj-zero
  PASS  rdfbased-sem-restrict-maxqcr-inst-obj-zero
  PASS  string-integer-clash

Profile-RL InconsistencyTests: 66 pass, 51 fail (out of 117), 11 skipped (functional-syntax-only) in 140.23s
