=== qudt-integrity: QUDT contributor ruleset vs QUDT v3.4.0 distribution ===
parsed third_party/qudt/QUDT-all-in-one-SHACL.ttl: 6791181 bytes, 131169 triples in 1.16s
parsed third_party/qudt/COLLECTION_QUDT_QA_TESTS_ALL.ttl: 53114 bytes, 415 triples in 0.03s
29 root shapes in ruleset; running cheapest-target-first, budget 420s

  skip: Concept-label-IRI-Shape                                 sh:SPARQLTarget only (acknowledged gap, issue #181)
  skip: UnitsHaveRdfClassQudtUnitTriple                         sh:SPARQLTarget only (acknowledged gap, issue #181)
  skip: CurencyNumberShape                                      per-shape wall-clock cap (419s) tripped after 419.0s (est. 176 foci) — perf finding
  skip: DeprecatedPropertyInfoShape                             per-shape wall-clock cap (5s) tripped after 5.0s (est. 291 foci) — perf finding
  skip: InconsistentDimensionVectorInSKOSHierarchyConstraint    wall-clock budget exhausted (424s > 420s) before this shape (est. 1218 foci) — perf finding
  skip: OrganizedUnderSameDimensionShape                        wall-clock budget exhausted (424s > 420s) before this shape (est. 1218 foci) — perf finding
  skip: SpecializationOfAndOrganizedUnderDisjointShape          wall-clock budget exhausted (424s > 420s) before this shape (est. 1218 foci) — perf finding
  skip: SpecializationOfSameDimensionShape                      wall-clock budget exhausted (424s > 420s) before this shape (est. 1218 foci) — perf finding
  skip: RdfsLabelInTitleCaseShapeWarning                        wall-clock budget exhausted (424s > 420s) before this shape (est. 1284 foci) — perf finding
  skip: RdfsLabelInTitleCaseShapeInfo                           wall-clock budget exhausted (424s > 420s) before this shape (est. 1946 foci) — perf finding
  skip: ConvertibleDerivedUnitOfInconvertibleBase               wall-clock budget exhausted (424s > 420s) before this shape (est. 3618 foci) — perf finding
  skip: DerivableDimensionVectorMissing                         wall-clock budget exhausted (424s > 420s) before this shape (est. 3618 foci) — perf finding
  skip: FactorUnitShape                                         wall-clock budget exhausted (424s > 420s) before this shape (est. 3618 foci) — perf finding
  skip: InconsistentDimensionVector                             wall-clock budget exhausted (424s > 420s) before this shape (est. 3618 foci) — perf finding
  skip: InconsistentUnitAndDimensionVectorConstraint            wall-clock budget exhausted (424s > 420s) before this shape (est. 3618 foci) — perf finding
  skip: MissingBaseForNonBaseUnit                               wall-clock budget exhausted (424s > 420s) before this shape (est. 3618 foci) — perf finding
  skip: RdfsLabelInTitleCaseShapeViolation                      wall-clock budget exhausted (424s > 420s) before this shape (est. 3618 foci) — perf finding
  skip: UniqueSymbolTypeRestrictedPropertyConstraint            sh:deactivated true (excluded by SHACL semantics)
  skip: UnitPointsToAllExactMatchQuantityKindsConstraint        wall-clock budget exhausted (424s > 420s) before this shape (est. 3618 foci) — perf finding
  skip: InconsistentDimensionVectorOfDeprecationConstraint      wall-clock budget exhausted (424s > 420s) before this shape (est. 4836 foci) — perf finding
  skip: ClosedWorldShape                                        wall-clock budget exhausted (424s > 420s) before this shape (est. 11510 foci) — perf finding
  skip: DefinedByConstraint                                     wall-clock budget exhausted (424s > 420s) before this shape (est. 11510 foci) — perf finding
  skip: DefinedByStringConstraint                               wall-clock budget exhausted (424s > 420s) before this shape (est. 11510 foci) — perf finding
  skip: DeprecatedConceptInfoShape                              wall-clock budget exhausted (424s > 420s) before this shape (est. 11510 foci) — perf finding
  skip: DeprecatedTripleMissing                                 wall-clock budget exhausted (424s > 420s) before this shape (est. 11510 foci) — perf finding
  skip: ExactMatchGoesBothWaysConstraint                        wall-clock budget exhausted (424s > 420s) before this shape (est. 11510 foci) — perf finding
  skip: MultipleDescriptionsConstraint                          wall-clock budget exhausted (424s > 420s) before this shape (est. 11510 foci) — perf finding
  skip: MultipleLabelsConstraint                                wall-clock budget exhausted (424s > 420s) before this shape (est. 11510 foci) — perf finding
  skip: ScalingOfAndFactorUnitsPresent                          wall-clock budget exhausted (424s > 420s) before this shape (est. 11510 foci) — perf finding

qudt-integrity elapsed: 425.5s (parse 1.16s + validation)

=== qudt-user-shapes: QUDT user ruleset vs authored fixtures ===
parsed distribution (131169 triples) + user ruleset (98 triples) in 1.11s
  PASS: array-datatype-ok.ttl                         expected clean, got clean (0 new findings; 158 context triples; 0.0s)
  PASS: array-datatype-viol.ttl                       expected flagged, got flagged (2 new findings; 158 context triples; 0.1s)
  PASS: array-dims-ok.ttl                             expected clean, got clean (0 new findings; 119 context triples; 0.0s)
  PASS: array-dims-viol.ttl                           expected flagged, got flagged (1 new findings; 117 context triples; 0.0s)
  PASS: deprecated-property-use-viol.ttl              expected flagged, got flagged (1 new findings; 10 context triples; 0.0s)
  PASS: deprecated-unit-ref-viol.ttl                  expected flagged, got flagged (2 new findings; 465 context triples; 0.0s)
  PASS: quantity-dim-mismatch-viol.ttl                expected flagged, got flagged (1 new findings; 1723 context triples; 0.6s)
  PASS: quantity-length-ft-ok.ttl                     expected clean, got clean (0 new findings; 1292 context triples; 0.3s)
  PASS: quantity-mass-kg-ok.ttl                       expected clean, got clean (0 new findings; 1689 context triples; 0.6s)

qudt-user-shapes elapsed: 2.8s

========================================
qudt-integrity: 0 pass, 0 fail, 29 skip (out of 29)
qudt-user-shapes: 9 pass, 0 fail, 0 skip (out of 9)
========================================
