  [1/39] rdf-mt/datatypes-intensional-xsd-integer-decimal-compatible ok
  [2/39] rdf-mt/datatypes-non-well-formed-literal-1 ok
  [3/39] rdf-mt/datatypes-non-well-formed-literal-2 ok
  [4/39] rdf-mt/datatypes-semantic-equivalence-within-type-1 ok
  [5/39] rdf-mt/datatypes-semantic-equivalence-within-type-2 ok
  [6/39] rdf-mt/datatypes-semantic-equivalence-between-datatypes ok
  [7/39] rdf-mt/datatypes-range-clash ok
  [8/39] rdf-mt/datatypes-test008 ok
  [9/39] rdf-mt/datatypes-test009 ok
  [10/39] rdf-mt/datatypes-test010 ok
  [11/39] rdf-mt/datatypes-plain-literal-and-xsd-string ok
  [12/39] rdf-mt/horst-01-subClassOf-intensional ok
  [13/39] rdf-mt/horst-01-subPropertyOf-intensional ok
  [14/39] rdf-mt/rdf-charmod-uris-test003 ok
  [15/39] rdf-mt/rdf-charmod-uris-test004 ok
  [16/39] rdf-mt/rdfms-seq-representation-test002 ok
  [17/39] rdf-mt/rdfms-seq-representation-test003 ok
  [18/39] rdf-mt/rdfms-seq-representation-test004 ok
  [19/39] rdf-mt/rdfms-xmllang-test007a ok
  [20/39] rdf-mt/rdfms-xmllang-test007b ok
  [21/39] rdf-mt/rdfms-xmllang-test007c ok
  [22/39] rdf-mt/rdfs-container-membership-superProperty-test001 ok
  [23/39] rdf-mt/rdfs-domain-and-range-intensionality-range ok
  [24/39] rdf-mt/rdfs-domain-and-range-intensionality-domain ok
  [25/39] rdf-mt/rdfs-entailment-test001 unsup
  [26/39] rdf-mt/rdfs-entailment-test002 ok
  [27/39] rdf-mt/rdfs-no-cycles-in-subClassOf-test001 ok
  [28/39] rdf-mt/rdfs-no-cycles-in-subPropertyOf-test001 ok
  [29/39] rdf-mt/rdfs-subClassOf-a-Property-test001 ok
  [30/39] rdf-mt/rdfs-subPropertyOf-semantics-test001 ok
  [31/39] rdf-mt/statement-entailment-test001 ok
  [32/39] rdf-mt/statement-entailment-test002 ok
  [33/39] rdf-mt/statement-entailment-test003 ok
  [34/39] rdf-mt/statement-entailment-test004 ok
  [35/39] rdf-mt/tex-01-language-tag-case-1 ok
  [36/39] rdf-mt/tex-01-language-tag-case-2 ok
  [37/39] rdf-mt/xmlsch-02-whitespace-facet-1 ok
  [38/39] rdf-mt/xmlsch-02-whitespace-facet-2 ok
  [39/39] rdf-mt/xmlsch-02-whitespace-facet-4 ok
  [1/87] rdf-n-quads/nq-syntax-uri-01 ok
  [2/87] rdf-n-quads/nq-syntax-uri-02 ok
  [3/87] rdf-n-quads/nq-syntax-uri-03 ok
  [4/87] rdf-n-quads/nq-syntax-uri-04 ok
  [5/87] rdf-n-quads/nq-syntax-uri-05 ok
  [6/87] rdf-n-quads/nq-syntax-uri-06 ok
  [7/87] rdf-n-quads/nq-syntax-bnode-01 ok
  [8/87] rdf-n-quads/nq-syntax-bnode-02 ok
  [9/87] rdf-n-quads/nq-syntax-bnode-03 ok
  [10/87] rdf-n-quads/nq-syntax-bnode-04 ok
  [11/87] rdf-n-quads/nq-syntax-bnode-05 ok
  [12/87] rdf-n-quads/nq-syntax-bnode-06 ok
  [13/87] rdf-n-quads/nq-syntax-bad-literal-01 ok
  [14/87] rdf-n-quads/nq-syntax-bad-literal-02 ok
  [15/87] rdf-n-quads/nq-syntax-bad-literal-03 ok
  [16/87] rdf-n-quads/nq-syntax-bad-uri-01 ok
  [17/87] rdf-n-quads/nq-syntax-bad-quint-01 ok
  [18/87] rdf-n-quads/nt-syntax-file-01 ok
  [19/87] rdf-n-quads/nt-syntax-file-02 ok
  [20/87] rdf-n-quads/nt-syntax-file-03 ok
  [21/87] rdf-n-quads/nt-syntax-uri-01 ok
  [22/87] rdf-n-quads/nt-syntax-uri-02 ok
  [23/87] rdf-n-quads/nt-syntax-uri-03 ok
  [24/87] rdf-n-quads/nt-syntax-uri-04 ok
  [25/87] rdf-n-quads/nt-syntax-string-01 ok
  [26/87] rdf-n-quads/nt-syntax-string-02 ok
  [27/87] rdf-n-quads/nt-syntax-string-03 ok
  [28/87] rdf-n-quads/nt-syntax-str-esc-01 ok
  [29/87] rdf-n-quads/nt-syntax-str-esc-02 ok
  [30/87] rdf-n-quads/nt-syntax-str-esc-03 ok
  [31/87] rdf-n-quads/nt-syntax-bnode-01 ok
  [32/87] rdf-n-quads/nt-syntax-bnode-02 ok
  [33/87] rdf-n-quads/nt-syntax-bnode-03 ok
  [34/87] rdf-n-quads/nt-syntax-datatypes-01 ok
  [35/87] rdf-n-quads/nt-syntax-datatypes-02 ok
  [36/87] rdf-n-quads/nt-syntax-bad-uri-01 ok
  [37/87] rdf-n-quads/nt-syntax-bad-uri-02 ok
  [38/87] rdf-n-quads/nt-syntax-bad-uri-03 ok
  [39/87] rdf-n-quads/nt-syntax-bad-uri-04 ok
  [40/87] rdf-n-quads/nt-syntax-bad-uri-05 ok
  [41/87] rdf-n-quads/nt-syntax-bad-uri-06 ok
  [42/87] rdf-n-quads/nt-syntax-bad-uri-07 ok
  [43/87] rdf-n-quads/nt-syntax-bad-uri-08 ok
  [44/87] rdf-n-quads/nt-syntax-bad-uri-09 ok
  [45/87] rdf-n-quads/nt-syntax-bad-prefix-01 ok
  [46/87] rdf-n-quads/nt-syntax-bad-base-01 ok
  [47/87] rdf-n-quads/nt-syntax-bad-bnode-01 ok
  [48/87] rdf-n-quads/nt-syntax-bad-bnode-02 ok
  [49/87] rdf-n-quads/nt-syntax-bad-struct-01 ok
  [50/87] rdf-n-quads/nt-syntax-bad-struct-02 ok
  [51/87] rdf-n-quads/nt-syntax-bad-lang-01 ok
  [52/87] rdf-n-quads/nt-syntax-bad-esc-01 ok
  [53/87] rdf-n-quads/nt-syntax-bad-esc-02 ok
  [54/87] rdf-n-quads/nt-syntax-bad-esc-03 ok
  [55/87] rdf-n-quads/nt-syntax-bad-string-01 ok
  [56/87] rdf-n-quads/nt-syntax-bad-string-02 ok
  [57/87] rdf-n-quads/nt-syntax-bad-string-03 ok
  [58/87] rdf-n-quads/nt-syntax-bad-string-04 ok
  [59/87] rdf-n-quads/nt-syntax-bad-string-05 ok
  [60/87] rdf-n-quads/nt-syntax-bad-string-06 ok
  [61/87] rdf-n-quads/nt-syntax-bad-string-07 ok
  [62/87] rdf-n-quads/nt-syntax-bad-num-01 ok
  [63/87] rdf-n-quads/nt-syntax-bad-num-02 ok
  [64/87] rdf-n-quads/nt-syntax-bad-num-03 ok
  [65/87] rdf-n-quads/nt-syntax-subm-01 ok
  [66/87] rdf-n-quads/comment_following_triple ok
  [67/87] rdf-n-quads/literal ok
  [68/87] rdf-n-quads/literal_all_controls ok
  [69/87] rdf-n-quads/literal_all_punctuation ok
  [70/87] rdf-n-quads/literal_ascii_boundaries ok
  [71/87] rdf-n-quads/literal_with_2_dquotes ok
  [72/87] rdf-n-quads/literal_with_2_squotes ok
  [73/87] rdf-n-quads/literal_with_BACKSPACE ok
  [74/87] rdf-n-quads/literal_with_CARRIAGE_RETURN ok
  [75/87] rdf-n-quads/literal_with_CHARACTER_TABULATION ok
  [76/87] rdf-n-quads/literal_with_dquote ok
  [77/87] rdf-n-quads/literal_with_FORM_FEED ok
  [78/87] rdf-n-quads/literal_with_LINE_FEED ok
  [79/87] rdf-n-quads/literal_with_numeric_escape4 ok
  [80/87] rdf-n-quads/literal_with_numeric_escape8 ok
  [81/87] rdf-n-quads/literal_with_REVERSE_SOLIDUS ok
  [82/87] rdf-n-quads/literal_with_REVERSE_SOLIDUS2 ok
  [83/87] rdf-n-quads/literal_with_squote ok
  [84/87] rdf-n-quads/literal_with_UTF8_boundaries ok
  [85/87] rdf-n-quads/langtagged_string ok
  [86/87] rdf-n-quads/lantag_with_subtag ok
  [87/87] rdf-n-quads/minimal_whitespace ok
  [1/70] rdf-n-triples/nt-syntax-file-01 ok
  [2/70] rdf-n-triples/nt-syntax-file-02 ok
  [3/70] rdf-n-triples/nt-syntax-file-03 ok
  [4/70] rdf-n-triples/nt-syntax-uri-01 ok
  [5/70] rdf-n-triples/nt-syntax-uri-02 ok
  [6/70] rdf-n-triples/nt-syntax-uri-03 ok
  [7/70] rdf-n-triples/nt-syntax-uri-04 ok
  [8/70] rdf-n-triples/nt-syntax-string-01 ok
  [9/70] rdf-n-triples/nt-syntax-string-02 ok
  [10/70] rdf-n-triples/nt-syntax-string-03 ok
  [11/70] rdf-n-triples/nt-syntax-str-esc-01 ok
  [12/70] rdf-n-triples/nt-syntax-str-esc-02 ok
  [13/70] rdf-n-triples/nt-syntax-str-esc-03 ok
  [14/70] rdf-n-triples/nt-syntax-bnode-01 ok
  [15/70] rdf-n-triples/nt-syntax-bnode-02 ok
  [16/70] rdf-n-triples/nt-syntax-bnode-03 ok
  [17/70] rdf-n-triples/nt-syntax-datatypes-01 ok
  [18/70] rdf-n-triples/nt-syntax-datatypes-02 ok
  [19/70] rdf-n-triples/nt-syntax-bad-uri-01 ok
  [20/70] rdf-n-triples/nt-syntax-bad-uri-02 ok
  [21/70] rdf-n-triples/nt-syntax-bad-uri-03 ok
  [22/70] rdf-n-triples/nt-syntax-bad-uri-04 ok
  [23/70] rdf-n-triples/nt-syntax-bad-uri-05 ok
  [24/70] rdf-n-triples/nt-syntax-bad-uri-06 ok
  [25/70] rdf-n-triples/nt-syntax-bad-uri-07 ok
  [26/70] rdf-n-triples/nt-syntax-bad-uri-08 ok
  [27/70] rdf-n-triples/nt-syntax-bad-uri-09 ok
  [28/70] rdf-n-triples/nt-syntax-bad-prefix-01 ok
  [29/70] rdf-n-triples/nt-syntax-bad-base-01 ok
  [30/70] rdf-n-triples/nt-syntax-bad-bnode-01 ok
  [31/70] rdf-n-triples/nt-syntax-bad-bnode-02 ok
  [32/70] rdf-n-triples/nt-syntax-bad-struct-01 ok
  [33/70] rdf-n-triples/nt-syntax-bad-struct-02 ok
  [34/70] rdf-n-triples/nt-syntax-bad-lang-01 ok
  [35/70] rdf-n-triples/nt-syntax-bad-esc-01 ok
  [36/70] rdf-n-triples/nt-syntax-bad-esc-02 ok
  [37/70] rdf-n-triples/nt-syntax-bad-esc-03 ok
  [38/70] rdf-n-triples/nt-syntax-bad-string-01 ok
  [39/70] rdf-n-triples/nt-syntax-bad-string-02 ok
  [40/70] rdf-n-triples/nt-syntax-bad-string-03 ok
  [41/70] rdf-n-triples/nt-syntax-bad-string-04 ok
  [42/70] rdf-n-triples/nt-syntax-bad-string-05 ok
  [43/70] rdf-n-triples/nt-syntax-bad-string-06 ok
  [44/70] rdf-n-triples/nt-syntax-bad-string-07 ok
  [45/70] rdf-n-triples/nt-syntax-bad-num-01 ok
  [46/70] rdf-n-triples/nt-syntax-bad-num-02 ok
  [47/70] rdf-n-triples/nt-syntax-bad-num-03 ok
  [48/70] rdf-n-triples/nt-syntax-subm-01 ok
  [49/70] rdf-n-triples/comment_following_triple ok
  [50/70] rdf-n-triples/literal ok
  [51/70] rdf-n-triples/literal_all_controls ok
  [52/70] rdf-n-triples/literal_all_punctuation ok
  [53/70] rdf-n-triples/literal_ascii_boundaries ok
  [54/70] rdf-n-triples/literal_with_2_dquotes ok
  [55/70] rdf-n-triples/literal_with_2_squotes ok
  [56/70] rdf-n-triples/literal_with_BACKSPACE ok
  [57/70] rdf-n-triples/literal_with_CARRIAGE_RETURN ok
  [58/70] rdf-n-triples/literal_with_CHARACTER_TABULATION ok
  [59/70] rdf-n-triples/literal_with_dquote ok
  [60/70] rdf-n-triples/literal_with_FORM_FEED ok
  [61/70] rdf-n-triples/literal_with_LINE_FEED ok
  [62/70] rdf-n-triples/literal_with_numeric_escape4 ok
  [63/70] rdf-n-triples/literal_with_numeric_escape8 ok
  [64/70] rdf-n-triples/literal_with_REVERSE_SOLIDUS ok
  [65/70] rdf-n-triples/literal_with_REVERSE_SOLIDUS2 ok
  [66/70] rdf-n-triples/literal_with_squote ok
  [67/70] rdf-n-triples/literal_with_UTF8_boundaries ok
  [68/70] rdf-n-triples/langtagged_string ok
  [69/70] rdf-n-triples/lantag_with_subtag ok
  [70/70] rdf-n-triples/minimal_whitespace ok
  [1/356] rdf-trig/anonymous_blank_node_graph ok
  [2/356] rdf-trig/labeled_blank_node_graph ok
  [3/356] rdf-trig/alternating_iri_graphs ok
  [4/356] rdf-trig/alternating_bnode_graphs ok
  [5/356] rdf-trig/trig-syntax-bad-base-04 ok
  [6/356] rdf-trig/trig-syntax-bad-base-05 ok
  [7/356] rdf-trig/trig-syntax-bad-prefix-06 ok
  [8/356] rdf-trig/trig-syntax-bad-prefix-07 ok
  [9/356] rdf-trig/trig-syntax-struct-06 ok
  [10/356] rdf-trig/trig-syntax-struct-07 ok
  [11/356] rdf-trig/trig-syntax-minimal-whitespace-01 ok
  [12/356] rdf-trig/IRI_subject ok
  [13/356] rdf-trig/IRI_with_four_digit_numeric_escape ok
  [14/356] rdf-trig/IRI_with_eight_digit_numeric_escape ok
  [15/356] rdf-trig/IRI_with_all_punctuation ok
  [16/356] rdf-trig/bareword_a_predicate ok
  [17/356] rdf-trig/old_style_prefix ok
  [18/356] rdf-trig/SPARQL_style_prefix ok
  [19/356] rdf-trig/prefixed_IRI_predicate ok
  [20/356] rdf-trig/prefixed_IRI_object ok
  [21/356] rdf-trig/prefix_only_IRI ok
  [22/356] rdf-trig/prefix_with_PN_CHARS_BASE_character_boundaries ok
  [23/356] rdf-trig/prefix_with_non_leading_extras ok
  [24/356] rdf-trig/default_namespace_IRI ok
  [25/356] rdf-trig/prefix_reassigned_and_used ok
  [26/356] rdf-trig/reserved_escaped_localName ok
  [27/356] rdf-trig/percent_escaped_localName ok
  [28/356] rdf-trig/HYPHEN_MINUS_in_localName ok
  [29/356] rdf-trig/underscore_in_localName ok
  [30/356] rdf-trig/localname_with_COLON ok
  [31/356] rdf-trig/localName_with_assigned_nfc_bmp_PN_CHARS_BASE_character_boundaries ok
  [32/356] rdf-trig/localName_with_assigned_nfc_PN_CHARS_BASE_character_boundaries ok
  [33/356] rdf-trig/localName_with_nfc_PN_CHARS_BASE_character_boundaries ok
  [34/356] rdf-trig/localName_with_leading_underscore ok
  [35/356] rdf-trig/localName_with_leading_digit ok
  [36/356] rdf-trig/localName_with_non_leading_extras ok
  [37/356] rdf-trig/old_style_base ok
  [38/356] rdf-trig/SPARQL_style_base ok
  [39/356] rdf-trig/labeled_blank_node_subject ok
  [40/356] rdf-trig/labeled_blank_node_object ok
  [41/356] rdf-trig/labeled_blank_node_with_PN_CHARS_BASE_character_boundaries ok
  [42/356] rdf-trig/labeled_blank_node_with_leading_underscore ok
  [43/356] rdf-trig/labeled_blank_node_with_leading_digit ok
  [44/356] rdf-trig/labeled_blank_node_with_non_leading_extras ok
  [45/356] rdf-trig/anonymous_blank_node_subject ok
  [46/356] rdf-trig/anonymous_blank_node_object ok
  [47/356] rdf-trig/sole_blankNodePropertyList ok
  [48/356] rdf-trig/blankNodePropertyList_as_subject ok
  [49/356] rdf-trig/blankNodePropertyList_as_object ok
  [50/356] rdf-trig/blankNodePropertyList_as_object_containing_objectList ok
  [51/356] rdf-trig/blankNodePropertyList_as_object_containing_objectList_of_two_objects ok
  [52/356] rdf-trig/blankNodePropertyList_with_multiple_triples ok
  [53/356] rdf-trig/nested_blankNodePropertyLists ok
  [54/356] rdf-trig/blankNodePropertyList_containing_collection ok
  [55/356] rdf-trig/collection_subject ok
  [56/356] rdf-trig/collection_object ok
  [57/356] rdf-trig/empty_collection ok
  [58/356] rdf-trig/nested_collection ok
  [59/356] rdf-trig/first ok
  [60/356] rdf-trig/last ok
  [61/356] rdf-trig/LITERAL1 ok
  [62/356] rdf-trig/LITERAL1_ascii_boundaries ok
  [63/356] rdf-trig/LITERAL1_with_UTF8_boundaries ok
  [64/356] rdf-trig/LITERAL1_all_controls ok
  [65/356] rdf-trig/LITERAL1_all_punctuation ok
  [66/356] rdf-trig/LITERAL_LONG1 ok
  [67/356] rdf-trig/LITERAL_LONG1_ascii_boundaries ok
  [68/356] rdf-trig/LITERAL_LONG1_with_UTF8_boundaries ok
  [69/356] rdf-trig/LITERAL_LONG1_with_1_squote ok
  [70/356] rdf-trig/LITERAL_LONG1_with_2_squotes ok
  [71/356] rdf-trig/LITERAL2 ok
  [72/356] rdf-trig/LITERAL2_ascii_boundaries ok
  [73/356] rdf-trig/LITERAL2_with_UTF8_boundaries ok
  [74/356] rdf-trig/LITERAL_LONG2 ok
  [75/356] rdf-trig/LITERAL_LONG2_ascii_boundaries ok
  [76/356] rdf-trig/LITERAL_LONG2_with_UTF8_boundaries ok
  [77/356] rdf-trig/LITERAL_LONG2_with_1_squote ok
  [78/356] rdf-trig/LITERAL_LONG2_with_2_squotes ok
  [79/356] rdf-trig/literal_with_CHARACTER_TABULATION ok
  [80/356] rdf-trig/literal_with_BACKSPACE ok
  [81/356] rdf-trig/literal_with_LINE_FEED ok
  [82/356] rdf-trig/literal_with_CARRIAGE_RETURN ok
  [83/356] rdf-trig/literal_with_FORM_FEED ok
  [84/356] rdf-trig/literal_with_REVERSE_SOLIDUS ok
  [85/356] rdf-trig/literal_with_escaped_CHARACTER_TABULATION ok
  [86/356] rdf-trig/literal_with_escaped_BACKSPACE ok
  [87/356] rdf-trig/literal_with_escaped_LINE_FEED ok
  [88/356] rdf-trig/literal_with_escaped_CARRIAGE_RETURN ok
  [89/356] rdf-trig/literal_with_escaped_FORM_FEED ok
  [90/356] rdf-trig/literal_with_numeric_escape4 ok
  [91/356] rdf-trig/literal_with_numeric_escape8 ok
  [92/356] rdf-trig/IRIREF_datatype ok
  [93/356] rdf-trig/prefixed_name_datatype ok
  [94/356] rdf-trig/bareword_integer ok
  [95/356] rdf-trig/bareword_decimal ok
  [96/356] rdf-trig/bareword_double ok
  [97/356] rdf-trig/double_lower_case_e ok
  [98/356] rdf-trig/negative_numeric ok
  [99/356] rdf-trig/positive_numeric ok
  [100/356] rdf-trig/numeric_with_leading_0 ok
  [101/356] rdf-trig/literal_true ok
  [102/356] rdf-trig/literal_false ok
  [103/356] rdf-trig/langtagged_non_LONG ok
  [104/356] rdf-trig/langtagged_LONG ok
  [105/356] rdf-trig/lantag_with_subtag ok
  [106/356] rdf-trig/objectList_with_two_objects ok
  [107/356] rdf-trig/predicateObjectList_with_two_objectLists ok
  [108/356] rdf-trig/predicateObjectList_with_blankNodePropertyList_as_object ok
  [109/356] rdf-trig/repeated_semis_at_end ok
  [110/356] rdf-trig/repeated_semis_not_at_end ok
  [111/356] rdf-trig/comment_following_localName ok
  [112/356] rdf-trig/number_sign_following_localName ok
  [113/356] rdf-trig/comment_following_PNAME_NS ok
  [114/356] rdf-trig/number_sign_following_PNAME_NS ok
  [115/356] rdf-trig/LITERAL_LONG2_with_REVERSE_SOLIDUS ok
  [116/356] rdf-trig/trig-syntax-bad-num-05 ok
  [117/356] rdf-trig/two_LITERAL_LONG2s ok
  [118/356] rdf-trig/langtagged_LONG_with_subtag ok
  [119/356] rdf-trig/trig-syntax-file-01 ok
  [120/356] rdf-trig/trig-syntax-file-02 ok
  [121/356] rdf-trig/trig-syntax-file-03 ok
  [122/356] rdf-trig/trig-syntax-uri-01 ok
  [123/356] rdf-trig/trig-syntax-uri-02 ok
  [124/356] rdf-trig/trig-syntax-uri-03 ok
  [125/356] rdf-trig/trig-syntax-uri-04 ok
  [126/356] rdf-trig/trig-syntax-base-01 ok
  [127/356] rdf-trig/trig-syntax-base-02 ok
  [128/356] rdf-trig/trig-syntax-base-03 ok
  [129/356] rdf-trig/trig-syntax-base-04 ok
  [130/356] rdf-trig/trig-syntax-prefix-01 ok
  [131/356] rdf-trig/trig-syntax-prefix-02 ok
  [132/356] rdf-trig/trig-syntax-prefix-03 ok
  [133/356] rdf-trig/trig-syntax-prefix-04 ok
  [134/356] rdf-trig/trig-syntax-prefix-05 ok
  [135/356] rdf-trig/trig-syntax-prefix-06 ok
  [136/356] rdf-trig/trig-syntax-prefix-07 ok
  [137/356] rdf-trig/trig-syntax-prefix-08 ok
  [138/356] rdf-trig/trig-syntax-prefix-09 ok
  [139/356] rdf-trig/trig-syntax-string-01 ok
  [140/356] rdf-trig/trig-syntax-string-02 ok
  [141/356] rdf-trig/trig-syntax-string-03 ok
  [142/356] rdf-trig/trig-syntax-string-04 ok
  [143/356] rdf-trig/trig-syntax-string-05 ok
  [144/356] rdf-trig/trig-syntax-string-06 ok
  [145/356] rdf-trig/trig-syntax-string-07 ok
  [146/356] rdf-trig/trig-syntax-string-08 ok
  [147/356] rdf-trig/trig-syntax-string-09 ok
  [148/356] rdf-trig/trig-syntax-string-10 ok
  [149/356] rdf-trig/trig-syntax-string-11 ok
  [150/356] rdf-trig/trig-syntax-str-esc-01 ok
  [151/356] rdf-trig/trig-syntax-str-esc-02 ok
  [152/356] rdf-trig/trig-syntax-str-esc-03 ok
  [153/356] rdf-trig/trig-syntax-pname-esc-01 ok
  [154/356] rdf-trig/trig-syntax-pname-esc-02 ok
  [155/356] rdf-trig/trig-syntax-pname-esc-03 ok
  [156/356] rdf-trig/trig-syntax-bnode-01 ok
  [157/356] rdf-trig/trig-syntax-bnode-02 ok
  [158/356] rdf-trig/trig-syntax-bnode-03 ok
  [159/356] rdf-trig/trig-syntax-bnode-04 ok
  [160/356] rdf-trig/trig-syntax-bnode-05 ok
  [161/356] rdf-trig/trig-syntax-bnode-06 ok
  [162/356] rdf-trig/trig-syntax-bnode-07 ok
  [163/356] rdf-trig/trig-syntax-bnode-08 ok
  [164/356] rdf-trig/trig-syntax-bnode-09 ok
  [165/356] rdf-trig/trig-syntax-bnode-10 ok
  [166/356] rdf-trig/trig-syntax-number-01 ok
  [167/356] rdf-trig/trig-syntax-number-02 ok
  [168/356] rdf-trig/trig-syntax-number-03 ok
  [169/356] rdf-trig/trig-syntax-number-04 ok
  [170/356] rdf-trig/trig-syntax-number-05 ok
  [171/356] rdf-trig/trig-syntax-number-06 ok
  [172/356] rdf-trig/trig-syntax-number-07 ok
  [173/356] rdf-trig/trig-syntax-number-08 ok
  [174/356] rdf-trig/trig-syntax-number-09 ok
  [175/356] rdf-trig/trig-syntax-number-10 ok
  [176/356] rdf-trig/trig-syntax-number-11 ok
  [177/356] rdf-trig/trig-syntax-number-12 ok
  [178/356] rdf-trig/trig-syntax-number-13 ok
  [179/356] rdf-trig/trig-syntax-datatypes-01 ok
  [180/356] rdf-trig/trig-syntax-datatypes-02 ok
  [181/356] rdf-trig/trig-syntax-kw-01 ok
  [182/356] rdf-trig/trig-syntax-kw-02 ok
  [183/356] rdf-trig/trig-syntax-kw-03 ok
  [184/356] rdf-trig/trig-syntax-struct-01 ok
  [185/356] rdf-trig/trig-syntax-struct-02 ok
  [186/356] rdf-trig/trig-syntax-struct-03 ok
  [187/356] rdf-trig/trig-syntax-struct-04 ok
  [188/356] rdf-trig/trig-syntax-struct-05 ok
  [189/356] rdf-trig/trig-syntax-lists-01 ok
  [190/356] rdf-trig/trig-syntax-lists-02 ok
  [191/356] rdf-trig/trig-syntax-lists-03 ok
  [192/356] rdf-trig/trig-syntax-lists-04 ok
  [193/356] rdf-trig/trig-syntax-lists-05 ok
  [194/356] rdf-trig/trig-syntax-bad-uri-01 ok
  [195/356] rdf-trig/trig-syntax-bad-uri-02 ok
  [196/356] rdf-trig/trig-syntax-bad-uri-03 ok
  [197/356] rdf-trig/trig-syntax-bad-uri-04 ok
  [198/356] rdf-trig/trig-syntax-bad-uri-05 ok
  [199/356] rdf-trig/trig-syntax-bad-prefix-01 ok
  [200/356] rdf-trig/trig-syntax-bad-prefix-02 ok
  [201/356] rdf-trig/trig-syntax-bad-prefix-03 ok
  [202/356] rdf-trig/trig-syntax-bad-prefix-04 ok
  [203/356] rdf-trig/trig-syntax-bad-prefix-05 ok
  [204/356] rdf-trig/trig-syntax-bad-base-01 ok
  [205/356] rdf-trig/trig-syntax-bad-base-02 ok
  [206/356] rdf-trig/trig-syntax-bad-base-03 ok
  [207/356] rdf-trig/trig-syntax-bad-bnode-01 ok
  [208/356] rdf-trig/trig-syntax-bad-bnode-02 ok
  [209/356] rdf-trig/trig-syntax-bad-struct-02 ok
  [210/356] rdf-trig/trig-syntax-bad-struct-03 ok
  [211/356] rdf-trig/trig-syntax-bad-struct-04 ok
  [212/356] rdf-trig/trig-syntax-bad-struct-05 ok
  [213/356] rdf-trig/trig-syntax-bad-struct-06 ok
  [214/356] rdf-trig/trig-syntax-bad-struct-07 ok
  [215/356] rdf-trig/trig-syntax-bad-kw-01 ok
  [216/356] rdf-trig/trig-syntax-bad-kw-02 ok
  [217/356] rdf-trig/trig-syntax-bad-kw-03 ok
  [218/356] rdf-trig/trig-syntax-bad-kw-04 ok
  [219/356] rdf-trig/trig-syntax-bad-kw-05 ok
  [220/356] rdf-trig/trig-syntax-bad-n3-extras-01 ok
  [221/356] rdf-trig/trig-syntax-bad-n3-extras-02 ok
  [222/356] rdf-trig/trig-syntax-bad-n3-extras-03 ok
  [223/356] rdf-trig/trig-syntax-bad-n3-extras-04 ok
  [224/356] rdf-trig/trig-syntax-bad-n3-extras-05 ok
  [225/356] rdf-trig/trig-syntax-bad-n3-extras-06 ok
  [226/356] rdf-trig/trig-syntax-bad-n3-extras-07 ok
  [227/356] rdf-trig/trig-syntax-bad-n3-extras-08 ok
  [228/356] rdf-trig/trig-syntax-bad-n3-extras-09 ok
  [229/356] rdf-trig/trig-syntax-bad-n3-extras-10 ok
  [230/356] rdf-trig/trig-syntax-bad-n3-extras-11 ok
  [231/356] rdf-trig/trig-syntax-bad-n3-extras-12 ok
  [232/356] rdf-trig/trig-syntax-bad-n3-extras-13 ok
  [233/356] rdf-trig/trig-syntax-bad-numeric-escape-01 ok
  [234/356] rdf-trig/trig-syntax-bad-numeric-escape-02 ok
  [235/356] rdf-trig/trig-syntax-bad-numeric-escape-03 ok
  [236/356] rdf-trig/trig-syntax-bad-numeric-escape-04 ok
  [237/356] rdf-trig/trig-syntax-bad-numeric-escape-05 ok
  [238/356] rdf-trig/trig-syntax-bad-numeric-escape-06 ok
  [239/356] rdf-trig/trig-syntax-bad-numeric-escape-07 ok
  [240/356] rdf-trig/trig-syntax-bad-numeric-escape-08 ok
  [241/356] rdf-trig/trig-syntax-bad-numeric-escape-09 ok
  [242/356] rdf-trig/trig-syntax-bad-numeric-escape-10 ok
  [243/356] rdf-trig/trig-syntax-bad-struct-09 ok
  [244/356] rdf-trig/trig-syntax-bad-struct-10 ok
  [245/356] rdf-trig/trig-syntax-bad-struct-12 ok
  [246/356] rdf-trig/trig-syntax-bad-struct-13 ok
  [247/356] rdf-trig/trig-syntax-bad-struct-14 ok
  [248/356] rdf-trig/trig-syntax-bad-struct-15 ok
  [249/356] rdf-trig/trig-syntax-bad-struct-16 ok
  [250/356] rdf-trig/trig-syntax-bad-struct-17 ok
  [251/356] rdf-trig/trig-syntax-bad-lang-01 ok
  [252/356] rdf-trig/trig-syntax-bad-esc-01 ok
  [253/356] rdf-trig/trig-syntax-bad-esc-02 ok
  [254/356] rdf-trig/trig-syntax-bad-esc-03 ok
  [255/356] rdf-trig/trig-syntax-bad-esc-04 ok
  [256/356] rdf-trig/trig-syntax-bad-pname-01 ok
  [257/356] rdf-trig/trig-syntax-bad-pname-02 ok
  [258/356] rdf-trig/trig-syntax-bad-pname-03 ok
  [259/356] rdf-trig/trig-syntax-bad-string-01 ok
  [260/356] rdf-trig/trig-syntax-bad-string-02 ok
  [261/356] rdf-trig/trig-syntax-bad-string-03 ok
  [262/356] rdf-trig/trig-syntax-bad-string-04 ok
  [263/356] rdf-trig/trig-syntax-bad-string-05 ok
  [264/356] rdf-trig/trig-syntax-bad-string-06 ok
  [265/356] rdf-trig/trig-syntax-bad-string-07 ok
  [266/356] rdf-trig/trig-syntax-bad-num-01 ok
  [267/356] rdf-trig/trig-syntax-bad-num-02 ok
  [268/356] rdf-trig/trig-syntax-bad-num-03 ok
  [269/356] rdf-trig/trig-syntax-bad-num-04 ok
  [270/356] rdf-trig/trig-syntax-bad-num-05 ok
  [271/356] rdf-trig/trig-eval-struct-01 ok
  [272/356] rdf-trig/trig-eval-struct-02 ok
  [273/356] rdf-trig/trig-subm-01 ok
  [274/356] rdf-trig/trig-subm-02 ok
  [275/356] rdf-trig/trig-subm-03 ok
  [276/356] rdf-trig/trig-subm-04 ok
  [277/356] rdf-trig/trig-subm-05 ok
  [278/356] rdf-trig/trig-subm-06 ok
  [279/356] rdf-trig/trig-subm-07 ok
  [280/356] rdf-trig/trig-subm-08 ok
  [281/356] rdf-trig/trig-subm-09 ok
  [282/356] rdf-trig/trig-subm-10 ok
  [283/356] rdf-trig/trig-subm-11 ok
  [284/356] rdf-trig/trig-subm-12 ok
  [285/356] rdf-trig/trig-subm-13 ok
  [286/356] rdf-trig/trig-subm-14 ok
  [287/356] rdf-trig/trig-subm-15 ok
  [288/356] rdf-trig/trig-subm-16 ok
  [289/356] rdf-trig/trig-subm-17 ok
  [290/356] rdf-trig/trig-subm-18 ok
  [291/356] rdf-trig/trig-subm-19 ok
  [292/356] rdf-trig/trig-subm-20 ok
  [293/356] rdf-trig/trig-subm-21 ok
  [294/356] rdf-trig/trig-subm-22 ok
  [295/356] rdf-trig/trig-subm-23 ok
  [296/356] rdf-trig/trig-subm-24 ok
  [297/356] rdf-trig/trig-subm-25 ok
  [298/356] rdf-trig/trig-subm-26 ok
  [299/356] rdf-trig/trig-subm-27 ok
  [300/356] rdf-trig/trig-eval-bad-01 ok
  [301/356] rdf-trig/trig-eval-bad-02 ok
  [302/356] rdf-trig/trig-eval-bad-03 ok
  [303/356] rdf-trig/trig-eval-bad-04 ok
  [304/356] rdf-trig/trig-syntax-bad-blank-label-dot-end ok
  [305/356] rdf-trig/trig-syntax-bad-ln-dash-start ok
  [306/356] rdf-trig/trig-syntax-bad-ln-escape-start ok
  [307/356] rdf-trig/trig-syntax-bad-ln-escape ok
  [308/356] rdf-trig/trig-syntax-bad-missing-ns-dot-end ok
  [309/356] rdf-trig/trig-syntax-bad-missing-ns-dot-start ok
  [310/356] rdf-trig/trig-syntax-bad-ns-dot-end ok
  [311/356] rdf-trig/trig-syntax-bad-ns-dot-start ok
  [312/356] rdf-trig/trig-syntax-bad-number-dot-in-anon ok
  [313/356] rdf-trig/trig-syntax-bad-list-01 ok
  [314/356] rdf-trig/trig-syntax-bad-list-02 ok
  [315/356] rdf-trig/trig-syntax-bad-list-03 ok
  [316/356] rdf-trig/trig-syntax-bad-list-04 ok
  [317/356] rdf-trig/trig-syntax-blank-label ok
  [318/356] rdf-trig/trig-syntax-ln-colons ok
  [319/356] rdf-trig/trig-syntax-ln-dots ok
  [320/356] rdf-trig/trig-syntax-ns-dots ok
  [321/356] rdf-trig/trig-kw-graph-01 ok
  [322/356] rdf-trig/trig-kw-graph-02 ok
  [323/356] rdf-trig/trig-kw-graph-03 ok
  [324/356] rdf-trig/trig-kw-graph-04 ok
  [325/356] rdf-trig/trig-kw-graph-05 ok
  [326/356] rdf-trig/trig-kw-graph-06 ok
  [327/356] rdf-trig/trig-kw-graph-07 ok
  [328/356] rdf-trig/trig-kw-graph-08 ok
  [329/356] rdf-trig/trig-kw-graph-09 ok
  [330/356] rdf-trig/trig-kw-graph-10 ok
  [331/356] rdf-trig/trig-graph-bad-01 ok
  [332/356] rdf-trig/trig-graph-bad-02 ok
  [333/356] rdf-trig/trig-graph-bad-03 ok
  [334/356] rdf-trig/trig-graph-bad-04 ok
  [335/356] rdf-trig/trig-graph-bad-05 ok
  [336/356] rdf-trig/trig-graph-bad-06 ok
  [337/356] rdf-trig/trig-graph-bad-07 ok
  [338/356] rdf-trig/trig-graph-bad-08 ok
  [339/356] rdf-trig/trig-graph-bad-09 ok
  [340/356] rdf-trig/trig-graph-bad-10 ok
  [341/356] rdf-trig/trig-graph-bad-11 ok
  [342/356] rdf-trig/trig-bnodeplist-graph-bad-01 ok
  [343/356] rdf-trig/trig-collection-graph-bad-01 ok
  [344/356] rdf-trig/trig-collection-graph-bad-02 ok
  [345/356] rdf-trig/trig-turtle-01 ok
  [346/356] rdf-trig/trig-turtle-02 ok
  [347/356] rdf-trig/trig-turtle-03 ok
  [348/356] rdf-trig/trig-turtle-04 ok
  [349/356] rdf-trig/trig-turtle-05 ok
  [350/356] rdf-trig/trig-turtle-06 ok
  [351/356] rdf-trig/trig-turtle-bad-01 ok
  [352/356] rdf-trig/trig-turtle-bad-02 ok
  [353/356] rdf-trig/IRI-resolution-01 ok
  [354/356] rdf-trig/IRI-resolution-02 ok
  [355/356] rdf-trig/IRI-resolution-07 ok
  [356/356] rdf-trig/IRI-resolution-08 ok
  [1/313] rdf-turtle/IRI_subject ok
  [2/313] rdf-turtle/IRI_with_four_digit_numeric_escape ok
  [3/313] rdf-turtle/IRI_with_eight_digit_numeric_escape ok
  [4/313] rdf-turtle/IRI_with_all_punctuation ok
  [5/313] rdf-turtle/bareword_a_predicate ok
  [6/313] rdf-turtle/old_style_prefix ok
  [7/313] rdf-turtle/SPARQL_style_prefix ok
  [8/313] rdf-turtle/prefixed_IRI_predicate ok
  [9/313] rdf-turtle/prefixed_IRI_object ok
  [10/313] rdf-turtle/prefix_only_IRI ok
  [11/313] rdf-turtle/prefix_with_PN_CHARS_BASE_character_boundaries ok
  [12/313] rdf-turtle/prefix_with_non_leading_extras ok
  [13/313] rdf-turtle/default_namespace_IRI ok
  [14/313] rdf-turtle/prefix_reassigned_and_used ok
  [15/313] rdf-turtle/reserved_escaped_localName ok
  [16/313] rdf-turtle/percent_escaped_localName ok
  [17/313] rdf-turtle/HYPHEN_MINUS_in_localName ok
  [18/313] rdf-turtle/underscore_in_localName ok
  [19/313] rdf-turtle/localname_with_COLON ok
  [20/313] rdf-turtle/localName_with_assigned_nfc_bmp_PN_CHARS_BASE_character_boundaries ok
  [21/313] rdf-turtle/localName_with_assigned_nfc_PN_CHARS_BASE_character_boundaries ok
  [22/313] rdf-turtle/localName_with_nfc_PN_CHARS_BASE_character_boundaries ok
  [23/313] rdf-turtle/localName_with_leading_underscore ok
  [24/313] rdf-turtle/localName_with_leading_digit ok
  [25/313] rdf-turtle/localName_with_non_leading_extras ok
  [26/313] rdf-turtle/old_style_base ok
  [27/313] rdf-turtle/SPARQL_style_base ok
  [28/313] rdf-turtle/labeled_blank_node_subject ok
  [29/313] rdf-turtle/labeled_blank_node_object ok
  [30/313] rdf-turtle/labeled_blank_node_with_PN_CHARS_BASE_character_boundaries ok
  [31/313] rdf-turtle/labeled_blank_node_with_leading_underscore ok
  [32/313] rdf-turtle/labeled_blank_node_with_leading_digit ok
  [33/313] rdf-turtle/labeled_blank_node_with_non_leading_extras ok
  [34/313] rdf-turtle/anonymous_blank_node_subject ok
  [35/313] rdf-turtle/anonymous_blank_node_object ok
  [36/313] rdf-turtle/sole_blankNodePropertyList ok
  [37/313] rdf-turtle/blankNodePropertyList_as_subject ok
  [38/313] rdf-turtle/blankNodePropertyList_as_object ok
  [39/313] rdf-turtle/blankNodePropertyList_as_object_containing_objectList ok
  [40/313] rdf-turtle/blankNodePropertyList_as_object_containing_objectList_of_two_objects ok
  [41/313] rdf-turtle/blankNodePropertyList_with_multiple_triples ok
  [42/313] rdf-turtle/nested_blankNodePropertyLists ok
  [43/313] rdf-turtle/blankNodePropertyList_containing_collection ok
  [44/313] rdf-turtle/collection_subject ok
  [45/313] rdf-turtle/collection_object ok
  [46/313] rdf-turtle/empty_collection ok
  [47/313] rdf-turtle/nested_collection ok
  [48/313] rdf-turtle/first ok
  [49/313] rdf-turtle/last ok
  [50/313] rdf-turtle/LITERAL1 ok
  [51/313] rdf-turtle/LITERAL1_ascii_boundaries ok
  [52/313] rdf-turtle/LITERAL1_with_UTF8_boundaries ok
  [53/313] rdf-turtle/LITERAL1_all_controls ok
  [54/313] rdf-turtle/LITERAL1_all_punctuation ok
  [55/313] rdf-turtle/LITERAL_LONG1 ok
  [56/313] rdf-turtle/LITERAL_LONG1_ascii_boundaries ok
  [57/313] rdf-turtle/LITERAL_LONG1_with_UTF8_boundaries ok
  [58/313] rdf-turtle/LITERAL_LONG1_with_1_squote ok
  [59/313] rdf-turtle/LITERAL_LONG1_with_2_squotes ok
  [60/313] rdf-turtle/LITERAL2 ok
  [61/313] rdf-turtle/LITERAL2_ascii_boundaries ok
  [62/313] rdf-turtle/LITERAL2_with_UTF8_boundaries ok
  [63/313] rdf-turtle/LITERAL_LONG2 ok
  [64/313] rdf-turtle/LITERAL_LONG2_ascii_boundaries ok
  [65/313] rdf-turtle/LITERAL_LONG2_with_UTF8_boundaries ok
  [66/313] rdf-turtle/LITERAL_LONG2_with_1_squote ok
  [67/313] rdf-turtle/LITERAL_LONG2_with_2_squotes ok
  [68/313] rdf-turtle/literal_with_CHARACTER_TABULATION ok
  [69/313] rdf-turtle/literal_with_BACKSPACE ok
  [70/313] rdf-turtle/literal_with_LINE_FEED ok
  [71/313] rdf-turtle/literal_with_CARRIAGE_RETURN ok
  [72/313] rdf-turtle/literal_with_FORM_FEED ok
  [73/313] rdf-turtle/literal_with_REVERSE_SOLIDUS ok
  [74/313] rdf-turtle/literal_with_escaped_CHARACTER_TABULATION ok
  [75/313] rdf-turtle/literal_with_escaped_BACKSPACE ok
  [76/313] rdf-turtle/literal_with_escaped_LINE_FEED ok
  [77/313] rdf-turtle/literal_with_escaped_CARRIAGE_RETURN ok
  [78/313] rdf-turtle/literal_with_escaped_FORM_FEED ok
  [79/313] rdf-turtle/literal_with_numeric_escape4 ok
  [80/313] rdf-turtle/literal_with_numeric_escape8 ok
  [81/313] rdf-turtle/IRIREF_datatype ok
  [82/313] rdf-turtle/prefixed_name_datatype ok
  [83/313] rdf-turtle/bareword_integer ok
  [84/313] rdf-turtle/bareword_decimal ok
  [85/313] rdf-turtle/bareword_double ok
  [86/313] rdf-turtle/double_lower_case_e ok
  [87/313] rdf-turtle/negative_numeric ok
  [88/313] rdf-turtle/positive_numeric ok
  [89/313] rdf-turtle/numeric_with_leading_0 ok
  [90/313] rdf-turtle/literal_true ok
  [91/313] rdf-turtle/literal_false ok
  [92/313] rdf-turtle/langtagged_non_LONG ok
  [93/313] rdf-turtle/langtagged_LONG ok
  [94/313] rdf-turtle/lantag_with_subtag ok
  [95/313] rdf-turtle/objectList_with_two_objects ok
  [96/313] rdf-turtle/predicateObjectList_with_two_objectLists ok
  [97/313] rdf-turtle/predicateObjectList_with_blankNodePropertyList_as_object ok
  [98/313] rdf-turtle/repeated_semis_at_end ok
  [99/313] rdf-turtle/repeated_semis_not_at_end ok
  [100/313] rdf-turtle/comment_following_localName ok
  [101/313] rdf-turtle/number_sign_following_localName ok
  [102/313] rdf-turtle/comment_following_PNAME_NS ok
  [103/313] rdf-turtle/number_sign_following_PNAME_NS ok
  [104/313] rdf-turtle/LITERAL_LONG2_with_REVERSE_SOLIDUS ok
  [105/313] rdf-turtle/turtle-syntax-bad-num-05 ok
  [106/313] rdf-turtle/two_LITERAL_LONG2s ok
  [107/313] rdf-turtle/langtagged_LONG_with_subtag ok
  [108/313] rdf-turtle/turtle-syntax-file-01 ok
  [109/313] rdf-turtle/turtle-syntax-file-02 ok
  [110/313] rdf-turtle/turtle-syntax-file-03 ok
  [111/313] rdf-turtle/turtle-syntax-uri-01 ok
  [112/313] rdf-turtle/turtle-syntax-uri-02 ok
  [113/313] rdf-turtle/turtle-syntax-uri-03 ok
  [114/313] rdf-turtle/turtle-syntax-uri-04 ok
  [115/313] rdf-turtle/turtle-syntax-base-01 ok
  [116/313] rdf-turtle/turtle-syntax-base-02 ok
  [117/313] rdf-turtle/turtle-syntax-base-03 ok
  [118/313] rdf-turtle/turtle-syntax-base-04 ok
  [119/313] rdf-turtle/turtle-syntax-prefix-01 ok
  [120/313] rdf-turtle/turtle-syntax-prefix-02 ok
  [121/313] rdf-turtle/turtle-syntax-prefix-03 ok
  [122/313] rdf-turtle/turtle-syntax-prefix-04 ok
  [123/313] rdf-turtle/turtle-syntax-prefix-05 ok
  [124/313] rdf-turtle/turtle-syntax-prefix-06 ok
  [125/313] rdf-turtle/turtle-syntax-prefix-07 ok
  [126/313] rdf-turtle/turtle-syntax-prefix-08 ok
  [127/313] rdf-turtle/turtle-syntax-prefix-09 ok
  [128/313] rdf-turtle/turtle-syntax-string-01 ok
  [129/313] rdf-turtle/turtle-syntax-string-02 ok
  [130/313] rdf-turtle/turtle-syntax-string-03 ok
  [131/313] rdf-turtle/turtle-syntax-string-04 ok
  [132/313] rdf-turtle/turtle-syntax-string-05 ok
  [133/313] rdf-turtle/turtle-syntax-string-06 ok
  [134/313] rdf-turtle/turtle-syntax-string-07 ok
  [135/313] rdf-turtle/turtle-syntax-string-08 ok
  [136/313] rdf-turtle/turtle-syntax-string-09 ok
  [137/313] rdf-turtle/turtle-syntax-string-10 ok
  [138/313] rdf-turtle/turtle-syntax-string-11 ok
  [139/313] rdf-turtle/turtle-syntax-str-esc-01 ok
  [140/313] rdf-turtle/turtle-syntax-str-esc-02 ok
  [141/313] rdf-turtle/turtle-syntax-str-esc-03 ok
  [142/313] rdf-turtle/turtle-syntax-pname-esc-01 ok
  [143/313] rdf-turtle/turtle-syntax-pname-esc-02 ok
  [144/313] rdf-turtle/turtle-syntax-pname-esc-03 ok
  [145/313] rdf-turtle/turtle-syntax-bnode-01 ok
  [146/313] rdf-turtle/turtle-syntax-bnode-02 ok
  [147/313] rdf-turtle/turtle-syntax-bnode-03 ok
  [148/313] rdf-turtle/turtle-syntax-bnode-04 ok
  [149/313] rdf-turtle/turtle-syntax-bnode-05 ok
  [150/313] rdf-turtle/turtle-syntax-bnode-06 ok
  [151/313] rdf-turtle/turtle-syntax-bnode-07 ok
  [152/313] rdf-turtle/turtle-syntax-bnode-08 ok
  [153/313] rdf-turtle/turtle-syntax-bnode-09 ok
  [154/313] rdf-turtle/turtle-syntax-bnode-10 ok
  [155/313] rdf-turtle/turtle-syntax-number-01 ok
  [156/313] rdf-turtle/turtle-syntax-number-02 ok
  [157/313] rdf-turtle/turtle-syntax-number-03 ok
  [158/313] rdf-turtle/turtle-syntax-number-04 ok
  [159/313] rdf-turtle/turtle-syntax-number-05 ok
  [160/313] rdf-turtle/turtle-syntax-number-06 ok
  [161/313] rdf-turtle/turtle-syntax-number-07 ok
  [162/313] rdf-turtle/turtle-syntax-number-08 ok
  [163/313] rdf-turtle/turtle-syntax-number-09 ok
  [164/313] rdf-turtle/turtle-syntax-number-10 ok
  [165/313] rdf-turtle/turtle-syntax-number-11 ok
  [166/313] rdf-turtle/turtle-syntax-number-12 ok
  [167/313] rdf-turtle/turtle-syntax-number-13 ok
  [168/313] rdf-turtle/turtle-syntax-datatypes-01 ok
  [169/313] rdf-turtle/turtle-syntax-datatypes-02 ok
  [170/313] rdf-turtle/turtle-syntax-kw-01 ok
  [171/313] rdf-turtle/turtle-syntax-kw-02 ok
  [172/313] rdf-turtle/turtle-syntax-kw-03 ok
  [173/313] rdf-turtle/turtle-syntax-struct-01 ok
  [174/313] rdf-turtle/turtle-syntax-struct-02 ok
  [175/313] rdf-turtle/turtle-syntax-struct-03 ok
  [176/313] rdf-turtle/turtle-syntax-struct-04 ok
  [177/313] rdf-turtle/turtle-syntax-struct-05 ok
  [178/313] rdf-turtle/turtle-eval-lists-01 ok
  [179/313] rdf-turtle/turtle-eval-lists-02 ok
  [180/313] rdf-turtle/turtle-eval-lists-03 ok
  [181/313] rdf-turtle/turtle-eval-lists-04 ok
  [182/313] rdf-turtle/turtle-eval-lists-05 ok
  [183/313] rdf-turtle/turtle-eval-lists-06 ok
  [184/313] rdf-turtle/turtle-syntax-bad-uri-01 ok
  [185/313] rdf-turtle/turtle-syntax-bad-uri-02 ok
  [186/313] rdf-turtle/turtle-syntax-bad-uri-03 ok
  [187/313] rdf-turtle/turtle-syntax-bad-uri-04 ok
  [188/313] rdf-turtle/turtle-syntax-bad-uri-05 ok
  [189/313] rdf-turtle/turtle-syntax-bad-prefix-01 ok
  [190/313] rdf-turtle/turtle-syntax-bad-prefix-02 ok
  [191/313] rdf-turtle/turtle-syntax-bad-prefix-03 ok
  [192/313] rdf-turtle/turtle-syntax-bad-prefix-04 ok
  [193/313] rdf-turtle/turtle-syntax-bad-prefix-05 ok
  [194/313] rdf-turtle/turtle-syntax-bad-base-01 ok
  [195/313] rdf-turtle/turtle-syntax-bad-base-02 ok
  [196/313] rdf-turtle/turtle-syntax-bad-base-03 ok
  [197/313] rdf-turtle/turtle-syntax-bad-bnode-01 ok
  [198/313] rdf-turtle/turtle-syntax-bad-bnode-02 ok
  [199/313] rdf-turtle/turtle-syntax-bad-struct-01 ok
  [200/313] rdf-turtle/turtle-syntax-bad-struct-02 ok
  [201/313] rdf-turtle/turtle-syntax-bad-struct-03 ok
  [202/313] rdf-turtle/turtle-syntax-bad-struct-04 ok
  [203/313] rdf-turtle/turtle-syntax-bad-struct-05 ok
  [204/313] rdf-turtle/turtle-syntax-bad-struct-06 ok
  [205/313] rdf-turtle/turtle-syntax-bad-struct-07 ok
  [206/313] rdf-turtle/turtle-syntax-bad-kw-01 ok
  [207/313] rdf-turtle/turtle-syntax-bad-kw-02 ok
  [208/313] rdf-turtle/turtle-syntax-bad-kw-03 ok
  [209/313] rdf-turtle/turtle-syntax-bad-kw-04 ok
  [210/313] rdf-turtle/turtle-syntax-bad-kw-05 ok
  [211/313] rdf-turtle/turtle-syntax-bad-n3-extras-01 ok
  [212/313] rdf-turtle/turtle-syntax-bad-n3-extras-02 ok
  [213/313] rdf-turtle/turtle-syntax-bad-n3-extras-03 ok
  [214/313] rdf-turtle/turtle-syntax-bad-n3-extras-04 ok
  [215/313] rdf-turtle/turtle-syntax-bad-n3-extras-05 ok
  [216/313] rdf-turtle/turtle-syntax-bad-n3-extras-06 ok
  [217/313] rdf-turtle/turtle-syntax-bad-n3-extras-07 ok
  [218/313] rdf-turtle/turtle-syntax-bad-n3-extras-08 ok
  [219/313] rdf-turtle/turtle-syntax-bad-n3-extras-09 ok
  [220/313] rdf-turtle/turtle-syntax-bad-n3-extras-10 ok
  [221/313] rdf-turtle/turtle-syntax-bad-n3-extras-11 ok
  [222/313] rdf-turtle/turtle-syntax-bad-n3-extras-12 ok
  [223/313] rdf-turtle/turtle-syntax-bad-n3-extras-13 ok
  [224/313] rdf-turtle/turtle-syntax-bad-numeric-escape-01 ok
  [225/313] rdf-turtle/turtle-syntax-bad-numeric-escape-02 ok
  [226/313] rdf-turtle/turtle-syntax-bad-numeric-escape-03 ok
  [227/313] rdf-turtle/turtle-syntax-bad-numeric-escape-04 ok
  [228/313] rdf-turtle/turtle-syntax-bad-numeric-escape-05 ok
  [229/313] rdf-turtle/turtle-syntax-bad-numeric-escape-06 ok
  [230/313] rdf-turtle/turtle-syntax-bad-numeric-escape-07 ok
  [231/313] rdf-turtle/turtle-syntax-bad-numeric-escape-08 ok
  [232/313] rdf-turtle/turtle-syntax-bad-numeric-escape-09 ok
  [233/313] rdf-turtle/turtle-syntax-bad-numeric-escape-10 ok
  [234/313] rdf-turtle/turtle-syntax-bad-struct-08 ok
  [235/313] rdf-turtle/turtle-syntax-bad-struct-09 ok
  [236/313] rdf-turtle/turtle-syntax-bad-struct-10 ok
  [237/313] rdf-turtle/turtle-syntax-bad-struct-11 ok
  [238/313] rdf-turtle/turtle-syntax-bad-struct-12 ok
  [239/313] rdf-turtle/turtle-syntax-bad-struct-13 ok
  [240/313] rdf-turtle/turtle-syntax-bad-struct-14 ok
  [241/313] rdf-turtle/turtle-syntax-bad-struct-15 ok
  [242/313] rdf-turtle/turtle-syntax-bad-struct-16 ok
  [243/313] rdf-turtle/turtle-syntax-bad-struct-17 ok
  [244/313] rdf-turtle/turtle-syntax-bad-lang-01 ok
  [245/313] rdf-turtle/turtle-syntax-bad-esc-01 ok
  [246/313] rdf-turtle/turtle-syntax-bad-esc-02 ok
  [247/313] rdf-turtle/turtle-syntax-bad-esc-03 ok
  [248/313] rdf-turtle/turtle-syntax-bad-esc-04 ok
  [249/313] rdf-turtle/turtle-syntax-bad-pname-01 ok
  [250/313] rdf-turtle/turtle-syntax-bad-pname-02 ok
  [251/313] rdf-turtle/turtle-syntax-bad-pname-03 ok
  [252/313] rdf-turtle/turtle-syntax-bad-string-01 ok
  [253/313] rdf-turtle/turtle-syntax-bad-string-02 ok
  [254/313] rdf-turtle/turtle-syntax-bad-string-03 ok
  [255/313] rdf-turtle/turtle-syntax-bad-string-04 ok
  [256/313] rdf-turtle/turtle-syntax-bad-string-05 ok
  [257/313] rdf-turtle/turtle-syntax-bad-string-06 ok
  [258/313] rdf-turtle/turtle-syntax-bad-string-07 ok
  [259/313] rdf-turtle/turtle-syntax-bad-num-01 ok
  [260/313] rdf-turtle/turtle-syntax-bad-num-02 ok
  [261/313] rdf-turtle/turtle-syntax-bad-num-03 ok
  [262/313] rdf-turtle/turtle-syntax-bad-num-04 ok
  [263/313] rdf-turtle/turtle-syntax-bad-num-05 ok
  [264/313] rdf-turtle/turtle-eval-struct-01 ok
  [265/313] rdf-turtle/turtle-eval-struct-02 ok
  [266/313] rdf-turtle/turtle-subm-01 ok
  [267/313] rdf-turtle/turtle-subm-02 ok
  [268/313] rdf-turtle/turtle-subm-03 ok
  [269/313] rdf-turtle/turtle-subm-04 ok
  [270/313] rdf-turtle/turtle-subm-05 ok
  [271/313] rdf-turtle/turtle-subm-06 ok
  [272/313] rdf-turtle/turtle-subm-07 ok
  [273/313] rdf-turtle/turtle-subm-08 ok
  [274/313] rdf-turtle/turtle-subm-09 ok
  [275/313] rdf-turtle/turtle-subm-10 ok
  [276/313] rdf-turtle/turtle-subm-11 ok
  [277/313] rdf-turtle/turtle-subm-12 ok
  [278/313] rdf-turtle/turtle-subm-13 ok
  [279/313] rdf-turtle/turtle-subm-14 ok
  [280/313] rdf-turtle/turtle-subm-15 ok
  [281/313] rdf-turtle/turtle-subm-16 ok
  [282/313] rdf-turtle/turtle-subm-17 ok
  [283/313] rdf-turtle/turtle-subm-18 ok
  [284/313] rdf-turtle/turtle-subm-19 ok
  [285/313] rdf-turtle/turtle-subm-20 ok
  [286/313] rdf-turtle/turtle-subm-21 ok
  [287/313] rdf-turtle/turtle-subm-22 ok
  [288/313] rdf-turtle/turtle-subm-23 ok
  [289/313] rdf-turtle/turtle-subm-24 ok
  [290/313] rdf-turtle/turtle-subm-25 ok
  [291/313] rdf-turtle/turtle-subm-26 ok
  [292/313] rdf-turtle/turtle-subm-27 ok
  [293/313] rdf-turtle/turtle-eval-bad-01 ok
  [294/313] rdf-turtle/turtle-eval-bad-02 ok
  [295/313] rdf-turtle/turtle-eval-bad-03 ok
  [296/313] rdf-turtle/turtle-eval-bad-04 ok
  [297/313] rdf-turtle/turtle-syntax-bad-blank-label-dot-end ok
  [298/313] rdf-turtle/turtle-syntax-bad-ln-dash-start ok
  [299/313] rdf-turtle/turtle-syntax-bad-ln-escape-start ok
  [300/313] rdf-turtle/turtle-syntax-bad-ln-escape ok
  [301/313] rdf-turtle/turtle-syntax-bad-missing-ns-dot-end ok
  [302/313] rdf-turtle/turtle-syntax-bad-missing-ns-dot-start ok
  [303/313] rdf-turtle/turtle-syntax-bad-ns-dot-end ok
  [304/313] rdf-turtle/turtle-syntax-bad-ns-dot-start ok
  [305/313] rdf-turtle/turtle-syntax-bad-number-dot-in-anon ok
  [306/313] rdf-turtle/turtle-syntax-blank-label ok
  [307/313] rdf-turtle/turtle-syntax-ln-colons ok
  [308/313] rdf-turtle/turtle-syntax-ln-dots ok
  [309/313] rdf-turtle/turtle-syntax-ns-dots ok
  [310/313] rdf-turtle/IRI-resolution-01 ok
  [311/313] rdf-turtle/IRI-resolution-02 ok
  [312/313] rdf-turtle/IRI-resolution-07 ok
  [313/313] rdf-turtle/IRI-resolution-08 ok
  [1/166] rdf-xml/amp-in-url-test001 ok
  [2/166] rdf-xml/datatypes-test001 ok
  [3/166] rdf-xml/datatypes-test002 ok
  [4/166] rdf-xml/rdf-charmod-literals-test001 ok
  [5/166] rdf-xml/rdf-charmod-uris-test001 ok
  [6/166] rdf-xml/rdf-charmod-uris-test002 ok
  [7/166] rdf-xml/rdf-containers-syntax-vs-schema-error001 ok
  [8/166] rdf-xml/rdf-containers-syntax-vs-schema-error002 ok
  [9/166] rdf-xml/rdf-containers-syntax-vs-schema-test001 ok
  [10/166] rdf-xml/rdf-containers-syntax-vs-schema-test002 ok
  [11/166] rdf-xml/rdf-containers-syntax-vs-schema-test003 ok
  [12/166] rdf-xml/rdf-containers-syntax-vs-schema-test004 ok
  [13/166] rdf-xml/rdf-containers-syntax-vs-schema-test006 ok
  [14/166] rdf-xml/rdf-containers-syntax-vs-schema-test007 ok
  [15/166] rdf-xml/rdf-containers-syntax-vs-schema-test008 ok
  [16/166] rdf-xml/rdf-element-not-mandatory-test001 ok
  [17/166] rdf-xml/rdf-node-element-test001 ok
  [18/166] rdf-xml/rdf-ns-prefix-confusion-test0001 ok
  [19/166] rdf-xml/rdf-ns-prefix-confusion-test0003 ok
  [20/166] rdf-xml/rdf-ns-prefix-confusion-test0004 ok
  [21/166] rdf-xml/rdf-ns-prefix-confusion-test0005 ok
  [22/166] rdf-xml/rdf-ns-prefix-confusion-test0006 ok
  [23/166] rdf-xml/rdf-ns-prefix-confusion-test0009 ok
  [24/166] rdf-xml/rdf-ns-prefix-confusion-test0010 ok
  [25/166] rdf-xml/rdf-ns-prefix-confusion-test0011 ok
  [26/166] rdf-xml/rdf-ns-prefix-confusion-test0012 ok
  [27/166] rdf-xml/rdf-ns-prefix-confusion-test0013 ok
  [28/166] rdf-xml/rdf-ns-prefix-confusion-test0014 ok
  [29/166] rdf-xml/rdfms-abouteach-error001 ok
  [30/166] rdf-xml/rdfms-abouteach-error002 ok
  [31/166] rdf-xml/rdfms-difference-between-ID-and-about-error1 ok
  [32/166] rdf-xml/rdfms-difference-between-ID-and-about-test1 ok
  [33/166] rdf-xml/rdfms-difference-between-ID-and-about-test2 ok
  [34/166] rdf-xml/rdfms-difference-between-ID-and-about-test3 ok
  [35/166] rdf-xml/rdfms-duplicate-member-props-test001 ok
  [36/166] rdf-xml/rdfms-empty-property-elements-error001 ok
  [37/166] rdf-xml/rdfms-empty-property-elements-error002 ok
  [38/166] rdf-xml/rdfms-empty-property-elements-test001 ok
  [39/166] rdf-xml/rdfms-empty-property-elements-test002 ok
  [40/166] rdf-xml/rdfms-empty-property-elements-test004 ok
  [41/166] rdf-xml/rdfms-empty-property-elements-test005 ok
  [42/166] rdf-xml/rdfms-empty-property-elements-test006 ok
  [43/166] rdf-xml/rdfms-empty-property-elements-test007 ok
  [44/166] rdf-xml/rdfms-empty-property-elements-test008 ok
  [45/166] rdf-xml/rdfms-empty-property-elements-test010 ok
  [46/166] rdf-xml/rdfms-empty-property-elements-test011 ok
  [47/166] rdf-xml/rdfms-empty-property-elements-test012 ok
  [48/166] rdf-xml/rdfms-empty-property-elements-test013 ok
  [49/166] rdf-xml/rdfms-empty-property-elements-test014 ok
  [50/166] rdf-xml/rdfms-empty-property-elements-test015 ok
  [51/166] rdf-xml/rdfms-empty-property-elements-test016 ok
  [52/166] rdf-xml/rdfms-empty-property-elements-test017 ok
  [53/166] rdf-xml/rdfms-identity-anon-resources-test001 ok
  [54/166] rdf-xml/rdfms-identity-anon-resources-test002 ok
  [55/166] rdf-xml/rdfms-identity-anon-resources-test003 ok
  [56/166] rdf-xml/rdfms-identity-anon-resources-test004 ok
  [57/166] rdf-xml/rdfms-identity-anon-resources-test005 ok
  [58/166] rdf-xml/rdfms-not-id-and-resource-attr-test001 ok
  [59/166] rdf-xml/rdfms-not-id-and-resource-attr-test002 ok
  [60/166] rdf-xml/rdfms-not-id-and-resource-attr-test004 ok
  [61/166] rdf-xml/rdfms-not-id-and-resource-attr-test005 ok
  [62/166] rdf-xml/rdfms-para196-test001 ok
  [63/166] rdf-xml/rdfms-rdf-id-error001 ok
  [64/166] rdf-xml/rdfms-rdf-id-error002 ok
  [65/166] rdf-xml/rdfms-rdf-id-error003 ok
  [66/166] rdf-xml/rdfms-rdf-id-error004 ok
  [67/166] rdf-xml/rdfms-rdf-id-error005 ok
  [68/166] rdf-xml/rdfms-rdf-id-error006 ok
  [69/166] rdf-xml/rdfms-rdf-id-error007 ok
  [70/166] rdf-xml/rdfms-rdf-names-use-error-001 ok
  [71/166] rdf-xml/rdfms-rdf-names-use-error-002 ok
  [72/166] rdf-xml/rdfms-rdf-names-use-error-003 ok
  [73/166] rdf-xml/rdfms-rdf-names-use-error-004 ok
  [74/166] rdf-xml/rdfms-rdf-names-use-error-005 ok
  [75/166] rdf-xml/rdfms-rdf-names-use-error-006 ok
  [76/166] rdf-xml/rdfms-rdf-names-use-error-007 ok
  [77/166] rdf-xml/rdfms-rdf-names-use-error-008 ok
  [78/166] rdf-xml/rdfms-rdf-names-use-error-009 ok
  [79/166] rdf-xml/rdfms-rdf-names-use-error-010 ok
  [80/166] rdf-xml/rdfms-rdf-names-use-error-011 ok
  [81/166] rdf-xml/rdfms-rdf-names-use-error-012 ok
  [82/166] rdf-xml/rdfms-rdf-names-use-error-013 ok
  [83/166] rdf-xml/rdfms-rdf-names-use-error-014 ok
  [84/166] rdf-xml/rdfms-rdf-names-use-error-015 ok
  [85/166] rdf-xml/rdfms-rdf-names-use-error-016 ok
  [86/166] rdf-xml/rdfms-rdf-names-use-error-017 ok
  [87/166] rdf-xml/rdfms-rdf-names-use-error-018 ok
  [88/166] rdf-xml/rdfms-rdf-names-use-error-019 ok
  [89/166] rdf-xml/rdfms-rdf-names-use-error-020 ok
  [90/166] rdf-xml/rdfms-rdf-names-use-test-001 ok
  [91/166] rdf-xml/rdfms-rdf-names-use-test-002 ok
  [92/166] rdf-xml/rdfms-rdf-names-use-test-003 ok
  [93/166] rdf-xml/rdfms-rdf-names-use-test-004 ok
  [94/166] rdf-xml/rdfms-rdf-names-use-test-005 ok
  [95/166] rdf-xml/rdfms-rdf-names-use-test-006 ok
  [96/166] rdf-xml/rdfms-rdf-names-use-test-007 ok
  [97/166] rdf-xml/rdfms-rdf-names-use-test-008 ok
  [98/166] rdf-xml/rdfms-rdf-names-use-test-009 ok
  [99/166] rdf-xml/rdfms-rdf-names-use-test-010 ok
  [100/166] rdf-xml/rdfms-rdf-names-use-test-011 ok
  [101/166] rdf-xml/rdfms-rdf-names-use-test-012 ok
  [102/166] rdf-xml/rdfms-rdf-names-use-test-013 ok
  [103/166] rdf-xml/rdfms-rdf-names-use-test-014 ok
  [104/166] rdf-xml/rdfms-rdf-names-use-test-015 ok
  [105/166] rdf-xml/rdfms-rdf-names-use-test-016 ok
  [106/166] rdf-xml/rdfms-rdf-names-use-test-017 ok
  [107/166] rdf-xml/rdfms-rdf-names-use-test-018 ok
  [108/166] rdf-xml/rdfms-rdf-names-use-test-019 ok
  [109/166] rdf-xml/rdfms-rdf-names-use-test-020 ok
  [110/166] rdf-xml/rdfms-rdf-names-use-test-021 ok
  [111/166] rdf-xml/rdfms-rdf-names-use-test-022 ok
  [112/166] rdf-xml/rdfms-rdf-names-use-test-023 ok
  [113/166] rdf-xml/rdfms-rdf-names-use-test-024 ok
  [114/166] rdf-xml/rdfms-rdf-names-use-test-025 ok
  [115/166] rdf-xml/rdfms-rdf-names-use-test-026 ok
  [116/166] rdf-xml/rdfms-rdf-names-use-test-027 ok
  [117/166] rdf-xml/rdfms-rdf-names-use-test-028 ok
  [118/166] rdf-xml/rdfms-rdf-names-use-test-029 ok
  [119/166] rdf-xml/rdfms-rdf-names-use-test-030 ok
  [120/166] rdf-xml/rdfms-rdf-names-use-test-031 ok
  [121/166] rdf-xml/rdfms-rdf-names-use-test-032 ok
  [122/166] rdf-xml/rdfms-rdf-names-use-test-033 ok
  [123/166] rdf-xml/rdfms-rdf-names-use-test-034 ok
  [124/166] rdf-xml/rdfms-rdf-names-use-test-035 ok
  [125/166] rdf-xml/rdfms-rdf-names-use-test-036 ok
  [126/166] rdf-xml/rdfms-rdf-names-use-test-037 ok
  [127/166] rdf-xml/rdfms-rdf-names-use-warn-001 ok
  [128/166] rdf-xml/rdfms-rdf-names-use-warn-002 ok
  [129/166] rdf-xml/rdfms-rdf-names-use-warn-003 ok
  [130/166] rdf-xml/rdfms-reification-required-test001 ok
  [131/166] rdf-xml/rdfms-reification-required-test002 ok
  [132/166] rdf-xml/rdfms-seq-representation-test001 ok
  [133/166] rdf-xml/rdfms-seq-representation-test002 ok
  [134/166] rdf-xml/rdfms-syntax-incomplete-test001 ok
  [135/166] rdf-xml/rdfms-syntax-incomplete-test002 ok
  [136/166] rdf-xml/rdfms-syntax-incomplete-test003 ok
  [137/166] rdf-xml/rdfms-syntax-incomplete-test004 ok
  [138/166] rdf-xml/rdfms-syntax-incomplete-error001 ok
  [139/166] rdf-xml/rdfms-syntax-incomplete-error002 ok
  [140/166] rdf-xml/rdfms-syntax-incomplete-error003 ok
  [141/166] rdf-xml/rdfms-syntax-incomplete-error004 ok
  [142/166] rdf-xml/rdfms-syntax-incomplete-error005 ok
  [143/166] rdf-xml/rdfms-syntax-incomplete-error006 ok
  [144/166] rdf-xml/rdfms-uri-substructure-test001 ok
  [145/166] rdf-xml/rdfms-xmllang-test003 ok
  [146/166] rdf-xml/rdfms-xmllang-test004 ok
  [147/166] rdf-xml/rdfms-xmllang-test005 ok
  [148/166] rdf-xml/rdfms-xmllang-test006 ok
  [149/166] rdf-xml/rdfs-domain-and-range-test001 ok
  [150/166] rdf-xml/rdfs-domain-and-range-test002 ok
  [151/166] rdf-xml/unrecognised-xml-attributes-test001 ok
  [152/166] rdf-xml/unrecognised-xml-attributes-test002 ok
  [153/166] rdf-xml/xml-canon-test001 ok
  [154/166] rdf-xml/xml-canon-test002 ok
  [155/166] rdf-xml/xmlbase-test001 ok
  [156/166] rdf-xml/xmlbase-test002 ok
  [157/166] rdf-xml/xmlbase-test003 ok
  [158/166] rdf-xml/xmlbase-test004 ok
  [159/166] rdf-xml/xmlbase-test006 ok
  [160/166] rdf-xml/xmlbase-test007 ok
  [161/166] rdf-xml/xmlbase-test008 ok
  [162/166] rdf-xml/xmlbase-test009 ok
  [163/166] rdf-xml/xmlbase-test010 ok
  [164/166] rdf-xml/xmlbase-test011 ok
  [165/166] rdf-xml/xmlbase-test013 ok
  [166/166] rdf-xml/xmlbase-test014 ok
=== W3C RDF 1.1 Test Runner ===
Test base: third_party/testing/w3c/rdf/rdf11


--- rdf-mt ---
  PASS: datatypes-intensional-xsd-integer-decimal-compatible
  PASS: datatypes-non-well-formed-literal-1
  PASS: datatypes-non-well-formed-literal-2
  PASS: datatypes-semantic-equivalence-within-type-1
  PASS: datatypes-semantic-equivalence-within-type-2
  PASS: datatypes-semantic-equivalence-between-datatypes
  PASS: datatypes-range-clash
  PASS: datatypes-test008
  PASS: datatypes-test009
  PASS: datatypes-test010
  PASS: datatypes-plain-literal-and-xsd-string
  PASS: horst-01-subClassOf-intensional
  PASS: horst-01-subPropertyOf-intensional
  PASS: rdf-charmod-uris-test003
  PASS: rdf-charmod-uris-test004
  PASS: rdfms-seq-representation-test002
  PASS: rdfms-seq-representation-test003
  PASS: rdfms-seq-representation-test004
  PASS: rdfms-xmllang-test007a
  PASS: rdfms-xmllang-test007b
  PASS: rdfms-xmllang-test007c
  PASS: rdfs-container-membership-superProperty-test001
  PASS: rdfs-domain-and-range-intensionality-range
  PASS: rdfs-domain-and-range-intensionality-domain
  unsup: rdfs-entailment-test001 — rdf:XMLLiteral well-formedness detection not implemented (RDF 1.1 sec 5.1: XMLLiteral support is optional)
  PASS: rdfs-entailment-test002
  PASS: rdfs-no-cycles-in-subClassOf-test001
  PASS: rdfs-no-cycles-in-subPropertyOf-test001
  PASS: rdfs-subClassOf-a-Property-test001
  PASS: rdfs-subPropertyOf-semantics-test001
  PASS: statement-entailment-test001
  PASS: statement-entailment-test002
  PASS: statement-entailment-test003
  PASS: statement-entailment-test004
  PASS: tex-01-language-tag-case-1
  PASS: tex-01-language-tag-case-2
  PASS: xmlsch-02-whitespace-facet-1
  PASS: xmlsch-02-whitespace-facet-2
  PASS: xmlsch-02-whitespace-facet-4
  [suite time: 0.0s]

--- rdf-n-quads ---
  PASS: nq-syntax-uri-01
  PASS: nq-syntax-uri-02
  PASS: nq-syntax-uri-03
  PASS: nq-syntax-uri-04
  PASS: nq-syntax-uri-05
  PASS: nq-syntax-uri-06
  PASS: nq-syntax-bnode-01
  PASS: nq-syntax-bnode-02
  PASS: nq-syntax-bnode-03
  PASS: nq-syntax-bnode-04
  PASS: nq-syntax-bnode-05
  PASS: nq-syntax-bnode-06
  PASS: nq-syntax-bad-literal-01
  PASS: nq-syntax-bad-literal-02
  PASS: nq-syntax-bad-literal-03
  PASS: nq-syntax-bad-uri-01
  PASS: nq-syntax-bad-quint-01
  PASS: nt-syntax-file-01
  PASS: nt-syntax-file-02
  PASS: nt-syntax-file-03
  PASS: nt-syntax-uri-01
  PASS: nt-syntax-uri-02
  PASS: nt-syntax-uri-03
  PASS: nt-syntax-uri-04
  PASS: nt-syntax-string-01
  PASS: nt-syntax-string-02
  PASS: nt-syntax-string-03
  PASS: nt-syntax-str-esc-01
  PASS: nt-syntax-str-esc-02
  PASS: nt-syntax-str-esc-03
  PASS: nt-syntax-bnode-01
  PASS: nt-syntax-bnode-02
  PASS: nt-syntax-bnode-03
  PASS: nt-syntax-datatypes-01
  PASS: nt-syntax-datatypes-02
  PASS: nt-syntax-bad-uri-01
  PASS: nt-syntax-bad-uri-02
  PASS: nt-syntax-bad-uri-03
  PASS: nt-syntax-bad-uri-04
  PASS: nt-syntax-bad-uri-05
  PASS: nt-syntax-bad-uri-06
  PASS: nt-syntax-bad-uri-07
  PASS: nt-syntax-bad-uri-08
  PASS: nt-syntax-bad-uri-09
  PASS: nt-syntax-bad-prefix-01
  PASS: nt-syntax-bad-base-01
  PASS: nt-syntax-bad-bnode-01
  PASS: nt-syntax-bad-bnode-02
  PASS: nt-syntax-bad-struct-01
  PASS: nt-syntax-bad-struct-02
  PASS: nt-syntax-bad-lang-01
  PASS: nt-syntax-bad-esc-01
  PASS: nt-syntax-bad-esc-02
  PASS: nt-syntax-bad-esc-03
  PASS: nt-syntax-bad-string-01
  PASS: nt-syntax-bad-string-02
  PASS: nt-syntax-bad-string-03
  PASS: nt-syntax-bad-string-04
  PASS: nt-syntax-bad-string-05
  PASS: nt-syntax-bad-string-06
  PASS: nt-syntax-bad-string-07
  PASS: nt-syntax-bad-num-01
  PASS: nt-syntax-bad-num-02
  PASS: nt-syntax-bad-num-03
  PASS: nt-syntax-subm-01
  PASS: comment_following_triple
  PASS: literal
  PASS: literal_all_controls
  PASS: literal_all_punctuation
  PASS: literal_ascii_boundaries
  PASS: literal_with_2_dquotes
  PASS: literal_with_2_squotes
  PASS: literal_with_BACKSPACE
  PASS: literal_with_CARRIAGE_RETURN
  PASS: literal_with_CHARACTER_TABULATION
  PASS: literal_with_dquote
  PASS: literal_with_FORM_FEED
  PASS: literal_with_LINE_FEED
  PASS: literal_with_numeric_escape4
  PASS: literal_with_numeric_escape8
  PASS: literal_with_REVERSE_SOLIDUS
  PASS: literal_with_REVERSE_SOLIDUS2
  PASS: literal_with_squote
  PASS: literal_with_UTF8_boundaries
  PASS: langtagged_string
  PASS: lantag_with_subtag
  PASS: minimal_whitespace
  [suite time: 0.0s]

--- rdf-n-triples ---
  PASS: nt-syntax-file-01
  PASS: nt-syntax-file-02
  PASS: nt-syntax-file-03
  PASS: nt-syntax-uri-01
  PASS: nt-syntax-uri-02
  PASS: nt-syntax-uri-03
  PASS: nt-syntax-uri-04
  PASS: nt-syntax-string-01
  PASS: nt-syntax-string-02
  PASS: nt-syntax-string-03
  PASS: nt-syntax-str-esc-01
  PASS: nt-syntax-str-esc-02
  PASS: nt-syntax-str-esc-03
  PASS: nt-syntax-bnode-01
  PASS: nt-syntax-bnode-02
  PASS: nt-syntax-bnode-03
  PASS: nt-syntax-datatypes-01
  PASS: nt-syntax-datatypes-02
  PASS: nt-syntax-bad-uri-01
  PASS: nt-syntax-bad-uri-02
  PASS: nt-syntax-bad-uri-03
  PASS: nt-syntax-bad-uri-04
  PASS: nt-syntax-bad-uri-05
  PASS: nt-syntax-bad-uri-06
  PASS: nt-syntax-bad-uri-07
  PASS: nt-syntax-bad-uri-08
  PASS: nt-syntax-bad-uri-09
  PASS: nt-syntax-bad-prefix-01
  PASS: nt-syntax-bad-base-01
  PASS: nt-syntax-bad-bnode-01
  PASS: nt-syntax-bad-bnode-02
  PASS: nt-syntax-bad-struct-01
  PASS: nt-syntax-bad-struct-02
  PASS: nt-syntax-bad-lang-01
  PASS: nt-syntax-bad-esc-01
  PASS: nt-syntax-bad-esc-02
  PASS: nt-syntax-bad-esc-03
  PASS: nt-syntax-bad-string-01
  PASS: nt-syntax-bad-string-02
  PASS: nt-syntax-bad-string-03
  PASS: nt-syntax-bad-string-04
  PASS: nt-syntax-bad-string-05
  PASS: nt-syntax-bad-string-06
  PASS: nt-syntax-bad-string-07
  PASS: nt-syntax-bad-num-01
  PASS: nt-syntax-bad-num-02
  PASS: nt-syntax-bad-num-03
  PASS: nt-syntax-subm-01
  PASS: comment_following_triple
  PASS: literal
  PASS: literal_all_controls
  PASS: literal_all_punctuation
  PASS: literal_ascii_boundaries
  PASS: literal_with_2_dquotes
  PASS: literal_with_2_squotes
  PASS: literal_with_BACKSPACE
  PASS: literal_with_CARRIAGE_RETURN
  PASS: literal_with_CHARACTER_TABULATION
  PASS: literal_with_dquote
  PASS: literal_with_FORM_FEED
  PASS: literal_with_LINE_FEED
  PASS: literal_with_numeric_escape4
  PASS: literal_with_numeric_escape8
  PASS: literal_with_REVERSE_SOLIDUS
  PASS: literal_with_REVERSE_SOLIDUS2
  PASS: literal_with_squote
  PASS: literal_with_UTF8_boundaries
  PASS: langtagged_string
  PASS: lantag_with_subtag
  PASS: minimal_whitespace
  [suite time: 0.0s]

--- rdf-trig ---
  PASS: anonymous_blank_node_graph
  PASS: labeled_blank_node_graph
  PASS: alternating_iri_graphs
  PASS: alternating_bnode_graphs
  PASS: trig-syntax-bad-base-04
  PASS: trig-syntax-bad-base-05
  PASS: trig-syntax-bad-prefix-06
  PASS: trig-syntax-bad-prefix-07
  PASS: trig-syntax-struct-06
  PASS: trig-syntax-struct-07
  PASS: trig-syntax-minimal-whitespace-01
  PASS: IRI_subject
  PASS: IRI_with_four_digit_numeric_escape
  PASS: IRI_with_eight_digit_numeric_escape
  PASS: IRI_with_all_punctuation
  PASS: bareword_a_predicate
  PASS: old_style_prefix
  PASS: SPARQL_style_prefix
  PASS: prefixed_IRI_predicate
  PASS: prefixed_IRI_object
  PASS: prefix_only_IRI
  PASS: prefix_with_PN_CHARS_BASE_character_boundaries
  PASS: prefix_with_non_leading_extras
  PASS: default_namespace_IRI
  PASS: prefix_reassigned_and_used
  PASS: reserved_escaped_localName
  PASS: percent_escaped_localName
  PASS: HYPHEN_MINUS_in_localName
  PASS: underscore_in_localName
  PASS: localname_with_COLON
  PASS: localName_with_assigned_nfc_bmp_PN_CHARS_BASE_character_boundaries
  PASS: localName_with_assigned_nfc_PN_CHARS_BASE_character_boundaries
  PASS: localName_with_nfc_PN_CHARS_BASE_character_boundaries
  PASS: localName_with_leading_underscore
  PASS: localName_with_leading_digit
  PASS: localName_with_non_leading_extras
  PASS: old_style_base
  PASS: SPARQL_style_base
  PASS: labeled_blank_node_subject
  PASS: labeled_blank_node_object
  PASS: labeled_blank_node_with_PN_CHARS_BASE_character_boundaries
  PASS: labeled_blank_node_with_leading_underscore
  PASS: labeled_blank_node_with_leading_digit
  PASS: labeled_blank_node_with_non_leading_extras
  PASS: anonymous_blank_node_subject
  PASS: anonymous_blank_node_object
  PASS: sole_blankNodePropertyList
  PASS: blankNodePropertyList_as_subject
  PASS: blankNodePropertyList_as_object
  PASS: blankNodePropertyList_as_object_containing_objectList
  PASS: blankNodePropertyList_as_object_containing_objectList_of_two_objects
  PASS: blankNodePropertyList_with_multiple_triples
  PASS: nested_blankNodePropertyLists
  PASS: blankNodePropertyList_containing_collection
  PASS: collection_subject
  PASS: collection_object
  PASS: empty_collection
  PASS: nested_collection
  PASS: first
  PASS: last
  PASS: LITERAL1
  PASS: LITERAL1_ascii_boundaries
  PASS: LITERAL1_with_UTF8_boundaries
  PASS: LITERAL1_all_controls
  PASS: LITERAL1_all_punctuation
  PASS: LITERAL_LONG1
  PASS: LITERAL_LONG1_ascii_boundaries
  PASS: LITERAL_LONG1_with_UTF8_boundaries
  PASS: LITERAL_LONG1_with_1_squote
  PASS: LITERAL_LONG1_with_2_squotes
  PASS: LITERAL2
  PASS: LITERAL2_ascii_boundaries
  PASS: LITERAL2_with_UTF8_boundaries
  PASS: LITERAL_LONG2
  PASS: LITERAL_LONG2_ascii_boundaries
  PASS: LITERAL_LONG2_with_UTF8_boundaries
  PASS: LITERAL_LONG2_with_1_squote
  PASS: LITERAL_LONG2_with_2_squotes
  PASS: literal_with_CHARACTER_TABULATION
  PASS: literal_with_BACKSPACE
  PASS: literal_with_LINE_FEED
  PASS: literal_with_CARRIAGE_RETURN
  PASS: literal_with_FORM_FEED
  PASS: literal_with_REVERSE_SOLIDUS
  PASS: literal_with_escaped_CHARACTER_TABULATION
  PASS: literal_with_escaped_BACKSPACE
  PASS: literal_with_escaped_LINE_FEED
  PASS: literal_with_escaped_CARRIAGE_RETURN
  PASS: literal_with_escaped_FORM_FEED
  PASS: literal_with_numeric_escape4
  PASS: literal_with_numeric_escape8
  PASS: IRIREF_datatype
  PASS: prefixed_name_datatype
  PASS: bareword_integer
  PASS: bareword_decimal
  PASS: bareword_double
  PASS: double_lower_case_e
  PASS: negative_numeric
  PASS: positive_numeric
  PASS: numeric_with_leading_0
  PASS: literal_true
  PASS: literal_false
  PASS: langtagged_non_LONG
  PASS: langtagged_LONG
  PASS: lantag_with_subtag
  PASS: objectList_with_two_objects
  PASS: predicateObjectList_with_two_objectLists
  PASS: predicateObjectList_with_blankNodePropertyList_as_object
  PASS: repeated_semis_at_end
  PASS: repeated_semis_not_at_end
  PASS: comment_following_localName
  PASS: number_sign_following_localName
  PASS: comment_following_PNAME_NS
  PASS: number_sign_following_PNAME_NS
  PASS: LITERAL_LONG2_with_REVERSE_SOLIDUS
  PASS: trig-syntax-bad-num-05
  PASS: two_LITERAL_LONG2s
  PASS: langtagged_LONG_with_subtag
  PASS: trig-syntax-file-01
  PASS: trig-syntax-file-02
  PASS: trig-syntax-file-03
  PASS: trig-syntax-uri-01
  PASS: trig-syntax-uri-02
  PASS: trig-syntax-uri-03
  PASS: trig-syntax-uri-04
  PASS: trig-syntax-base-01
  PASS: trig-syntax-base-02
  PASS: trig-syntax-base-03
  PASS: trig-syntax-base-04
  PASS: trig-syntax-prefix-01
  PASS: trig-syntax-prefix-02
  PASS: trig-syntax-prefix-03
  PASS: trig-syntax-prefix-04
  PASS: trig-syntax-prefix-05
  PASS: trig-syntax-prefix-06
  PASS: trig-syntax-prefix-07
  PASS: trig-syntax-prefix-08
  PASS: trig-syntax-prefix-09
  PASS: trig-syntax-string-01
  PASS: trig-syntax-string-02
  PASS: trig-syntax-string-03
  PASS: trig-syntax-string-04
  PASS: trig-syntax-string-05
  PASS: trig-syntax-string-06
  PASS: trig-syntax-string-07
  PASS: trig-syntax-string-08
  PASS: trig-syntax-string-09
  PASS: trig-syntax-string-10
  PASS: trig-syntax-string-11
  PASS: trig-syntax-str-esc-01
  PASS: trig-syntax-str-esc-02
  PASS: trig-syntax-str-esc-03
  PASS: trig-syntax-pname-esc-01
  PASS: trig-syntax-pname-esc-02
  PASS: trig-syntax-pname-esc-03
  PASS: trig-syntax-bnode-01
  PASS: trig-syntax-bnode-02
  PASS: trig-syntax-bnode-03
  PASS: trig-syntax-bnode-04
  PASS: trig-syntax-bnode-05
  PASS: trig-syntax-bnode-06
  PASS: trig-syntax-bnode-07
  PASS: trig-syntax-bnode-08
  PASS: trig-syntax-bnode-09
  PASS: trig-syntax-bnode-10
  PASS: trig-syntax-number-01
  PASS: trig-syntax-number-02
  PASS: trig-syntax-number-03
  PASS: trig-syntax-number-04
  PASS: trig-syntax-number-05
  PASS: trig-syntax-number-06
  PASS: trig-syntax-number-07
  PASS: trig-syntax-number-08
  PASS: trig-syntax-number-09
  PASS: trig-syntax-number-10
  PASS: trig-syntax-number-11
  PASS: trig-syntax-number-12
  PASS: trig-syntax-number-13
  PASS: trig-syntax-datatypes-01
  PASS: trig-syntax-datatypes-02
  PASS: trig-syntax-kw-01
  PASS: trig-syntax-kw-02
  PASS: trig-syntax-kw-03
  PASS: trig-syntax-struct-01
  PASS: trig-syntax-struct-02
  PASS: trig-syntax-struct-03
  PASS: trig-syntax-struct-04
  PASS: trig-syntax-struct-05
  PASS: trig-syntax-lists-01
  PASS: trig-syntax-lists-02
  PASS: trig-syntax-lists-03
  PASS: trig-syntax-lists-04
  PASS: trig-syntax-lists-05
  PASS: trig-syntax-bad-uri-01
  PASS: trig-syntax-bad-uri-02
  PASS: trig-syntax-bad-uri-03
  PASS: trig-syntax-bad-uri-04
  PASS: trig-syntax-bad-uri-05
  PASS: trig-syntax-bad-prefix-01
  PASS: trig-syntax-bad-prefix-02
  PASS: trig-syntax-bad-prefix-03
  PASS: trig-syntax-bad-prefix-04
  PASS: trig-syntax-bad-prefix-05
  PASS: trig-syntax-bad-base-01
  PASS: trig-syntax-bad-base-02
  PASS: trig-syntax-bad-base-03
  PASS: trig-syntax-bad-bnode-01
  PASS: trig-syntax-bad-bnode-02
  PASS: trig-syntax-bad-struct-02
  PASS: trig-syntax-bad-struct-03
  PASS: trig-syntax-bad-struct-04
  PASS: trig-syntax-bad-struct-05
  PASS: trig-syntax-bad-struct-06
  PASS: trig-syntax-bad-struct-07
  PASS: trig-syntax-bad-kw-01
  PASS: trig-syntax-bad-kw-02
  PASS: trig-syntax-bad-kw-03
  PASS: trig-syntax-bad-kw-04
  PASS: trig-syntax-bad-kw-05
  PASS: trig-syntax-bad-n3-extras-01
  PASS: trig-syntax-bad-n3-extras-02
  PASS: trig-syntax-bad-n3-extras-03
  PASS: trig-syntax-bad-n3-extras-04
  PASS: trig-syntax-bad-n3-extras-05
  PASS: trig-syntax-bad-n3-extras-06
  PASS: trig-syntax-bad-n3-extras-07
  PASS: trig-syntax-bad-n3-extras-08
  PASS: trig-syntax-bad-n3-extras-09
  PASS: trig-syntax-bad-n3-extras-10
  PASS: trig-syntax-bad-n3-extras-11
  PASS: trig-syntax-bad-n3-extras-12
  PASS: trig-syntax-bad-n3-extras-13
  PASS: trig-syntax-bad-numeric-escape-01
  PASS: trig-syntax-bad-numeric-escape-02
  PASS: trig-syntax-bad-numeric-escape-03
  PASS: trig-syntax-bad-numeric-escape-04
  PASS: trig-syntax-bad-numeric-escape-05
  PASS: trig-syntax-bad-numeric-escape-06
  PASS: trig-syntax-bad-numeric-escape-07
  PASS: trig-syntax-bad-numeric-escape-08
  PASS: trig-syntax-bad-numeric-escape-09
  PASS: trig-syntax-bad-numeric-escape-10
  PASS: trig-syntax-bad-struct-09
  PASS: trig-syntax-bad-struct-10
  PASS: trig-syntax-bad-struct-12
  PASS: trig-syntax-bad-struct-13
  PASS: trig-syntax-bad-struct-14
  PASS: trig-syntax-bad-struct-15
  PASS: trig-syntax-bad-struct-16
  PASS: trig-syntax-bad-struct-17
  PASS: trig-syntax-bad-lang-01
  PASS: trig-syntax-bad-esc-01
  PASS: trig-syntax-bad-esc-02
  PASS: trig-syntax-bad-esc-03
  PASS: trig-syntax-bad-esc-04
  PASS: trig-syntax-bad-pname-01
  PASS: trig-syntax-bad-pname-02
  PASS: trig-syntax-bad-pname-03
  PASS: trig-syntax-bad-string-01
  PASS: trig-syntax-bad-string-02
  PASS: trig-syntax-bad-string-03
  PASS: trig-syntax-bad-string-04
  PASS: trig-syntax-bad-string-05
  PASS: trig-syntax-bad-string-06
  PASS: trig-syntax-bad-string-07
  PASS: trig-syntax-bad-num-01
  PASS: trig-syntax-bad-num-02
  PASS: trig-syntax-bad-num-03
  PASS: trig-syntax-bad-num-04
  PASS: trig-syntax-bad-num-05
  PASS: trig-eval-struct-01
  PASS: trig-eval-struct-02
  PASS: trig-subm-01
  PASS: trig-subm-02
  PASS: trig-subm-03
  PASS: trig-subm-04
  PASS: trig-subm-05
  PASS: trig-subm-06
  PASS: trig-subm-07
  PASS: trig-subm-08
  PASS: trig-subm-09
  PASS: trig-subm-10
  PASS: trig-subm-11
  PASS: trig-subm-12
  PASS: trig-subm-13
  PASS: trig-subm-14
  PASS: trig-subm-15
  PASS: trig-subm-16
  PASS: trig-subm-17
  PASS: trig-subm-18
  PASS: trig-subm-19
  PASS: trig-subm-20
  PASS: trig-subm-21
  PASS: trig-subm-22
  PASS: trig-subm-23
  PASS: trig-subm-24
  PASS: trig-subm-25
  PASS: trig-subm-26
  PASS: trig-subm-27
  PASS: trig-eval-bad-01
  PASS: trig-eval-bad-02
  PASS: trig-eval-bad-03
  PASS: trig-eval-bad-04
  PASS: trig-syntax-bad-blank-label-dot-end
  PASS: trig-syntax-bad-ln-dash-start
  PASS: trig-syntax-bad-ln-escape-start
  PASS: trig-syntax-bad-ln-escape
  PASS: trig-syntax-bad-missing-ns-dot-end
  PASS: trig-syntax-bad-missing-ns-dot-start
  PASS: trig-syntax-bad-ns-dot-end
  PASS: trig-syntax-bad-ns-dot-start
  PASS: trig-syntax-bad-number-dot-in-anon
  PASS: trig-syntax-bad-list-01
  PASS: trig-syntax-bad-list-02
  PASS: trig-syntax-bad-list-03
  PASS: trig-syntax-bad-list-04
  PASS: trig-syntax-blank-label
  PASS: trig-syntax-ln-colons
  PASS: trig-syntax-ln-dots
  PASS: trig-syntax-ns-dots
  PASS: trig-kw-graph-01
  PASS: trig-kw-graph-02
  PASS: trig-kw-graph-03
  PASS: trig-kw-graph-04
  PASS: trig-kw-graph-05
  PASS: trig-kw-graph-06
  PASS: trig-kw-graph-07
  PASS: trig-kw-graph-08
  PASS: trig-kw-graph-09
  PASS: trig-kw-graph-10
  PASS: trig-graph-bad-01
  PASS: trig-graph-bad-02
  PASS: trig-graph-bad-03
  PASS: trig-graph-bad-04
  PASS: trig-graph-bad-05
  PASS: trig-graph-bad-06
  PASS: trig-graph-bad-07
  PASS: trig-graph-bad-08
  PASS: trig-graph-bad-09
  PASS: trig-graph-bad-10
  PASS: trig-graph-bad-11
  PASS: trig-bnodeplist-graph-bad-01
  PASS: trig-collection-graph-bad-01
  PASS: trig-collection-graph-bad-02
  PASS: trig-turtle-01
  PASS: trig-turtle-02
  PASS: trig-turtle-03
  PASS: trig-turtle-04
  PASS: trig-turtle-05
  PASS: trig-turtle-06
  PASS: trig-turtle-bad-01
  PASS: trig-turtle-bad-02
  PASS: IRI-resolution-01
  PASS: IRI-resolution-02
  PASS: IRI-resolution-07
  PASS: IRI-resolution-08
  [suite time: 0.3s]

--- rdf-turtle ---
  PASS: IRI_subject
  PASS: IRI_with_four_digit_numeric_escape
  PASS: IRI_with_eight_digit_numeric_escape
  PASS: IRI_with_all_punctuation
  PASS: bareword_a_predicate
  PASS: old_style_prefix
  PASS: SPARQL_style_prefix
  PASS: prefixed_IRI_predicate
  PASS: prefixed_IRI_object
  PASS: prefix_only_IRI
  PASS: prefix_with_PN_CHARS_BASE_character_boundaries
  PASS: prefix_with_non_leading_extras
  PASS: default_namespace_IRI
  PASS: prefix_reassigned_and_used
  PASS: reserved_escaped_localName
  PASS: percent_escaped_localName
  PASS: HYPHEN_MINUS_in_localName
  PASS: underscore_in_localName
  PASS: localname_with_COLON
  PASS: localName_with_assigned_nfc_bmp_PN_CHARS_BASE_character_boundaries
  PASS: localName_with_assigned_nfc_PN_CHARS_BASE_character_boundaries
  PASS: localName_with_nfc_PN_CHARS_BASE_character_boundaries
  PASS: localName_with_leading_underscore
  PASS: localName_with_leading_digit
  PASS: localName_with_non_leading_extras
  PASS: old_style_base
  PASS: SPARQL_style_base
  PASS: labeled_blank_node_subject
  PASS: labeled_blank_node_object
  PASS: labeled_blank_node_with_PN_CHARS_BASE_character_boundaries
  PASS: labeled_blank_node_with_leading_underscore
  PASS: labeled_blank_node_with_leading_digit
  PASS: labeled_blank_node_with_non_leading_extras
  PASS: anonymous_blank_node_subject
  PASS: anonymous_blank_node_object
  PASS: sole_blankNodePropertyList
  PASS: blankNodePropertyList_as_subject
  PASS: blankNodePropertyList_as_object
  PASS: blankNodePropertyList_as_object_containing_objectList
  PASS: blankNodePropertyList_as_object_containing_objectList_of_two_objects
  PASS: blankNodePropertyList_with_multiple_triples
  PASS: nested_blankNodePropertyLists
  PASS: blankNodePropertyList_containing_collection
  PASS: collection_subject
  PASS: collection_object
  PASS: empty_collection
  PASS: nested_collection
  PASS: first
  PASS: last
  PASS: LITERAL1
  PASS: LITERAL1_ascii_boundaries
  PASS: LITERAL1_with_UTF8_boundaries
  PASS: LITERAL1_all_controls
  PASS: LITERAL1_all_punctuation
  PASS: LITERAL_LONG1
  PASS: LITERAL_LONG1_ascii_boundaries
  PASS: LITERAL_LONG1_with_UTF8_boundaries
  PASS: LITERAL_LONG1_with_1_squote
  PASS: LITERAL_LONG1_with_2_squotes
  PASS: LITERAL2
  PASS: LITERAL2_ascii_boundaries
  PASS: LITERAL2_with_UTF8_boundaries
  PASS: LITERAL_LONG2
  PASS: LITERAL_LONG2_ascii_boundaries
  PASS: LITERAL_LONG2_with_UTF8_boundaries
  PASS: LITERAL_LONG2_with_1_squote
  PASS: LITERAL_LONG2_with_2_squotes
  PASS: literal_with_CHARACTER_TABULATION
  PASS: literal_with_BACKSPACE
  PASS: literal_with_LINE_FEED
  PASS: literal_with_CARRIAGE_RETURN
  PASS: literal_with_FORM_FEED
  PASS: literal_with_REVERSE_SOLIDUS
  PASS: literal_with_escaped_CHARACTER_TABULATION
  PASS: literal_with_escaped_BACKSPACE
  PASS: literal_with_escaped_LINE_FEED
  PASS: literal_with_escaped_CARRIAGE_RETURN
  PASS: literal_with_escaped_FORM_FEED
  PASS: literal_with_numeric_escape4
  PASS: literal_with_numeric_escape8
  PASS: IRIREF_datatype
  PASS: prefixed_name_datatype
  PASS: bareword_integer
  PASS: bareword_decimal
  PASS: bareword_double
  PASS: double_lower_case_e
  PASS: negative_numeric
  PASS: positive_numeric
  PASS: numeric_with_leading_0
  PASS: literal_true
  PASS: literal_false
  PASS: langtagged_non_LONG
  PASS: langtagged_LONG
  PASS: lantag_with_subtag
  PASS: objectList_with_two_objects
  PASS: predicateObjectList_with_two_objectLists
  PASS: predicateObjectList_with_blankNodePropertyList_as_object
  PASS: repeated_semis_at_end
  PASS: repeated_semis_not_at_end
  PASS: comment_following_localName
  PASS: number_sign_following_localName
  PASS: comment_following_PNAME_NS
  PASS: number_sign_following_PNAME_NS
  PASS: LITERAL_LONG2_with_REVERSE_SOLIDUS
  PASS: turtle-syntax-bad-num-05
  PASS: two_LITERAL_LONG2s
  PASS: langtagged_LONG_with_subtag
  PASS: turtle-syntax-file-01
  PASS: turtle-syntax-file-02
  PASS: turtle-syntax-file-03
  PASS: turtle-syntax-uri-01
  PASS: turtle-syntax-uri-02
  PASS: turtle-syntax-uri-03
  PASS: turtle-syntax-uri-04
  PASS: turtle-syntax-base-01
  PASS: turtle-syntax-base-02
  PASS: turtle-syntax-base-03
  PASS: turtle-syntax-base-04
  PASS: turtle-syntax-prefix-01
  PASS: turtle-syntax-prefix-02
  PASS: turtle-syntax-prefix-03
  PASS: turtle-syntax-prefix-04
  PASS: turtle-syntax-prefix-05
  PASS: turtle-syntax-prefix-06
  PASS: turtle-syntax-prefix-07
  PASS: turtle-syntax-prefix-08
  PASS: turtle-syntax-prefix-09
  PASS: turtle-syntax-string-01
  PASS: turtle-syntax-string-02
  PASS: turtle-syntax-string-03
  PASS: turtle-syntax-string-04
  PASS: turtle-syntax-string-05
  PASS: turtle-syntax-string-06
  PASS: turtle-syntax-string-07
  PASS: turtle-syntax-string-08
  PASS: turtle-syntax-string-09
  PASS: turtle-syntax-string-10
  PASS: turtle-syntax-string-11
  PASS: turtle-syntax-str-esc-01
  PASS: turtle-syntax-str-esc-02
  PASS: turtle-syntax-str-esc-03
  PASS: turtle-syntax-pname-esc-01
  PASS: turtle-syntax-pname-esc-02
  PASS: turtle-syntax-pname-esc-03
  PASS: turtle-syntax-bnode-01
  PASS: turtle-syntax-bnode-02
  PASS: turtle-syntax-bnode-03
  PASS: turtle-syntax-bnode-04
  PASS: turtle-syntax-bnode-05
  PASS: turtle-syntax-bnode-06
  PASS: turtle-syntax-bnode-07
  PASS: turtle-syntax-bnode-08
  PASS: turtle-syntax-bnode-09
  PASS: turtle-syntax-bnode-10
  PASS: turtle-syntax-number-01
  PASS: turtle-syntax-number-02
  PASS: turtle-syntax-number-03
  PASS: turtle-syntax-number-04
  PASS: turtle-syntax-number-05
  PASS: turtle-syntax-number-06
  PASS: turtle-syntax-number-07
  PASS: turtle-syntax-number-08
  PASS: turtle-syntax-number-09
  PASS: turtle-syntax-number-10
  PASS: turtle-syntax-number-11
  PASS: turtle-syntax-number-12
  PASS: turtle-syntax-number-13
  PASS: turtle-syntax-datatypes-01
  PASS: turtle-syntax-datatypes-02
  PASS: turtle-syntax-kw-01
  PASS: turtle-syntax-kw-02
  PASS: turtle-syntax-kw-03
  PASS: turtle-syntax-struct-01
  PASS: turtle-syntax-struct-02
  PASS: turtle-syntax-struct-03
  PASS: turtle-syntax-struct-04
  PASS: turtle-syntax-struct-05
  PASS: turtle-eval-lists-01
  PASS: turtle-eval-lists-02
  PASS: turtle-eval-lists-03
  PASS: turtle-eval-lists-04
  PASS: turtle-eval-lists-05
  PASS: turtle-eval-lists-06
  PASS: turtle-syntax-bad-uri-01
  PASS: turtle-syntax-bad-uri-02
  PASS: turtle-syntax-bad-uri-03
  PASS: turtle-syntax-bad-uri-04
  PASS: turtle-syntax-bad-uri-05
  PASS: turtle-syntax-bad-prefix-01
  PASS: turtle-syntax-bad-prefix-02
  PASS: turtle-syntax-bad-prefix-03
  PASS: turtle-syntax-bad-prefix-04
  PASS: turtle-syntax-bad-prefix-05
  PASS: turtle-syntax-bad-base-01
  PASS: turtle-syntax-bad-base-02
  PASS: turtle-syntax-bad-base-03
  PASS: turtle-syntax-bad-bnode-01
  PASS: turtle-syntax-bad-bnode-02
  PASS: turtle-syntax-bad-struct-01
  PASS: turtle-syntax-bad-struct-02
  PASS: turtle-syntax-bad-struct-03
  PASS: turtle-syntax-bad-struct-04
  PASS: turtle-syntax-bad-struct-05
  PASS: turtle-syntax-bad-struct-06
  PASS: turtle-syntax-bad-struct-07
  PASS: turtle-syntax-bad-kw-01
  PASS: turtle-syntax-bad-kw-02
  PASS: turtle-syntax-bad-kw-03
  PASS: turtle-syntax-bad-kw-04
  PASS: turtle-syntax-bad-kw-05
  PASS: turtle-syntax-bad-n3-extras-01
  PASS: turtle-syntax-bad-n3-extras-02
  PASS: turtle-syntax-bad-n3-extras-03
  PASS: turtle-syntax-bad-n3-extras-04
  PASS: turtle-syntax-bad-n3-extras-05
  PASS: turtle-syntax-bad-n3-extras-06
  PASS: turtle-syntax-bad-n3-extras-07
  PASS: turtle-syntax-bad-n3-extras-08
  PASS: turtle-syntax-bad-n3-extras-09
  PASS: turtle-syntax-bad-n3-extras-10
  PASS: turtle-syntax-bad-n3-extras-11
  PASS: turtle-syntax-bad-n3-extras-12
  PASS: turtle-syntax-bad-n3-extras-13
  PASS: turtle-syntax-bad-numeric-escape-01
  PASS: turtle-syntax-bad-numeric-escape-02
  PASS: turtle-syntax-bad-numeric-escape-03
  PASS: turtle-syntax-bad-numeric-escape-04
  PASS: turtle-syntax-bad-numeric-escape-05
  PASS: turtle-syntax-bad-numeric-escape-06
  PASS: turtle-syntax-bad-numeric-escape-07
  PASS: turtle-syntax-bad-numeric-escape-08
  PASS: turtle-syntax-bad-numeric-escape-09
  PASS: turtle-syntax-bad-numeric-escape-10
  PASS: turtle-syntax-bad-struct-08
  PASS: turtle-syntax-bad-struct-09
  PASS: turtle-syntax-bad-struct-10
  PASS: turtle-syntax-bad-struct-11
  PASS: turtle-syntax-bad-struct-12
  PASS: turtle-syntax-bad-struct-13
  PASS: turtle-syntax-bad-struct-14
  PASS: turtle-syntax-bad-struct-15
  PASS: turtle-syntax-bad-struct-16
  PASS: turtle-syntax-bad-struct-17
  PASS: turtle-syntax-bad-lang-01
  PASS: turtle-syntax-bad-esc-01
  PASS: turtle-syntax-bad-esc-02
  PASS: turtle-syntax-bad-esc-03
  PASS: turtle-syntax-bad-esc-04
  PASS: turtle-syntax-bad-pname-01
  PASS: turtle-syntax-bad-pname-02
  PASS: turtle-syntax-bad-pname-03
  PASS: turtle-syntax-bad-string-01
  PASS: turtle-syntax-bad-string-02
  PASS: turtle-syntax-bad-string-03
  PASS: turtle-syntax-bad-string-04
  PASS: turtle-syntax-bad-string-05
  PASS: turtle-syntax-bad-string-06
  PASS: turtle-syntax-bad-string-07
  PASS: turtle-syntax-bad-num-01
  PASS: turtle-syntax-bad-num-02
  PASS: turtle-syntax-bad-num-03
  PASS: turtle-syntax-bad-num-04
  PASS: turtle-syntax-bad-num-05
  PASS: turtle-eval-struct-01
  PASS: turtle-eval-struct-02
  PASS: turtle-subm-01
  PASS: turtle-subm-02
  PASS: turtle-subm-03
  PASS: turtle-subm-04
  PASS: turtle-subm-05
  PASS: turtle-subm-06
  PASS: turtle-subm-07
  PASS: turtle-subm-08
  PASS: turtle-subm-09
  PASS: turtle-subm-10
  PASS: turtle-subm-11
  PASS: turtle-subm-12
  PASS: turtle-subm-13
  PASS: turtle-subm-14
  PASS: turtle-subm-15
  PASS: turtle-subm-16
  PASS: turtle-subm-17
  PASS: turtle-subm-18
  PASS: turtle-subm-19
  PASS: turtle-subm-20
  PASS: turtle-subm-21
  PASS: turtle-subm-22
  PASS: turtle-subm-23
  PASS: turtle-subm-24
  PASS: turtle-subm-25
  PASS: turtle-subm-26
  PASS: turtle-subm-27
  PASS: turtle-eval-bad-01
  PASS: turtle-eval-bad-02
  PASS: turtle-eval-bad-03
  PASS: turtle-eval-bad-04
  PASS: turtle-syntax-bad-blank-label-dot-end
  PASS: turtle-syntax-bad-ln-dash-start
  PASS: turtle-syntax-bad-ln-escape-start
  PASS: turtle-syntax-bad-ln-escape
  PASS: turtle-syntax-bad-missing-ns-dot-end
  PASS: turtle-syntax-bad-missing-ns-dot-start
  PASS: turtle-syntax-bad-ns-dot-end
  PASS: turtle-syntax-bad-ns-dot-start
  PASS: turtle-syntax-bad-number-dot-in-anon
  PASS: turtle-syntax-blank-label
  PASS: turtle-syntax-ln-colons
  PASS: turtle-syntax-ln-dots
  PASS: turtle-syntax-ns-dots
  PASS: IRI-resolution-01
  PASS: IRI-resolution-02
  PASS: IRI-resolution-07
  PASS: IRI-resolution-08
  [suite time: 0.2s]

--- rdf-xml ---
  PASS: amp-in-url-test001
  PASS: datatypes-test001
  PASS: datatypes-test002
  PASS: rdf-charmod-literals-test001
  PASS: rdf-charmod-uris-test001
  PASS: rdf-charmod-uris-test002
  PASS: rdf-containers-syntax-vs-schema-error001
  PASS: rdf-containers-syntax-vs-schema-error002
  PASS: rdf-containers-syntax-vs-schema-test001
  PASS: rdf-containers-syntax-vs-schema-test002
  PASS: rdf-containers-syntax-vs-schema-test003
  PASS: rdf-containers-syntax-vs-schema-test004
  PASS: rdf-containers-syntax-vs-schema-test006
  PASS: rdf-containers-syntax-vs-schema-test007
  PASS: rdf-containers-syntax-vs-schema-test008
  PASS: rdf-element-not-mandatory-test001
  PASS: rdf-node-element-test001
  PASS: rdf-ns-prefix-confusion-test0001
  PASS: rdf-ns-prefix-confusion-test0003
  PASS: rdf-ns-prefix-confusion-test0004
  PASS: rdf-ns-prefix-confusion-test0005
  PASS: rdf-ns-prefix-confusion-test0006
  PASS: rdf-ns-prefix-confusion-test0009
  PASS: rdf-ns-prefix-confusion-test0010
  PASS: rdf-ns-prefix-confusion-test0011
  PASS: rdf-ns-prefix-confusion-test0012
  PASS: rdf-ns-prefix-confusion-test0013
  PASS: rdf-ns-prefix-confusion-test0014
  PASS: rdfms-abouteach-error001
  PASS: rdfms-abouteach-error002
  PASS: rdfms-difference-between-ID-and-about-error1
  PASS: rdfms-difference-between-ID-and-about-test1
  PASS: rdfms-difference-between-ID-and-about-test2
  PASS: rdfms-difference-between-ID-and-about-test3
  PASS: rdfms-duplicate-member-props-test001
  PASS: rdfms-empty-property-elements-error001
  PASS: rdfms-empty-property-elements-error002
  PASS: rdfms-empty-property-elements-test001
  PASS: rdfms-empty-property-elements-test002
  PASS: rdfms-empty-property-elements-test004
  PASS: rdfms-empty-property-elements-test005
  PASS: rdfms-empty-property-elements-test006
  PASS: rdfms-empty-property-elements-test007
  PASS: rdfms-empty-property-elements-test008
  PASS: rdfms-empty-property-elements-test010
  PASS: rdfms-empty-property-elements-test011
  PASS: rdfms-empty-property-elements-test012
  PASS: rdfms-empty-property-elements-test013
  PASS: rdfms-empty-property-elements-test014
  PASS: rdfms-empty-property-elements-test015
  PASS: rdfms-empty-property-elements-test016
  PASS: rdfms-empty-property-elements-test017
  PASS: rdfms-identity-anon-resources-test001
  PASS: rdfms-identity-anon-resources-test002
  PASS: rdfms-identity-anon-resources-test003
  PASS: rdfms-identity-anon-resources-test004
  PASS: rdfms-identity-anon-resources-test005
  PASS: rdfms-not-id-and-resource-attr-test001
  PASS: rdfms-not-id-and-resource-attr-test002
  PASS: rdfms-not-id-and-resource-attr-test004
  PASS: rdfms-not-id-and-resource-attr-test005
  PASS: rdfms-para196-test001
  PASS: rdfms-rdf-id-error001
  PASS: rdfms-rdf-id-error002
  PASS: rdfms-rdf-id-error003
  PASS: rdfms-rdf-id-error004
  PASS: rdfms-rdf-id-error005
  PASS: rdfms-rdf-id-error006
  PASS: rdfms-rdf-id-error007
  PASS: rdfms-rdf-names-use-error-001
  PASS: rdfms-rdf-names-use-error-002
  PASS: rdfms-rdf-names-use-error-003
  PASS: rdfms-rdf-names-use-error-004
  PASS: rdfms-rdf-names-use-error-005
  PASS: rdfms-rdf-names-use-error-006
  PASS: rdfms-rdf-names-use-error-007
  PASS: rdfms-rdf-names-use-error-008
  PASS: rdfms-rdf-names-use-error-009
  PASS: rdfms-rdf-names-use-error-010
  PASS: rdfms-rdf-names-use-error-011
  PASS: rdfms-rdf-names-use-error-012
  PASS: rdfms-rdf-names-use-error-013
  PASS: rdfms-rdf-names-use-error-014
  PASS: rdfms-rdf-names-use-error-015
  PASS: rdfms-rdf-names-use-error-016
  PASS: rdfms-rdf-names-use-error-017
  PASS: rdfms-rdf-names-use-error-018
  PASS: rdfms-rdf-names-use-error-019
  PASS: rdfms-rdf-names-use-error-020
  PASS: rdfms-rdf-names-use-test-001
  PASS: rdfms-rdf-names-use-test-002
  PASS: rdfms-rdf-names-use-test-003
  PASS: rdfms-rdf-names-use-test-004
  PASS: rdfms-rdf-names-use-test-005
  PASS: rdfms-rdf-names-use-test-006
  PASS: rdfms-rdf-names-use-test-007
  PASS: rdfms-rdf-names-use-test-008
  PASS: rdfms-rdf-names-use-test-009
  PASS: rdfms-rdf-names-use-test-010
  PASS: rdfms-rdf-names-use-test-011
  PASS: rdfms-rdf-names-use-test-012
  PASS: rdfms-rdf-names-use-test-013
  PASS: rdfms-rdf-names-use-test-014
  PASS: rdfms-rdf-names-use-test-015
  PASS: rdfms-rdf-names-use-test-016
  PASS: rdfms-rdf-names-use-test-017
  PASS: rdfms-rdf-names-use-test-018
  PASS: rdfms-rdf-names-use-test-019
  PASS: rdfms-rdf-names-use-test-020
  PASS: rdfms-rdf-names-use-test-021
  PASS: rdfms-rdf-names-use-test-022
  PASS: rdfms-rdf-names-use-test-023
  PASS: rdfms-rdf-names-use-test-024
  PASS: rdfms-rdf-names-use-test-025
  PASS: rdfms-rdf-names-use-test-026
  PASS: rdfms-rdf-names-use-test-027
  PASS: rdfms-rdf-names-use-test-028
  PASS: rdfms-rdf-names-use-test-029
  PASS: rdfms-rdf-names-use-test-030
  PASS: rdfms-rdf-names-use-test-031
  PASS: rdfms-rdf-names-use-test-032
  PASS: rdfms-rdf-names-use-test-033
  PASS: rdfms-rdf-names-use-test-034
  PASS: rdfms-rdf-names-use-test-035
  PASS: rdfms-rdf-names-use-test-036
  PASS: rdfms-rdf-names-use-test-037
  PASS: rdfms-rdf-names-use-warn-001
  PASS: rdfms-rdf-names-use-warn-002
  PASS: rdfms-rdf-names-use-warn-003
  PASS: rdfms-reification-required-test001
  PASS: rdfms-reification-required-test002
  PASS: rdfms-seq-representation-test001
  PASS: rdfms-seq-representation-test002
  PASS: rdfms-syntax-incomplete-test001
  PASS: rdfms-syntax-incomplete-test002
  PASS: rdfms-syntax-incomplete-test003
  PASS: rdfms-syntax-incomplete-test004
  PASS: rdfms-syntax-incomplete-error001
  PASS: rdfms-syntax-incomplete-error002
  PASS: rdfms-syntax-incomplete-error003
  PASS: rdfms-syntax-incomplete-error004
  PASS: rdfms-syntax-incomplete-error005
  PASS: rdfms-syntax-incomplete-error006
  PASS: rdfms-uri-substructure-test001
  PASS: rdfms-xmllang-test003
  PASS: rdfms-xmllang-test004
  PASS: rdfms-xmllang-test005
  PASS: rdfms-xmllang-test006
  PASS: rdfs-domain-and-range-test001
  PASS: rdfs-domain-and-range-test002
  PASS: unrecognised-xml-attributes-test001
  PASS: unrecognised-xml-attributes-test002
  PASS: xml-canon-test001
  PASS: xml-canon-test002
  PASS: xmlbase-test001
  PASS: xmlbase-test002
  PASS: xmlbase-test003
  PASS: xmlbase-test004
  PASS: xmlbase-test006
  PASS: xmlbase-test007
  PASS: xmlbase-test008
  PASS: xmlbase-test009
  PASS: xmlbase-test010
  PASS: xmlbase-test011
  PASS: xmlbase-test013
  PASS: xmlbase-test014
  [suite time: 0.2s]

========================================
Suite Results:
  rdf-mt                              pass:38 fail:0 skip:0 unsupported:1
  rdf-n-quads                         pass:87 fail:0 skip:0 unsupported:0
  rdf-n-triples                       pass:70 fail:0 skip:0 unsupported:0
  rdf-trig                            pass:356 fail:0 skip:0 unsupported:0
  rdf-turtle                          pass:313 fail:0 skip:0 unsupported:0
  rdf-xml                             pass:166 fail:0 skip:0 unsupported:0
========================================
TOTAL: 1030 pass, 0 fail, 0 skip, 1 unsupported
========================================

Harness Diagnostics (escape branches, #316):
HARNESS-DIAG rdf-mt                         budget_exceeded:0 gsp_seed:0 no_manifest:0 zero_tests:0 skip:0 unsupported:1
HARNESS-DIAG rdf-n-quads                    budget_exceeded:0 gsp_seed:0 no_manifest:0 zero_tests:0 skip:0 unsupported:0
HARNESS-DIAG rdf-n-triples                  budget_exceeded:0 gsp_seed:0 no_manifest:0 zero_tests:0 skip:0 unsupported:0
HARNESS-DIAG rdf-trig                       budget_exceeded:0 gsp_seed:0 no_manifest:0 zero_tests:0 skip:0 unsupported:0
HARNESS-DIAG rdf-turtle                     budget_exceeded:0 gsp_seed:0 no_manifest:0 zero_tests:0 skip:0 unsupported:0
HARNESS-DIAG rdf-xml                        budget_exceeded:0 gsp_seed:0 no_manifest:0 zero_tests:0 skip:0 unsupported:0
HARNESS-DIAG-TOTAL budget_exceeded:0 gsp_seed:0 no_manifest:0 zero_tests:0 skip:0 unsupported:1 discovered_tests:1031
