PASS rif01 (RIF Logical Entailment (referencing RIF XML))
PASS rif03 (RIF Core WG tests: Frames)
PASS rif04 (RIF Core WG tests: Modeling Brain Anatomy)
PASS rif06 (RIF Core WG tests: RDF Combination Blank Node)
========================================
rif (original 4 vendored SPARQL-manifest cases): 4 pass, 0 fail (out of 4)
PASS corpus:Builtin_literal-not-identical (PositiveEntailmentTest)
PASS corpus:Builtins_Binary (PositiveEntailmentTest)
SKIP corpus:Builtins_List (PositiveEntailmentTest): List (RIF list terms)
PASS corpus:Builtins_Numeric (PositiveEntailmentTest)
PASS corpus:Builtins_PlainLiteral (PositiveEntailmentTest)
PASS corpus:Builtins_String (PositiveEntailmentTest)
SKIP corpus:Builtins_Time (PositiveEntailmentTest): External (unimplemented builtin: is-literal-dateTimeStamp)
PASS corpus:Builtins_XMLLiteral (PositiveEntailmentTest)
PASS corpus:Builtins_anyURI (PositiveEntailmentTest)
PASS corpus:Builtins_boolean (PositiveEntailmentTest)
PASS corpus:Chaining_strategy_numeric-add_1 (PositiveEntailmentTest)
PASS corpus:Chaining_strategy_numeric-subtract_2 (PositiveEntailmentTest)
PASS corpus:EBusiness_Contract (PositiveEntailmentTest)
PASS corpus:Factorial_Forward_Chaining (PositiveEntailmentTest)
PASS corpus:Frame_slots_are_independent (PositiveEntailmentTest)
PASS corpus:Frames (PositiveEntailmentTest)
PASS corpus:Guards_and_subtypes (PositiveEntailmentTest)
PASS corpus:IRI_from_RDF_Literal (PositiveEntailmentTest)
PASS corpus:Modeling_Brain_Anatomy (PositiveEntailmentTest)
PASS corpus:OWL_Combination_Vocabulary_Separation_Inconsistency_1 (PositiveEntailmentTest)
PASS corpus:OWL_Combination_Vocabulary_Separation_Inconsistency_2 (PositiveEntailmentTest)
PASS corpus:Positional_Arguments (PositiveEntailmentTest)
PASS corpus:RDF_Combination_Blank_Node (PositiveEntailmentTest)
PASS corpus:RDF_Combination_Constant_Equivalence_1 (PositiveEntailmentTest)
PASS corpus:RDF_Combination_Constant_Equivalence_2 (PositiveEntailmentTest)
PASS corpus:RDF_Combination_Constant_Equivalence_3 (PositiveEntailmentTest)
OVERRIDE corpus:RDF_Combination_Constant_Equivalence_4 (PositiveEntailmentTest): local-override (tests/local-overrides/rif/RDF_Combination_Constant_Equivalence_4.override) -- observed expected entailed=true, got false
PASS corpus:RDF_Combination_Constant_Equivalence_Graph_Entailment (PositiveEntailmentTest)
PASS corpus:RDF_Combination_SubClass_2 (PositiveEntailmentTest)
PASS corpus:Local_Constant (NegativeEntailmentTest)
PASS corpus:Local_Predicate (NegativeEntailmentTest)
SKIP corpus:NestedListsAreNotFlatLists (NegativeEntailmentTest): List (RIF list terms)
PASS corpus:Non-Annotation_Entailment (NegativeEntailmentTest)
PASS corpus:RDF_Combination_SubClass (NegativeEntailmentTest)
PASS corpus:Core_Safeness (PositiveSyntaxTest)
PASS corpus:Core_Safeness_2 (PositiveSyntaxTest)
PASS corpus:Core_Safeness_3 (PositiveSyntaxTest)
PASS corpus:Core_NonSafeness (NegativeSyntaxTest)
PASS corpus:Core_NonSafeness_2 (NegativeSyntaxTest)
PASS corpus:No_free_variables (NegativeSyntaxTest)
PASS corpus:Multiple_Context_Error (ImportRejectionTest)
PASS corpus:OWL_Combination_Invalid_DL_Formula (ImportRejectionTest)
PASS corpus:OWL_Combination_Invalid_DL_Import (ImportRejectionTest)
PASS corpus:RDF_Combination_Invalid_Constant_1 (ImportRejectionTest)
PASS corpus:RDF_Combination_Invalid_Constant_2 (ImportRejectionTest)
PASS corpus:RDF_Combination_Invalid_Profiles_1 (ImportRejectionTest)
========================================
rif-core-suite (vendored W3C RIF Core dialect corpus): 42 pass, 0 fail, 1 local-override, 3 skip (out of 46)
Skip buckets (by construct/reason):
    2  List (RIF list terms)
    1  External (unimplemented builtin: is-literal-dateTimeStamp)
========================================
rif TOTAL: 46 pass, 0 fail, 1 local-override, 3 skip (out of 50)
