  [1/11] Eval-basic-01 ok
  [2/11] Eval-basic-02 ok
  [3/11] Eval-data-01 ok
  [4/11] Eval-data-02 ok
  [5/11] Eval-negation-01 ok
  [6/11] Eval-rdfs-domain-1 ok
  [7/11] Eval-rdfs-domain-2 ok
  [8/11] Eval-rdfs-range-1 ok
  [9/11] Eval-rdfs-range-2 ok
  [10/11] Eval-rdfs-subclassof-1 ok
  [11/11] Eval-rdfs-subproperty-1 ok
=== SHACL W3C Test Runner (full report comparison) ===
Manifest: third_party/testing/shacl/shacl12-test-suite/tests/rules/eval/manifest.ttl

Totals: 11 test entries

  PASS: Eval-basic-01
  PASS: Eval-basic-02
  PASS: Eval-data-01
  PASS: Eval-data-02
  PASS: Eval-negation-01
  PASS: Eval-rdfs-domain-1
  PASS: Eval-rdfs-domain-2
  PASS: Eval-rdfs-range-1
  PASS: Eval-rdfs-range-2
  PASS: Eval-rdfs-subclassof-1
  PASS: Eval-rdfs-subproperty-1

========================================
TOTAL: 11 pass, 0 fail, 0 skip (out of 11)
========================================
shacl-core: 11 pass, 0 fail, 0 skip (out of 11)
