  [1/25] Test of sh:optional 001 ok
  [2/25] Test of sh:propertyValidator with SELECT 001 FAIL
  [3/25] Test of sh:validator 001 ok
  [4/25] Test of sh:prefixes 001 ok
  [5/25] Test of sh:prefixes 002 without explicit sh:prefixes triple FAIL
  [6/25] Test of sh:sparql at node shape 001 FAIL
  [7/25] Test of sh:sparql at node shape 002 ok
  [8/25] Test of sh:sparql at node shape 003 ok
  [9/25] Test of a sh:property with a sh:sparqlExpr expression 001 FAIL
  [10/25] Test of a sh:property with a sh:select expression 001 FAIL
  [11/25] Test of sh:sparql at property shape 001 ok
  [12/25] Test of pre-binding in FILTER ok
  [13/25] Test of pre-binding in UNION ok
  [14/25] Test of pre-binding in inner {...} blocks ok
  [15/25] Test of pre-binding in BIND expressions ok
  [16/25] Test of pre-binding in BGP and FILTER ok
  [17/25] Test of pre-binding in nested SELECT ok
  [18/25] Test of pre-binding in nested SELECT ok
  [19/25] Test of unsupported MINUS ok
  [20/25] Test of unsupported VALUES ok
  [21/25] Test of unsupported SERVICE ok
  [22/25] Test of unsupported SELECT ok
  [23/25] Test of unsupported AS ?prebound ok
  [24/25] Test of ASK trying to reassign ?value ok
  [25/25] Test of sh:targetNode with a sh:select expression 001 FAIL
=== SHACL W3C Test Runner (full report comparison) ===
Manifest: third_party/testing/shacl/shacl12-test-suite/tests/sparql/manifest.ttl

Totals: 25 test entries

  PASS: Test of sh:optional 001
  FAIL: Test of sh:propertyValidator with SELECT 001 (/home/user/factoidal/third_party/testing/shacl/shacl12-test-suite/tests/sparql/component/propertyValidator-select-001.ttl) — report not isomorphic to expected
    expected: _:c14n0 <http://www.w3.org/1999/02/22-rdf-syntax-ns#type> <http://www.w3.org/ns/shacl#ValidationReport> .
_:c14n0 <http://www.w3.org/ns/shacl#conforms> "false"^^<http://www.w3.org/2001/XMLSchema#boolean> .
_:c14n0 <http://www.w3.org/ns/shacl#result> _:c14n1 .
_:c14n0 <http://www.w3.org/ns/shacl#result> _:c14n2 .
_:c14n1 <http://www.w3.org/1999/02/22-rdf-syntax-ns#type> <http://www.w3.org/ns/shacl#ValidationResult> .
_:c14n1 <http://www.w3.org/ns/shacl#focusNode> <http://example.com/ns#InvalidCountry1> .
_:c14n1 <http://www.w3.org/ns/shacl#resultMessage> "Values are literals with language \"de\"" .
_:c14n1 <http://www.w3.org/ns/shacl#resultPath> <http://example.com/ns#germanLabel> .
_:c14n1 <http://www.w3.org/ns/shacl#resultSeverity> <http://www.w3.org/ns/shacl#Violation> .
_:c14n1 <http://www.w3.org/ns/shacl#sourceConstraintComponent> <http://example.com/ns#LanguageConstraintComponentUsingSELECT> .
_:c14n1 <http://www.w3.org/ns/shacl#sourceShape> _:c14n4 .
_:c14n1 <http://www.w3.org/ns/shacl#value> "Muenchen" .
_:c14n2 <http://www.w3.org/1999/02/22-rdf-syntax-ns#type> <http://www.w3.org/ns/shacl#ValidationResult> .
_:c14n2 <http://www.w3.org/ns/shacl#focusNode> <http://example.com/ns#InvalidCountry1> .
_:c14n2 <http://www.w3.org/ns/shacl#resultMessage> "Values are literals with language \"en\"" .
_:c14n2 <http://www.w3.org/ns/shacl#resultPath> <http://example.com/ns#englishLabel> .
_:c14n2 <http://www.w3.org/ns/shacl#resultSeverity> <http://www.w3.org/ns/shacl#Violation> .
_:c14n2 <http://www.w3.org/ns/shacl#sourceConstraintComponent> <http://example.com/ns#LanguageConstraintComponentUsingSELECT> .
_:c14n2 <http://www.w3.org/ns/shacl#sourceShape> _:c14n3 .
_:c14n2 <http://www.w3.org/ns/shacl#value> "Munich" .

    actual:   _:c14n0 <http://www.w3.org/1999/02/22-rdf-syntax-ns#type> <http://www.w3.org/ns/shacl#ValidationResult> .
_:c14n0 <http://www.w3.org/ns/shacl#focusNode> <http://example.com/ns#InvalidCountry1> .
_:c14n0 <http://www.w3.org/ns/shacl#resultPath> <http://example.com/ns#englishLabel> .
_:c14n0 <http://www.w3.org/ns/shacl#resultSeverity> <http://www.w3.org/ns/shacl#Violation> .
_:c14n0 <http://www.w3.org/ns/shacl#sourceConstraintComponent> <http://example.com/ns#LanguageConstraintComponentUsingSELECT> .
_:c14n0 <http://www.w3.org/ns/shacl#sourceShape> _:c14n3 .
_:c14n0 <http://www.w3.org/ns/shacl#value> "Munich" .
_:c14n1 <http://www.w3.org/1999/02/22-rdf-syntax-ns#type> <http://www.w3.org/ns/shacl#ValidationReport> .
_:c14n1 <http://www.w3.org/ns/shacl#conforms> "false"^^<http://www.w3.org/2001/XMLSchema#boolean> .
_:c14n1 <http://www.w3.org/ns/shacl#result> _:c14n0 .
_:c14n1 <http://www.w3.org/ns/shacl#result> _:c14n2 .
_:c14n2 <http://www.w3.org/1999/02/22-rdf-syntax-ns#type> <http://www.w3.org/ns/shacl#ValidationResult> .
_:c14n2 <http://www.w3.org/ns/shacl#focusNode> <http://example.com/ns#InvalidCountry1> .
_:c14n2 <http://www.w3.org/ns/shacl#resultPath> <http://example.com/ns#germanLabel> .
_:c14n2 <http://www.w3.org/ns/shacl#resultSeverity> <http://www.w3.org/ns/shacl#Violation> .
_:c14n2 <http://www.w3.org/ns/shacl#sourceConstraintComponent> <http://example.com/ns#LanguageConstraintComponentUsingSELECT> .
_:c14n2 <http://www.w3.org/ns/shacl#sourceShape> _:c14n4 .
_:c14n2 <http://www.w3.org/ns/shacl#value> "Muenchen" .

  PASS: Test of sh:validator 001
  PASS: Test of sh:prefixes 001
  FAIL: Test of sh:prefixes 002 without explicit sh:prefixes triple (/home/user/factoidal/third_party/testing/shacl/shacl12-test-suite/tests/sparql/node/prefixes-002.ttl) — report not isomorphic to expected
    expected: _:c14n0 <http://www.w3.org/1999/02/22-rdf-syntax-ns#type> <http://www.w3.org/ns/shacl#ValidationResult> .
_:c14n0 <http://www.w3.org/ns/shacl#focusNode> <http://example.com/ns#InvalidResource1> .
_:c14n0 <http://www.w3.org/ns/shacl#resultSeverity> <http://www.w3.org/ns/shacl#Violation> .
_:c14n0 <http://www.w3.org/ns/shacl#sourceConstraint> <http://example.com/ns#TestSPARQL> .
_:c14n0 <http://www.w3.org/ns/shacl#sourceConstraintComponent> <http://www.w3.org/ns/shacl#SPARQLConstraintComponent> .
_:c14n0 <http://www.w3.org/ns/shacl#sourceShape> <http://example.com/ns#TestShape> .
_:c14n0 <http://www.w3.org/ns/shacl#value> <http://test.com/ns#Value> .
_:c14n1 <http://www.w3.org/1999/02/22-rdf-syntax-ns#type> <http://www.w3.org/ns/shacl#ValidationReport> .
_:c14n1 <http://www.w3.org/ns/shacl#conforms> "false"^^<http://www.w3.org/2001/XMLSchema#boolean> .
_:c14n1 <http://www.w3.org/ns/shacl#result> _:c14n0 .

    actual:   _:c14n0 <http://www.w3.org/1999/02/22-rdf-syntax-ns#type> <http://www.w3.org/ns/shacl#ValidationReport> .
_:c14n0 <http://www.w3.org/ns/shacl#conforms> "true"^^<http://www.w3.org/2001/XMLSchema#boolean> .

  FAIL: Test of sh:sparql at node shape 001 (/home/user/factoidal/third_party/testing/shacl/shacl12-test-suite/tests/sparql/node/sparql-001.ttl) — report not isomorphic to expected
    expected: _:c14n0 <http://www.w3.org/1999/02/22-rdf-syntax-ns#type> <http://www.w3.org/ns/shacl#ValidationResult> .
_:c14n0 <http://www.w3.org/ns/shacl#focusNode> <http://example.com/ns#InvalidResource1> .
_:c14n0 <http://www.w3.org/ns/shacl#resultMessage> "Cannot have a label" .
_:c14n0 <http://www.w3.org/ns/shacl#resultPath> <http://www.w3.org/2000/01/rdf-schema#label> .
_:c14n0 <http://www.w3.org/ns/shacl#resultSeverity> <http://www.w3.org/ns/shacl#Warning> .
_:c14n0 <http://www.w3.org/ns/shacl#sourceConstraint> <http://example.com/ns#TestShape-sparql> .
_:c14n0 <http://www.w3.org/ns/shacl#sourceConstraintComponent> <http://www.w3.org/ns/shacl#SPARQLConstraintComponent> .
_:c14n0 <http://www.w3.org/ns/shacl#sourceShape> <http://example.com/ns#TestShape> .
_:c14n0 <http://www.w3.org/ns/shacl#value> "Invalid resource 1" .
_:c14n1 <http://www.w3.org/1999/02/22-rdf-syntax-ns#type> <http://www.w3.org/ns/shacl#ValidationResult> .
_:c14n1 <http://www.w3.org/ns/shacl#focusNode> <http://example.com/ns#InvalidResource2> .
_:c14n1 <http://www.w3.org/ns/shacl#resultMessage> "Cannot have a label" .
_:c14n1 <http://www.w3.org/ns/shacl#resultPath> <http://www.w3.org/2000/01/rdf-schema#label> .
_:c14n1 <http://www.w3.org/ns/shacl#resultSeverity> <http://www.w3.org/ns/shacl#Warning> .
_:c14n1 <http://www.w3.org/ns/shacl#sourceConstraint> <http://example.com/ns#TestShape-sparql> .
_:c14n1 <http://www.w3.org/ns/shacl#sourceConstraintComponent> <http://www.w3.org/ns/shacl#SPARQLConstraintComponent> .
_:c14n1 <http://www.w3.org/ns/shacl#sourceShape> <http://example.com/ns#TestShape> .
_:c14n1 <http://www.w3.org/ns/shacl#value> "Invalid label 2" .
_:c14n2 <http://www.w3.org/1999/02/22-rdf-syntax-ns#type> <http://www.w3.org/ns/shacl#ValidationReport> .
_:c14n2 <http://www.w3.org/ns/shacl#conforms> "false"^^<http://www.w3.org/2001/XMLSchema#boolean> .
_:c14n2 <http://www.w3.org/ns/shacl#result> _:c14n0 .
_:c14n2 <http://www.w3.org/ns/shacl#result> _:c14n1 .
_:c14n2 <http://www.w3.org/ns/shacl#result> _:c14n3 .
_:c14n3 <http://www.w3.org/1999/02/22-rdf-syntax-ns#type> <http://www.w3.org/ns/shacl#ValidationResult> .
_:c14n3 <http://www.w3.org/ns/shacl#focusNode> <http://example.com/ns#InvalidResource2> .
_:c14n3 <http://www.w3.org/ns/shacl#resultMessage> "Cannot have a label" .
_:c14n3 <http://www.w3.org/ns/shacl#resultPath> <http://www.w3.org/2000/01/rdf-schema#label> .
_:c14n3 <http://www.w3.org/ns/shacl#resultSeverity> <http://www.w3.org/ns/shacl#Warning> .
_:c14n3 <http://www.w3.org/ns/shacl#sourceConstraint> <http://example.com/ns#TestShape-sparql> .
_:c14n3 <http://www.w3.org/ns/shacl#sourceConstraintComponent> <http://www.w3.org/ns/shacl#SPARQLConstraintComponent> .
_:c14n3 <http://www.w3.org/ns/shacl#sourceShape> <http://example.com/ns#TestShape> .
_:c14n3 <http://www.w3.org/ns/shacl#value> "Invalid label 1" .

    actual:   _:c14n0 <http://www.w3.org/1999/02/22-rdf-syntax-ns#type> <http://www.w3.org/ns/shacl#ValidationResult> .
_:c14n0 <http://www.w3.org/ns/shacl#focusNode> <http://example.com/ns#InvalidResource2> .
_:c14n0 <http://www.w3.org/ns/shacl#resultMessage> "Cannot have a label" .
_:c14n0 <http://www.w3.org/ns/shacl#resultPath> <http://www.w3.org/2000/01/rdf-schema#label> .
_:c14n0 <http://www.w3.org/ns/shacl#resultSeverity> <http://www.w3.org/ns/shacl#Violation> .
_:c14n0 <http://www.w3.org/ns/shacl#sourceConstraint> <http://example.com/ns#TestShape-sparql> .
_:c14n0 <http://www.w3.org/ns/shacl#sourceConstraintComponent> <http://www.w3.org/ns/shacl#SPARQLConstraintComponent> .
_:c14n0 <http://www.w3.org/ns/shacl#sourceShape> <http://example.com/ns#TestShape> .
_:c14n0 <http://www.w3.org/ns/shacl#value> "Invalid label 2" .
_:c14n1 <http://www.w3.org/1999/02/22-rdf-syntax-ns#type> <http://www.w3.org/ns/shacl#ValidationResult> .
_:c14n1 <http://www.w3.org/ns/shacl#focusNode> <http://example.com/ns#InvalidResource1> .
_:c14n1 <http://www.w3.org/ns/shacl#resultMessage> "Cannot have a label" .
_:c14n1 <http://www.w3.org/ns/shacl#resultPath> <http://www.w3.org/2000/01/rdf-schema#label> .
_:c14n1 <http://www.w3.org/ns/shacl#resultSeverity> <http://www.w3.org/ns/shacl#Violation> .
_:c14n1 <http://www.w3.org/ns/shacl#sourceConstraint> <http://example.com/ns#TestShape-sparql> .
_:c14n1 <http://www.w3.org/ns/shacl#sourceConstraintComponent> <http://www.w3.org/ns/shacl#SPARQLConstraintComponent> .
_:c14n1 <http://www.w3.org/ns/shacl#sourceShape> <http://example.com/ns#TestShape> .
_:c14n1 <http://www.w3.org/ns/shacl#value> "Invalid resource 1" .
_:c14n2 <http://www.w3.org/1999/02/22-rdf-syntax-ns#type> <http://www.w3.org/ns/shacl#ValidationReport> .
_:c14n2 <http://www.w3.org/ns/shacl#conforms> "false"^^<http://www.w3.org/2001/XMLSchema#boolean> .
_:c14n2 <http://www.w3.org/ns/shacl#result> _:c14n0 .
_:c14n2 <http://www.w3.org/ns/shacl#result> _:c14n1 .
_:c14n2 <http://www.w3.org/ns/shacl#result> _:c14n3 .
_:c14n3 <http://www.w3.org/1999/02/22-rdf-syntax-ns#type> <http://www.w3.org/ns/shacl#ValidationResult> .
_:c14n3 <http://www.w3.org/ns/shacl#focusNode> <http://example.com/ns#InvalidResource2> .
_:c14n3 <http://www.w3.org/ns/shacl#resultMessage> "Cannot have a label" .
_:c14n3 <http://www.w3.org/ns/shacl#resultPath> <http://www.w3.org/2000/01/rdf-schema#label> .
_:c14n3 <http://www.w3.org/ns/shacl#resultSeverity> <http://www.w3.org/ns/shacl#Violation> .
_:c14n3 <http://www.w3.org/ns/shacl#sourceConstraint> <http://example.com/ns#TestShape-sparql> .
_:c14n3 <http://www.w3.org/ns/shacl#sourceConstraintComponent> <http://www.w3.org/ns/shacl#SPARQLConstraintComponent> .
_:c14n3 <http://www.w3.org/ns/shacl#sourceShape> <http://example.com/ns#TestShape> .
_:c14n3 <http://www.w3.org/ns/shacl#value> "Invalid label 1" .

  PASS: Test of sh:sparql at node shape 002
  PASS: Test of sh:sparql at node shape 003
  FAIL: Test of a sh:property with a sh:sparqlExpr expression 001 (/home/user/factoidal/third_party/testing/shacl/shacl12-test-suite/tests/sparql/property/property-sparqlExpr-001.ttl) — report not isomorphic to expected
    expected: _:c14n0 <http://www.w3.org/1999/02/22-rdf-syntax-ns#type> <http://www.w3.org/ns/shacl#ValidationResult> .
_:c14n0 <http://www.w3.org/ns/shacl#focusNode> <http://example.com/ns#Invalid> .
_:c14n0 <http://www.w3.org/ns/shacl#resultPath> <http://example.com/ns#uriLength> .
_:c14n0 <http://www.w3.org/ns/shacl#resultSeverity> <http://www.w3.org/ns/shacl#Violation> .
_:c14n0 <http://www.w3.org/ns/shacl#sourceConstraintComponent> <http://www.w3.org/ns/shacl#HasValueConstraintComponent> .
_:c14n0 <http://www.w3.org/ns/shacl#sourceShape> <http://example.com/ns#Resource-uriLength> .
_:c14n1 <http://www.w3.org/1999/02/22-rdf-syntax-ns#type> <http://www.w3.org/ns/shacl#ValidationReport> .
_:c14n1 <http://www.w3.org/ns/shacl#conforms> "false"^^<http://www.w3.org/2001/XMLSchema#boolean> .
_:c14n1 <http://www.w3.org/ns/shacl#result> _:c14n0 .

    actual:   _:c14n0 <http://www.w3.org/1999/02/22-rdf-syntax-ns#type> <http://www.w3.org/ns/shacl#ValidationResult> .
_:c14n0 <http://www.w3.org/ns/shacl#focusNode> <http://example.com/ns#Invalid> .
_:c14n0 <http://www.w3.org/ns/shacl#resultPath> <http://example.com/ns#uriLength> .
_:c14n0 <http://www.w3.org/ns/shacl#resultSeverity> <http://www.w3.org/ns/shacl#Violation> .
_:c14n0 <http://www.w3.org/ns/shacl#sourceConstraintComponent> <http://www.w3.org/ns/shacl#HasValueConstraintComponent> .
_:c14n0 <http://www.w3.org/ns/shacl#sourceShape> <http://example.com/ns#Resource-uriLength> .
_:c14n1 <http://www.w3.org/1999/02/22-rdf-syntax-ns#type> <http://www.w3.org/ns/shacl#ValidationReport> .
_:c14n1 <http://www.w3.org/ns/shacl#conforms> "false"^^<http://www.w3.org/2001/XMLSchema#boolean> .
_:c14n1 <http://www.w3.org/ns/shacl#result> _:c14n0 .
_:c14n1 <http://www.w3.org/ns/shacl#result> _:c14n2 .
_:c14n2 <http://www.w3.org/1999/02/22-rdf-syntax-ns#type> <http://www.w3.org/ns/shacl#ValidationResult> .
_:c14n2 <http://www.w3.org/ns/shacl#focusNode> <http://example.com/ns#Valid> .
_:c14n2 <http://www.w3.org/ns/shacl#resultPath> <http://example.com/ns#uriLength> .
_:c14n2 <http://www.w3.org/ns/shacl#resultSeverity> <http://www.w3.org/ns/shacl#Violation> .
_:c14n2 <http://www.w3.org/ns/shacl#sourceConstraintComponent> <http://www.w3.org/ns/shacl#HasValueConstraintComponent> .
_:c14n2 <http://www.w3.org/ns/shacl#sourceShape> <http://example.com/ns#Resource-uriLength> .

  FAIL: Test of a sh:property with a sh:select expression 001 (/home/user/factoidal/third_party/testing/shacl/shacl12-test-suite/tests/sparql/property/property-select-001.ttl) — report not isomorphic to expected
    expected: _:c14n0 <http://www.w3.org/1999/02/22-rdf-syntax-ns#type> <http://www.w3.org/ns/shacl#ValidationReport> .
_:c14n0 <http://www.w3.org/ns/shacl#conforms> "true"^^<http://www.w3.org/2001/XMLSchema#boolean> .

    actual:   _:c14n0 <http://www.w3.org/1999/02/22-rdf-syntax-ns#type> <http://www.w3.org/ns/shacl#ValidationResult> .
_:c14n0 <http://www.w3.org/ns/shacl#focusNode> <http://example.com/ns#JohnMuir> .
_:c14n0 <http://www.w3.org/ns/shacl#resultPath> <http://example.com/ns#fullName> .
_:c14n0 <http://www.w3.org/ns/shacl#resultSeverity> <http://www.w3.org/ns/shacl#Violation> .
_:c14n0 <http://www.w3.org/ns/shacl#sourceConstraintComponent> <http://www.w3.org/ns/shacl#HasValueConstraintComponent> .
_:c14n0 <http://www.w3.org/ns/shacl#sourceShape> <http://example.com/ns#Person-fullName> .
_:c14n1 <http://www.w3.org/1999/02/22-rdf-syntax-ns#type> <http://www.w3.org/ns/shacl#ValidationReport> .
_:c14n1 <http://www.w3.org/ns/shacl#conforms> "false"^^<http://www.w3.org/2001/XMLSchema#boolean> .
_:c14n1 <http://www.w3.org/ns/shacl#result> _:c14n0 .

  PASS: Test of sh:sparql at property shape 001
  PASS: Test of pre-binding in FILTER
  PASS: Test of pre-binding in UNION
  PASS: Test of pre-binding in inner {...} blocks
  PASS: Test of pre-binding in BIND expressions
  PASS: Test of pre-binding in BGP and FILTER
  PASS: Test of pre-binding in nested SELECT
  PASS: Test of pre-binding in nested SELECT
  PASS: Test of unsupported MINUS
  PASS: Test of unsupported VALUES
  PASS: Test of unsupported SERVICE
  PASS: Test of unsupported SELECT
  PASS: Test of unsupported AS ?prebound
  PASS: Test of ASK trying to reassign ?value
  FAIL: Test of sh:targetNode with a sh:select expression 001 (/home/user/factoidal/third_party/testing/shacl/shacl12-test-suite/tests/sparql/targets/targetNode-select-001.ttl) — report not isomorphic to expected
    expected: _:c14n0 <http://www.w3.org/1999/02/22-rdf-syntax-ns#type> <http://www.w3.org/ns/shacl#ValidationResult> .
_:c14n0 <http://www.w3.org/ns/shacl#focusNode> <http://example.com/ns#Benjamin> .
_:c14n0 <http://www.w3.org/ns/shacl#resultPath> <http://example.com/ns#driversLicense> .
_:c14n0 <http://www.w3.org/ns/shacl#resultSeverity> <http://www.w3.org/ns/shacl#Violation> .
_:c14n0 <http://www.w3.org/ns/shacl#sourceConstraintComponent> <http://www.w3.org/ns/shacl#MaxCountConstraintComponent> .
_:c14n0 <http://www.w3.org/ns/shacl#sourceShape> <http://example.com/ns#ChildShape-driversLicense> .
_:c14n1 <http://www.w3.org/1999/02/22-rdf-syntax-ns#type> <http://www.w3.org/ns/shacl#ValidationReport> .
_:c14n1 <http://www.w3.org/ns/shacl#conforms> "false"^^<http://www.w3.org/2001/XMLSchema#boolean> .
_:c14n1 <http://www.w3.org/ns/shacl#result> _:c14n0 .

    actual:   _:c14n0 <http://www.w3.org/1999/02/22-rdf-syntax-ns#type> <http://www.w3.org/ns/shacl#ValidationReport> .
_:c14n0 <http://www.w3.org/ns/shacl#conforms> "true"^^<http://www.w3.org/2001/XMLSchema#boolean> .


========================================
TOTAL: 19 pass, 6 fail, 0 skip (out of 25)
========================================
shacl-sparql: 19 pass, 6 fail, 0 skip (out of 25)
