  [1/8] stratification-01.srl ok
  [2/8] stratification-02.srl ok
  [3/8] stratification-03.srl ok
  [4/8] stratification-04.srl ok
  [5/8] stratification-05-new-terms.srl ok
  [6/8] stratification-bad-01.srl ok
  [7/8] stratification-bad-02-new-terms.srl ok
  [8/8] stratification-bad-03-new-terms.srl ok
=== SHACL W3C Test Runner (full report comparison) ===
Manifest: third_party/testing/shacl/shacl12-test-suite/tests/rules/stratification/manifest.ttl

Totals: 8 test entries

  PASS: stratification-01.srl
  PASS: stratification-02.srl
  PASS: stratification-03.srl
  PASS: stratification-04.srl
  PASS: stratification-05-new-terms.srl
  PASS: stratification-bad-01.srl
  PASS: stratification-bad-02-new-terms.srl
  PASS: stratification-bad-03-new-terms.srl

========================================
TOTAL: 8 pass, 0 fail, 0 skip (out of 8)
========================================
shacl-core: 8 pass, 0 fail, 0 skip (out of 8)
