  [1/2] Test of sh:expression at node shape 001 FAIL
  [2/2] Test of sh:nodeByExpression at property shape 001 FAIL
=== SHACL W3C Test Runner (full report comparison) ===
Manifest: third_party/testing/shacl/shacl12-test-suite/tests/node-expr/manifest.ttl

Totals: 2 test entries

  FAIL: Test of sh:expression at node shape 001 (/home/user/factoidal/third_party/testing/shacl/shacl12-test-suite/tests/node-expr/constraints/expression-001.ttl) — report not isomorphic to expected
    expected: _:c14n0 <http://www.w3.org/1999/02/22-rdf-syntax-ns#type> <http://www.w3.org/ns/shacl#ValidationResult> .
_:c14n0 <http://www.w3.org/ns/shacl#focusNode> <http://example.com/ns#InvalidInstance> .
_:c14n0 <http://www.w3.org/ns/shacl#resultSeverity> <http://www.w3.org/ns/shacl#Violation> .
_:c14n0 <http://www.w3.org/ns/shacl#sourceConstraint> "false"^^<http://www.w3.org/2001/XMLSchema#boolean> .
_:c14n0 <http://www.w3.org/ns/shacl#sourceConstraintComponent> <http://www.w3.org/ns/shacl#ExpressionConstraintComponent> .
_:c14n0 <http://www.w3.org/ns/shacl#sourceShape> <http://example.com/ns#TestShape> .
_:c14n0 <http://www.w3.org/ns/shacl#value> <http://example.com/ns#InvalidInstance> .
_:c14n1 <http://www.w3.org/1999/02/22-rdf-syntax-ns#type> <http://www.w3.org/ns/shacl#ValidationReport> .
_:c14n1 <http://www.w3.org/ns/shacl#conforms> "false"^^<http://www.w3.org/2001/XMLSchema#boolean> .
_:c14n1 <http://www.w3.org/ns/shacl#result> _:c14n0 .

    actual:   _:c14n0 <http://www.w3.org/1999/02/22-rdf-syntax-ns#type> <http://www.w3.org/ns/shacl#ValidationReport> .
_:c14n0 <http://www.w3.org/ns/shacl#conforms> "true"^^<http://www.w3.org/2001/XMLSchema#boolean> .

  FAIL: Test of sh:nodeByExpression at property shape 001 (/home/user/factoidal/third_party/testing/shacl/shacl12-test-suite/tests/node-expr/constraints/nodeByExpression-001.ttl) — report not isomorphic to expected
    expected: _:c14n0 <http://www.w3.org/1999/02/22-rdf-syntax-ns#type> <http://www.w3.org/ns/shacl#ValidationResult> .
_:c14n0 <http://www.w3.org/ns/shacl#focusNode> <http://example.com/ns#Issue_1> .
_:c14n0 <http://www.w3.org/ns/shacl#resultPath> <http://example.com/ns#assignedTo> .
_:c14n0 <http://www.w3.org/ns/shacl#resultSeverity> <http://www.w3.org/ns/shacl#Violation> .
_:c14n0 <http://www.w3.org/ns/shacl#sourceConstraint> <http://example.com/ns#AssignedToShape> .
_:c14n0 <http://www.w3.org/ns/shacl#sourceConstraintComponent> <http://www.w3.org/ns/shacl#NodeByExpressionConstraintComponent> .
_:c14n0 <http://www.w3.org/ns/shacl#sourceShape> <http://example.com/ns#Issue-assignedTo> .
_:c14n0 <http://www.w3.org/ns/shacl#value> <http://example.com/ns#Anon> .
_:c14n1 <http://www.w3.org/1999/02/22-rdf-syntax-ns#type> <http://www.w3.org/ns/shacl#ValidationReport> .
_:c14n1 <http://www.w3.org/ns/shacl#conforms> "false"^^<http://www.w3.org/2001/XMLSchema#boolean> .
_:c14n1 <http://www.w3.org/ns/shacl#result> _:c14n0 .

    actual:   _:c14n0 <http://www.w3.org/1999/02/22-rdf-syntax-ns#type> <http://www.w3.org/ns/shacl#ValidationReport> .
_:c14n0 <http://www.w3.org/ns/shacl#conforms> "true"^^<http://www.w3.org/2001/XMLSchema#boolean> .


========================================
TOTAL: 0 pass, 2 fail, 0 skip (out of 2)
========================================
shacl-core: 0 pass, 2 fail, 0 skip (out of 2)
