  [1/8] codepoint-escapes/codepoint-esc-01.rq ok
  [2/8] codepoint-escapes/codepoint-esc-02.rq ok
  [3/8] codepoint-escapes/codepoint-esc-bad-03.rq ok
  [4/8] codepoint-escapes/codepoint-esc-04.rq ok
  [5/8] codepoint-escapes/codepoint-esc-05.rq ok
  [6/8] codepoint-escapes/codepoint-esc-06.rq ok
  [7/8] codepoint-escapes/codepoint-esc-07.rq ok
  [8/8] codepoint-escapes/codepoint-esc-08.rq ok
  [1/41] eval-triple-terms/Triple terms - all graph triples (JSON results) ok
  [2/41] eval-triple-terms/Triple terms - all graph triples (XML results) ok
  [3/41] eval-triple-terms/Reified triples - all graph triples (JSON results) ok (21ms)
  [4/41] eval-triple-terms/Reified triples - all graph triples (XML results) ok (23ms)
  [5/41] eval-triple-terms/Reified triples - match constant reified triple ok
  [6/41] eval-triple-terms/Reified triples - match reified triple, var subject ok
  [7/41] eval-triple-terms/Reified triples - match reified triple, var predicate ok
  [8/41] eval-triple-terms/Reified triples - match reified triple, var object ok
  [9/41] eval-triple-terms/Reified triples - no match of reified triple ok
  [10/41] eval-triple-terms/Annotated triple - match constant reified triple ok
  [11/41] eval-triple-terms/Triple terms - in VALUES ok
  [12/41] eval-triple-terms/Triple terms - in expressions and equality ok
  [13/41] eval-triple-terms/Reified triples - Asserted and reified triple ok
  [14/41] eval-triple-terms/Reified triples - Asserted and reified triple ok
  [15/41] eval-triple-terms/Reified triples - Pattern - Variable for reified triple reifier ok
  [16/41] eval-triple-terms/Reified triples - Pattern - Variable for reified triple ok
  [17/41] eval-triple-terms/Reified triples - Pattern - No match ok
  [18/41] eval-triple-terms/Reified triples - Pattern - match variables in triple terms ok
  [19/41] eval-triple-terms/Reified triples - Pattern - Nesting 1 ok
  [20/41] eval-triple-terms/Reified triples - Pattern - Nesting 2 ok
  [21/41] eval-triple-terms/Reified triples - Pattern - Match and nesting ok
  [22/41] eval-triple-terms/Reified triples - Pattern - Match for non-equal reifier and nesting ok
  [23/41] eval-triple-terms/Reified triples - Pattern - Same variable ok
  [24/41] eval-triple-terms/Reified triples - Pattern - literals or triple terms ok
  [25/41] eval-triple-terms/Triple terms - Pattern - literals or triple terms ok
  [26/41] eval-triple-terms/Reified triples - CONSTRUCT with constant template ok
  [27/41] eval-triple-terms/Reified triples - CONSTRUCT WHERE with constant template ok
  [28/41] eval-triple-terms/Reified triples - CONSTRUCT - about every triple ok
  [29/41] eval-triple-terms/Reified triples - CONSTRUCT with annotation syntax ok
  [30/41] eval-triple-terms/Reified triples - CONSTRUCT WHERE with annotation syntax ok
  [31/41] eval-triple-terms/Reified triples - GRAPH ok
  [32/41] eval-triple-terms/Reified triples - GRAPHs with blank node ok
  [33/41] eval-triple-terms/Reified triples - Embedded triple - BIND - CONSTRUCT ok
  [34/41] eval-triple-terms/Reified triples - Embedded triple - Functions ok
  [35/41] eval-triple-terms/Reified triples - Embedded triple - sameTerm ok
  [36/41] eval-triple-terms/Reified triples - Embedded triple - value-equality ok
  [37/41] eval-triple-terms/Reified triples - Embedded triple - ORDER BY ok (12ms)
  [38/41] eval-triple-terms/Reified triples - Embedded triple - ordering ok (16ms)
  [39/41] eval-triple-terms/Reified triples - Update ok
  [40/41] eval-triple-terms/Reified triples - Update - annotation ok
  [41/41] eval-triple-terms/Reified triples - Update - data ok
  [1/1] expression/not-not ok
  [1/1] grouping/Group-1 ok
  [1/11] lang-basedir/hasLANG ok
  [2/11] lang-basedir/hasLANGDIR ok
  [3/11] lang-basedir/LANG ok
  [4/11] lang-basedir/LANGDIR ok
  [5/11] lang-basedir/LANGDIR with inline literals ok
  [6/11] lang-basedir/Literal with invalid base direction ok
  [7/11] lang-basedir/STRLANG ok
  [8/11] lang-basedir/STRLANGDIR ok
  [9/11] lang-basedir/DATATYPE and rdf:dirLangString ok
  [10/11] lang-basedir/CONCAT and rdf:dirLangString ok
  [11/11] lang-basedir/CONTAINS and rdf:dirLangString ok
  [1/3] rdf11/DATATYPE on rdf:langString ok
  [2/3] rdf11/DATATYPE on plain string literal ok
  [3/3] rdf11/xsd:string and plain literals are the same ok
  [1/2] syntax/Nested aggregate functions ok
  [2/2] syntax/Duplicated variable in a VALUES clause ok
  [1/65] syntax-triple-terms-negative/alternate-path-anonreifier.rq ok
  [2/65] syntax-triple-terms-negative/alternate-path-reifier.rq ok
  [3/65] syntax-triple-terms-negative/alternate-path-tripleterm.rq ok
  [4/65] syntax-triple-terms-negative/annotated-anonreifier-alternate-path.rq ok
  [5/65] syntax-triple-terms-negative/annotated-anonreifier-list-predicate.rq ok
  [6/65] syntax-triple-terms-negative/annotated-anonreifier-oneOrMore.rq ok
  [7/65] syntax-triple-terms-negative/annotated-anonreifier-optional.rq ok
  [8/65] syntax-triple-terms-negative/annotated-anonreifier-path-on-start.rq ok
  [9/65] syntax-triple-terms-negative/annotated-anonreifier-path.rq ok
  [10/65] syntax-triple-terms-negative/annotated-anonreifier-variable-path.rq ok
  [11/65] syntax-triple-terms-negative/annotated-reifier-list-predicate.rq ok
  [12/65] syntax-triple-terms-negative/annotated-reifier-oneOrMore.rq ok
  [13/65] syntax-triple-terms-negative/annotated-reifier-optional.rq ok
  [14/65] syntax-triple-terms-negative/annotated-reifier-path-on-start.rq ok
  [15/65] syntax-triple-terms-negative/annotated-reifier-path.rq ok
  [16/65] syntax-triple-terms-negative/annotated-reifier-reifier-alternate-path.rq ok
  [17/65] syntax-triple-terms-negative/annotated-reifier-variable-path.rq ok
  [18/65] syntax-triple-terms-negative/bind-anonreified.rq ok
  [19/65] syntax-triple-terms-negative/bind-reified.rq ok
  [20/65] syntax-triple-terms-negative/bindbnode-anonreifier.rq ok
  [21/65] syntax-triple-terms-negative/bindbnode-reifier.rq ok
  [22/65] syntax-triple-terms-negative/bindbnode-tripleterm.rq ok
  [23/65] syntax-triple-terms-negative/bnode-predicate-anonreifier.rq ok
  [24/65] syntax-triple-terms-negative/bnode-predicate-reifier.rq ok
  [25/65] syntax-triple-terms-negative/bnode-predicate-tripleterm.rq ok
  [26/65] syntax-triple-terms-negative/list-anonreifier-01.rq ok
  [27/65] syntax-triple-terms-negative/list-anonreifier-02.rq ok
  [28/65] syntax-triple-terms-negative/list-reifier-01.rq ok
  [29/65] syntax-triple-terms-negative/list-reifier-02.rq ok
  [30/65] syntax-triple-terms-negative/list-tripleterm-01.rq ok
  [31/65] syntax-triple-terms-negative/list-tripleterm-02.rq ok
  [32/65] syntax-triple-terms-negative/nested-annotated-path-anonreifier.rq ok
  [33/65] syntax-triple-terms-negative/nested-annotated-path-reifier.rq ok
  [34/65] syntax-triple-terms-negative/quoted-list-object-anonreifier.rq ok
  [35/65] syntax-triple-terms-negative/quoted-list-object-reifier.rq ok
  [36/65] syntax-triple-terms-negative/quoted-list-object-tripleterm.rq ok
  [37/65] syntax-triple-terms-negative/quoted-list-predicate-anonreifier.rq ok
  [38/65] syntax-triple-terms-negative/quoted-list-predicate-reifier.rq ok
  [39/65] syntax-triple-terms-negative/quoted-list-predicate-tripleterm.rq ok
  [40/65] syntax-triple-terms-negative/quoted-list-subject-anonreifier.rq ok
  [41/65] syntax-triple-terms-negative/quoted-list-subject-reifier.rq ok
  [42/65] syntax-triple-terms-negative/quoted-list-subject-tripleterm.rq ok
  [43/65] syntax-triple-terms-negative/quoted-path-anonreifier.rq ok
  [44/65] syntax-triple-terms-negative/quoted-path-bind-anonreifier.rq ok
  [45/65] syntax-triple-terms-negative/quoted-path-bind-reifier.rq ok
  [46/65] syntax-triple-terms-negative/quoted-path-bind-tripleterm.rq ok
  [47/65] syntax-triple-terms-negative/quoted-path-reifier.rq ok
  [48/65] syntax-triple-terms-negative/quoted-path-tripleterm.rq ok
  [49/65] syntax-triple-terms-negative/quoted-variable-path-anonreifier.rq ok
  [50/65] syntax-triple-terms-negative/quoted-variable-path-reifier.rq ok
  [51/65] syntax-triple-terms-negative/quoted-variable-path-tripleterm.rq ok
  [52/65] syntax-triple-terms-negative/syntax-update-anonreifier-01.ru ok
  [53/65] syntax-triple-terms-negative/syntax-update-anonreifier-02.ru ok
  [54/65] syntax-triple-terms-negative/tripleterm-separate-01.rq ok
  [55/65] syntax-triple-terms-negative/tripleterm-separate-02.rq ok
  [56/65] syntax-triple-terms-negative/tripleterm-separate-03.rq ok
  [57/65] syntax-triple-terms-negative/tripleterm-separate-04.rq ok
  [58/65] syntax-triple-terms-negative/tripleterm-separate-05.rq ok
  [59/65] syntax-triple-terms-negative/tripleterm-separate-06.rq ok
  [60/65] syntax-triple-terms-negative/Triple term in the subject position of a triple term (VALUES, simple) ok
  [61/65] syntax-triple-terms-negative/Triple term in the subject position of a triple term (VALUES, general) ok
  [62/65] syntax-triple-terms-negative/Triple term in the subject position  of a triple term (expression) ok
  [63/65] syntax-triple-terms-negative/Literal in the subject position of a triple term (VALUES, simple) ok
  [64/65] syntax-triple-terms-negative/Literal in the subject position of a triple term (VALUES, general) ok
  [65/65] syntax-triple-terms-negative/Literal in the subject position of a triple term (expression) ok
  [1/113] syntax-triple-terms-positive/annotation-anonreifier-01.rq ok
  [2/113] syntax-triple-terms-positive/annotation-anonreifier-02.rq ok
  [3/113] syntax-triple-terms-positive/annotation-anonreifier-03.rq ok
  [4/113] syntax-triple-terms-positive/annotation-anonreifier-04.rq ok
  [5/113] syntax-triple-terms-positive/annotation-anonreifier-05.rq ok
  [6/113] syntax-triple-terms-positive/annotation-anonreifier-06.rq ok
  [7/113] syntax-triple-terms-positive/annotation-anonreifier-07.rq ok
  [8/113] syntax-triple-terms-positive/annotation-anonreifier-08.rq ok
  [9/113] syntax-triple-terms-positive/annotation-anonreifier-09.rq ok
  [10/113] syntax-triple-terms-positive/annotation-anonreifier-multiple-01.rq ok
  [11/113] syntax-triple-terms-positive/annotation-anonreifier-multiple-02.rq ok
  [12/113] syntax-triple-terms-positive/annotation-anonreifier-multiple-03.rq ok
  [13/113] syntax-triple-terms-positive/annotation-anonreifier-multiple-04.rq ok
  [14/113] syntax-triple-terms-positive/annotation-reifier-01.rq ok
  [15/113] syntax-triple-terms-positive/annotation-reifier-02.rq ok
  [16/113] syntax-triple-terms-positive/annotation-reifier-03.rq ok
  [17/113] syntax-triple-terms-positive/annotation-reifier-04.rq ok
  [18/113] syntax-triple-terms-positive/annotation-reifier-05.rq ok
  [19/113] syntax-triple-terms-positive/annotation-reifier-06.rq ok
  [20/113] syntax-triple-terms-positive/annotation-reifier-07.rq ok
  [21/113] syntax-triple-terms-positive/annotation-reifier-08.rq ok
  [22/113] syntax-triple-terms-positive/annotation-reifier-09.rq ok
  [23/113] syntax-triple-terms-positive/annotation-reifier-multiple-01.rq ok
  [24/113] syntax-triple-terms-positive/annotation-reifier-multiple-02.rq ok
  [25/113] syntax-triple-terms-positive/annotation-reifier-multiple-03.rq ok
  [26/113] syntax-triple-terms-positive/annotation-reifier-multiple-04.rq ok
  [27/113] syntax-triple-terms-positive/annotation-reifier-multiple-05.rq ok
  [28/113] syntax-triple-terms-positive/annotation-reifier-multiple-06.rq ok
  [29/113] syntax-triple-terms-positive/annotation-reifier-multiple-07.rq ok
  [30/113] syntax-triple-terms-positive/annotation-reifier-multiple-08.rq ok
  [31/113] syntax-triple-terms-positive/annotation-reifier-multiple-09.rq ok
  [32/113] syntax-triple-terms-positive/annotation-reifier-multiple-10.rq ok
  [33/113] syntax-triple-terms-positive/basic-anonreifier-01.rq ok
  [34/113] syntax-triple-terms-positive/basic-anonreifier-02.rq ok
  [35/113] syntax-triple-terms-positive/basic-anonreifier-03.rq ok
  [36/113] syntax-triple-terms-positive/basic-anonreifier-04.rq ok
  [37/113] syntax-triple-terms-positive/basic-anonreifier-06.rq ok
  [38/113] syntax-triple-terms-positive/basic-anonreifier-07.rq ok
  [39/113] syntax-triple-terms-positive/basic-anonreifier-08.rq ok
  [40/113] syntax-triple-terms-positive/basic-anonreifier-09.rq ok
  [41/113] syntax-triple-terms-positive/basic-anonreifier-10.rq ok
  [42/113] syntax-triple-terms-positive/basic-anonreifier-11.rq ok
  [43/113] syntax-triple-terms-positive/basic-anonreifier-12.rq ok
  [44/113] syntax-triple-terms-positive/basic-anonreifier-13.rq ok
  [45/113] syntax-triple-terms-positive/basic-reifier-01.rq ok
  [46/113] syntax-triple-terms-positive/basic-reifier-02.rq ok
  [47/113] syntax-triple-terms-positive/basic-reifier-03.rq ok
  [48/113] syntax-triple-terms-positive/basic-reifier-04.rq ok
  [49/113] syntax-triple-terms-positive/basic-reifier-06.rq ok
  [50/113] syntax-triple-terms-positive/basic-reifier-07.rq ok
  [51/113] syntax-triple-terms-positive/basic-reifier-08.rq ok
  [52/113] syntax-triple-terms-positive/basic-reifier-09.rq ok
  [53/113] syntax-triple-terms-positive/basic-reifier-10.rq ok
  [54/113] syntax-triple-terms-positive/basic-reifier-11.rq ok
  [55/113] syntax-triple-terms-positive/basic-reifier-12.rq ok
  [56/113] syntax-triple-terms-positive/basic-reifier-13.rq ok
  [57/113] syntax-triple-terms-positive/basic-tripleterm-01.rq ok
  [58/113] syntax-triple-terms-positive/basic-tripleterm-02.rq ok
  [59/113] syntax-triple-terms-positive/basic-tripleterm-03.rq ok
  [60/113] syntax-triple-terms-positive/basic-tripleterm-04.rq ok
  [61/113] syntax-triple-terms-positive/basic-tripleterm-05.rq ok
  [62/113] syntax-triple-terms-positive/basic-tripleterm-06.rq ok
  [63/113] syntax-triple-terms-positive/basic-tripleterm-07.rq ok
  [64/113] syntax-triple-terms-positive/bnode-anonreifier-01.rq ok
  [65/113] syntax-triple-terms-positive/bnode-anonreifier-02.rq ok
  [66/113] syntax-triple-terms-positive/bnode-anonreifier-03.rq ok
  [67/113] syntax-triple-terms-positive/bnode-reifier-01.rq ok
  [68/113] syntax-triple-terms-positive/bnode-reifier-02.rq ok
  [69/113] syntax-triple-terms-positive/bnode-reifier-03.rq ok
  [70/113] syntax-triple-terms-positive/bnode-tripleterm-01.rq ok
  [71/113] syntax-triple-terms-positive/bnode-tripleterm-02.rq ok
  [72/113] syntax-triple-terms-positive/bnode-tripleterm-03.rq ok
  [73/113] syntax-triple-terms-positive/compound-all.rq ok
  [74/113] syntax-triple-terms-positive/compound-anonreifier.rq ok
  [75/113] syntax-triple-terms-positive/compound-reifier.rq ok
  [76/113] syntax-triple-terms-positive/compound-tripleterm.rq ok
  [77/113] syntax-triple-terms-positive/compound-tripleterm-subject.rq ok
  [78/113] syntax-triple-terms-positive/expr-tripleterm-01.rq ok
  [79/113] syntax-triple-terms-positive/expr-tripleterm-03.rq ok
  [80/113] syntax-triple-terms-positive/expr-tripleterm-04.rq ok
  [81/113] syntax-triple-terms-positive/expr-tripleterm-05.rq ok
  [82/113] syntax-triple-terms-positive/expr-tripleterm-06.rq ok
  [83/113] syntax-triple-terms-positive/inside-anonreifier-01.rq ok
  [84/113] syntax-triple-terms-positive/inside-anonreifier-02.rq ok
  [85/113] syntax-triple-terms-positive/inside-reifier-01.rq ok
  [86/113] syntax-triple-terms-positive/inside-reifier-02.rq ok
  [87/113] syntax-triple-terms-positive/inside-tripleterm-01.rq ok
  [88/113] syntax-triple-terms-positive/inside-tripleterm-02.rq ok
  [89/113] syntax-triple-terms-positive/nested-anonreifier-01.rq ok
  [90/113] syntax-triple-terms-positive/nested-anonreifier-02.rq ok
  [91/113] syntax-triple-terms-positive/nested-reifier-01.rq ok
  [92/113] syntax-triple-terms-positive/nested-reifier-02.rq ok
  [93/113] syntax-triple-terms-positive/nested-tripleterm-01.rq ok
  [94/113] syntax-triple-terms-positive/nested-tripleterm-02.rq ok
  [95/113] syntax-triple-terms-positive/subject-tripleterm.rq ok
  [96/113] syntax-triple-terms-positive/update-anonreifier-01.ru ok
  [97/113] syntax-triple-terms-positive/update-anonreifier-02.ru ok
  [98/113] syntax-triple-terms-positive/update-anonreifier-03.ru ok
  [99/113] syntax-triple-terms-positive/update-anonreifier-04.ru ok
  [100/113] syntax-triple-terms-positive/update-anonreifier-05.ru ok
  [101/113] syntax-triple-terms-positive/update-anonreifier-06.ru ok
  [102/113] syntax-triple-terms-positive/update-reifier-01.ru ok
  [103/113] syntax-triple-terms-positive/update-reifier-02.ru ok
  [104/113] syntax-triple-terms-positive/update-reifier-03.ru ok
  [105/113] syntax-triple-terms-positive/update-reifier-04.ru ok
  [106/113] syntax-triple-terms-positive/update-reifier-05.ru ok
  [107/113] syntax-triple-terms-positive/update-reifier-06.ru ok
  [108/113] syntax-triple-terms-positive/update-reifier-07.ru ok
  [109/113] syntax-triple-terms-positive/update-reifier-08.ru ok
  [110/113] syntax-triple-terms-positive/update-tripleterm-01.ru ok
  [111/113] syntax-triple-terms-positive/update-tripleterm-03.ru ok
  [112/113] syntax-triple-terms-positive/update-tripleterm-04.ru ok
  [113/113] syntax-triple-terms-positive/update-tripleterm-05.ru ok
  [1/9] version/version-01.rq ok
  [2/9] version/version-02.rq ok
  [3/9] version/version-03.rq ok
  [4/9] version/version-04.rq ok
  [5/9] version/version-05.rq ok
  [6/9] version/version-06.rq ok
  [7/9] version/version-bad-01.rq ok
  [8/9] version/version-bad-02.rq ok
  [9/9] version/version-bad-03.rq ok
=== W3C SPARQL 1.2 Test Runner ===
Test base: third_party/testing/w3c/sparql/sparql12


--- codepoint-escapes ---
  PASS: codepoint-esc-01.rq
  PASS: codepoint-esc-02.rq
  PASS: codepoint-esc-bad-03.rq
  PASS: codepoint-esc-04.rq
  PASS: codepoint-esc-05.rq
  PASS: codepoint-esc-06.rq
  PASS: codepoint-esc-07.rq
  PASS: codepoint-esc-08.rq
  [suite time: 0.0s]

--- eval-triple-terms ---
  PASS: Triple terms - all graph triples (JSON results)
  PASS: Triple terms - all graph triples (XML results)
  PASS: Reified triples - all graph triples (JSON results) (21ms)
  PASS: Reified triples - all graph triples (XML results) (23ms)
  PASS: Reified triples - match constant reified triple
  PASS: Reified triples - match reified triple, var subject
  PASS: Reified triples - match reified triple, var predicate
  PASS: Reified triples - match reified triple, var object
  PASS: Reified triples - no match of reified triple
  PASS: Annotated triple - match constant reified triple
  PASS: Triple terms - in VALUES
  PASS: Triple terms - in expressions and equality
  PASS: Reified triples - Asserted and reified triple
  PASS: Reified triples - Asserted and reified triple
  PASS: Reified triples - Pattern - Variable for reified triple reifier
  PASS: Reified triples - Pattern - Variable for reified triple
  PASS: Reified triples - Pattern - No match
  PASS: Reified triples - Pattern - match variables in triple terms
  PASS: Reified triples - Pattern - Nesting 1
  PASS: Reified triples - Pattern - Nesting 2
  PASS: Reified triples - Pattern - Match and nesting
  PASS: Reified triples - Pattern - Match for non-equal reifier and nesting
  PASS: Reified triples - Pattern - Same variable
  PASS: Reified triples - Pattern - literals or triple terms
  PASS: Triple terms - Pattern - literals or triple terms
  PASS: Reified triples - CONSTRUCT with constant template
  PASS: Reified triples - CONSTRUCT WHERE with constant template
  PASS: Reified triples - CONSTRUCT - about every triple
  PASS: Reified triples - CONSTRUCT with annotation syntax
  PASS: Reified triples - CONSTRUCT WHERE with annotation syntax
  PASS: Reified triples - GRAPH
  PASS: Reified triples - GRAPHs with blank node
  PASS: Reified triples - Embedded triple - BIND - CONSTRUCT
  PASS: Reified triples - Embedded triple - Functions
  PASS: Reified triples - Embedded triple - sameTerm
  PASS: Reified triples - Embedded triple - value-equality
  PASS: Reified triples - Embedded triple - ORDER BY (12ms)
  PASS: Reified triples - Embedded triple - ordering (16ms)
  PASS: Reified triples - Update
  PASS: Reified triples - Update - annotation
  PASS: Reified triples - Update - data
  [suite time: 0.1s]

--- expression ---
  PASS: not-not
  [suite time: 0.0s]

--- grouping ---
  PASS: Group-1
  [suite time: 0.0s]

--- lang-basedir ---
  PASS: hasLANG
  PASS: hasLANGDIR
  PASS: LANG
  PASS: LANGDIR
  PASS: LANGDIR with inline literals
  PASS: Literal with invalid base direction
  PASS: STRLANG
  PASS: STRLANGDIR
  PASS: DATATYPE and rdf:dirLangString
  PASS: CONCAT and rdf:dirLangString
  PASS: CONTAINS and rdf:dirLangString
  [suite time: 0.0s]

--- rdf11 ---
  PASS: DATATYPE on rdf:langString
  PASS: DATATYPE on plain string literal
  PASS: xsd:string and plain literals are the same
  [suite time: 0.0s]

--- syntax ---
  PASS: Nested aggregate functions
  PASS: Duplicated variable in a VALUES clause
  [suite time: 0.0s]

--- syntax-triple-terms-negative ---
  PASS: alternate-path-anonreifier.rq
  PASS: alternate-path-reifier.rq
  PASS: alternate-path-tripleterm.rq
  PASS: annotated-anonreifier-alternate-path.rq
  PASS: annotated-anonreifier-list-predicate.rq
  PASS: annotated-anonreifier-oneOrMore.rq
  PASS: annotated-anonreifier-optional.rq
  PASS: annotated-anonreifier-path-on-start.rq
  PASS: annotated-anonreifier-path.rq
  PASS: annotated-anonreifier-variable-path.rq
  PASS: annotated-reifier-list-predicate.rq
  PASS: annotated-reifier-oneOrMore.rq
  PASS: annotated-reifier-optional.rq
  PASS: annotated-reifier-path-on-start.rq
  PASS: annotated-reifier-path.rq
  PASS: annotated-reifier-reifier-alternate-path.rq
  PASS: annotated-reifier-variable-path.rq
  PASS: bind-anonreified.rq
  PASS: bind-reified.rq
  PASS: bindbnode-anonreifier.rq
  PASS: bindbnode-reifier.rq
  PASS: bindbnode-tripleterm.rq
  PASS: bnode-predicate-anonreifier.rq
  PASS: bnode-predicate-reifier.rq
  PASS: bnode-predicate-tripleterm.rq
  PASS: list-anonreifier-01.rq
  PASS: list-anonreifier-02.rq
  PASS: list-reifier-01.rq
  PASS: list-reifier-02.rq
  PASS: list-tripleterm-01.rq
  PASS: list-tripleterm-02.rq
  PASS: nested-annotated-path-anonreifier.rq
  PASS: nested-annotated-path-reifier.rq
  PASS: quoted-list-object-anonreifier.rq
  PASS: quoted-list-object-reifier.rq
  PASS: quoted-list-object-tripleterm.rq
  PASS: quoted-list-predicate-anonreifier.rq
  PASS: quoted-list-predicate-reifier.rq
  PASS: quoted-list-predicate-tripleterm.rq
  PASS: quoted-list-subject-anonreifier.rq
  PASS: quoted-list-subject-reifier.rq
  PASS: quoted-list-subject-tripleterm.rq
  PASS: quoted-path-anonreifier.rq
  PASS: quoted-path-bind-anonreifier.rq
  PASS: quoted-path-bind-reifier.rq
  PASS: quoted-path-bind-tripleterm.rq
  PASS: quoted-path-reifier.rq
  PASS: quoted-path-tripleterm.rq
  PASS: quoted-variable-path-anonreifier.rq
  PASS: quoted-variable-path-reifier.rq
  PASS: quoted-variable-path-tripleterm.rq
  PASS: syntax-update-anonreifier-01.ru
  PASS: syntax-update-anonreifier-02.ru
  PASS: tripleterm-separate-01.rq
  PASS: tripleterm-separate-02.rq
  PASS: tripleterm-separate-03.rq
  PASS: tripleterm-separate-04.rq
  PASS: tripleterm-separate-05.rq
  PASS: tripleterm-separate-06.rq
  PASS: Triple term in the subject position of a triple term (VALUES, simple)
  PASS: Triple term in the subject position of a triple term (VALUES, general)
  PASS: Triple term in the subject position  of a triple term (expression)
  PASS: Literal in the subject position of a triple term (VALUES, simple)
  PASS: Literal in the subject position of a triple term (VALUES, general)
  PASS: Literal in the subject position of a triple term (expression)
  [suite time: 0.0s]

--- syntax-triple-terms-positive ---
  PASS: annotation-anonreifier-01.rq
  PASS: annotation-anonreifier-02.rq
  PASS: annotation-anonreifier-03.rq
  PASS: annotation-anonreifier-04.rq
  PASS: annotation-anonreifier-05.rq
  PASS: annotation-anonreifier-06.rq
  PASS: annotation-anonreifier-07.rq
  PASS: annotation-anonreifier-08.rq
  PASS: annotation-anonreifier-09.rq
  PASS: annotation-anonreifier-multiple-01.rq
  PASS: annotation-anonreifier-multiple-02.rq
  PASS: annotation-anonreifier-multiple-03.rq
  PASS: annotation-anonreifier-multiple-04.rq
  PASS: annotation-reifier-01.rq
  PASS: annotation-reifier-02.rq
  PASS: annotation-reifier-03.rq
  PASS: annotation-reifier-04.rq
  PASS: annotation-reifier-05.rq
  PASS: annotation-reifier-06.rq
  PASS: annotation-reifier-07.rq
  PASS: annotation-reifier-08.rq
  PASS: annotation-reifier-09.rq
  PASS: annotation-reifier-multiple-01.rq
  PASS: annotation-reifier-multiple-02.rq
  PASS: annotation-reifier-multiple-03.rq
  PASS: annotation-reifier-multiple-04.rq
  PASS: annotation-reifier-multiple-05.rq
  PASS: annotation-reifier-multiple-06.rq
  PASS: annotation-reifier-multiple-07.rq
  PASS: annotation-reifier-multiple-08.rq
  PASS: annotation-reifier-multiple-09.rq
  PASS: annotation-reifier-multiple-10.rq
  PASS: basic-anonreifier-01.rq
  PASS: basic-anonreifier-02.rq
  PASS: basic-anonreifier-03.rq
  PASS: basic-anonreifier-04.rq
  PASS: basic-anonreifier-06.rq
  PASS: basic-anonreifier-07.rq
  PASS: basic-anonreifier-08.rq
  PASS: basic-anonreifier-09.rq
  PASS: basic-anonreifier-10.rq
  PASS: basic-anonreifier-11.rq
  PASS: basic-anonreifier-12.rq
  PASS: basic-anonreifier-13.rq
  PASS: basic-reifier-01.rq
  PASS: basic-reifier-02.rq
  PASS: basic-reifier-03.rq
  PASS: basic-reifier-04.rq
  PASS: basic-reifier-06.rq
  PASS: basic-reifier-07.rq
  PASS: basic-reifier-08.rq
  PASS: basic-reifier-09.rq
  PASS: basic-reifier-10.rq
  PASS: basic-reifier-11.rq
  PASS: basic-reifier-12.rq
  PASS: basic-reifier-13.rq
  PASS: basic-tripleterm-01.rq
  PASS: basic-tripleterm-02.rq
  PASS: basic-tripleterm-03.rq
  PASS: basic-tripleterm-04.rq
  PASS: basic-tripleterm-05.rq
  PASS: basic-tripleterm-06.rq
  PASS: basic-tripleterm-07.rq
  PASS: bnode-anonreifier-01.rq
  PASS: bnode-anonreifier-02.rq
  PASS: bnode-anonreifier-03.rq
  PASS: bnode-reifier-01.rq
  PASS: bnode-reifier-02.rq
  PASS: bnode-reifier-03.rq
  PASS: bnode-tripleterm-01.rq
  PASS: bnode-tripleterm-02.rq
  PASS: bnode-tripleterm-03.rq
  PASS: compound-all.rq
  PASS: compound-anonreifier.rq
  PASS: compound-reifier.rq
  PASS: compound-tripleterm.rq
  PASS: compound-tripleterm-subject.rq
  PASS: expr-tripleterm-01.rq
  PASS: expr-tripleterm-03.rq
  PASS: expr-tripleterm-04.rq
  PASS: expr-tripleterm-05.rq
  PASS: expr-tripleterm-06.rq
  PASS: inside-anonreifier-01.rq
  PASS: inside-anonreifier-02.rq
  PASS: inside-reifier-01.rq
  PASS: inside-reifier-02.rq
  PASS: inside-tripleterm-01.rq
  PASS: inside-tripleterm-02.rq
  PASS: nested-anonreifier-01.rq
  PASS: nested-anonreifier-02.rq
  PASS: nested-reifier-01.rq
  PASS: nested-reifier-02.rq
  PASS: nested-tripleterm-01.rq
  PASS: nested-tripleterm-02.rq
  PASS: subject-tripleterm.rq
  PASS: update-anonreifier-01.ru
  PASS: update-anonreifier-02.ru
  PASS: update-anonreifier-03.ru
  PASS: update-anonreifier-04.ru
  PASS: update-anonreifier-05.ru
  PASS: update-anonreifier-06.ru
  PASS: update-reifier-01.ru
  PASS: update-reifier-02.ru
  PASS: update-reifier-03.ru
  PASS: update-reifier-04.ru
  PASS: update-reifier-05.ru
  PASS: update-reifier-06.ru
  PASS: update-reifier-07.ru
  PASS: update-reifier-08.ru
  PASS: update-tripleterm-01.ru
  PASS: update-tripleterm-03.ru
  PASS: update-tripleterm-04.ru
  PASS: update-tripleterm-05.ru
  [suite time: 0.0s]

--- version ---
  PASS: version-01.rq
  PASS: version-02.rq
  PASS: version-03.rq
  PASS: version-04.rq
  PASS: version-05.rq
  PASS: version-06.rq
  PASS: version-bad-01.rq
  PASS: version-bad-02.rq
  PASS: version-bad-03.rq
  [suite time: 0.0s]

========================================
Suite Results:
  codepoint-escapes                   pass:8 fail:0 skip:0 unsupported:0
  eval-triple-terms                   pass:41 fail:0 skip:0 unsupported:0
  expression                          pass:1 fail:0 skip:0 unsupported:0
  grouping                            pass:1 fail:0 skip:0 unsupported:0
  lang-basedir                        pass:11 fail:0 skip:0 unsupported:0
  rdf11                               pass:3 fail:0 skip:0 unsupported:0
  syntax                              pass:2 fail:0 skip:0 unsupported:0
  syntax-triple-terms-negative        pass:65 fail:0 skip:0 unsupported:0
  syntax-triple-terms-positive        pass:113 fail:0 skip:0 unsupported:0
  version                             pass:9 fail:0 skip:0 unsupported:0
========================================
TOTAL: 254 pass, 0 fail, 0 skip, 0 unsupported
========================================

Harness Diagnostics (escape branches, #316):
HARNESS-DIAG codepoint-escapes              budget_exceeded:0 gsp_seed:0 no_manifest:0 zero_tests:0 skip:0 unsupported:0
HARNESS-DIAG eval-triple-terms              budget_exceeded:0 gsp_seed:0 no_manifest:0 zero_tests:0 skip:0 unsupported:0
HARNESS-DIAG expression                     budget_exceeded:0 gsp_seed:0 no_manifest:0 zero_tests:0 skip:0 unsupported:0
HARNESS-DIAG grouping                       budget_exceeded:0 gsp_seed:0 no_manifest:0 zero_tests:0 skip:0 unsupported:0
HARNESS-DIAG lang-basedir                   budget_exceeded:0 gsp_seed:0 no_manifest:0 zero_tests:0 skip:0 unsupported:0
HARNESS-DIAG rdf11                          budget_exceeded:0 gsp_seed:0 no_manifest:0 zero_tests:0 skip:0 unsupported:0
HARNESS-DIAG syntax                         budget_exceeded:0 gsp_seed:0 no_manifest:0 zero_tests:0 skip:0 unsupported:0
HARNESS-DIAG syntax-triple-terms-negative   budget_exceeded:0 gsp_seed:0 no_manifest:0 zero_tests:0 skip:0 unsupported:0
HARNESS-DIAG syntax-triple-terms-positive   budget_exceeded:0 gsp_seed:0 no_manifest:0 zero_tests:0 skip:0 unsupported:0
HARNESS-DIAG version                        budget_exceeded:0 gsp_seed:0 no_manifest:0 zero_tests:0 skip:0 unsupported:0
HARNESS-DIAG-TOTAL budget_exceeded:0 gsp_seed:0 no_manifest:0 zero_tests:0 skip:0 unsupported:0 discovered_tests:254
