TAP version 13
# Subtest: matrixDeterminant: 2x2 determinant is exact
ok 1 - matrixDeterminant: 2x2 determinant is exact
  ---
  duration_ms: 86.010069
  type: 'test'
  ...
# Subtest: matrixDeterminant: non-square is undefined
ok 2 - matrixDeterminant: non-square is undefined
  ---
  duration_ms: 0.653226
  type: 'test'
  ...
# Subtest: matrixScalarProduct: dot product of two 3-vectors
ok 3 - matrixScalarProduct: dot product of two 3-vectors
  ---
  duration_ms: 0.46478
  type: 'test'
  ...
# Subtest: matrixVectorProduct: cross product of unit vectors
ok 4 - matrixVectorProduct: cross product of unit vectors
  ---
  duration_ms: 0.667534
  type: 'test'
  ...
# Subtest: matrixOuterProduct: outer product yields a matrix
ok 5 - matrixOuterProduct: outer product yields a matrix
  ---
  duration_ms: 0.549037
  type: 'test'
  ...
# Subtest: matrixDeterminant: exact rational entries
ok 6 - matrixDeterminant: exact rational entries
  ---
  duration_ms: 0.418022
  type: 'test'
  ...
# Subtest: toanSummation: sum_{i=1}^{4} (x + i*y) = 4x + 10y
ok 7 - toanSummation: sum_{i=1}^{4} (x + i*y) = 4x + 10y
  ---
  duration_ms: 88.870355
  type: 'test'
  ...
# Subtest: toanProduct: product_{i=1}^{3} i = 6
ok 8 - toanProduct: product_{i=1}^{3} i = 6
  ---
  duration_ms: 0.622816
  type: 'test'
  ...
# Subtest: toanSimplify: 2 + 3 collapses to 5
ok 9 - toanSimplify: 2 + 3 collapses to 5
  ---
  duration_ms: 0.776031
  type: 'test'
  ...
# Subtest: toanDiff: d/dx (x*x) mentions x
ok 10 - toanDiff: d/dx (x*x) mentions x
  ---
  duration_ms: 0.919435
  type: 'test'
  ...
# Subtest: toanSubst: (x + 1)[x := 4] mentions 4
ok 11 - toanSubst: (x + 1)[x := 4] mentions 4
  ---
  duration_ms: 0.594039
  type: 'test'
  ...
1..11
# tests 11
# suites 0
# pass 11
# fail 0
# cancelled 0
# skipped 0
# todo 0
# duration_ms 188.533478
