=== W3C XML Conformance Test Suite Runner ===
xmlconf dir: third_party/testing/xml/xmlconf

Manifest dogfood: xmlconf.xml parse -> None (expected: its DOCTYPE internal
subset has no production in Parser.XML.fst). Falling back to a textual scan
for <!ENTITY name SYSTEM "path"> declarations to discover leaf manifests.

Discovered 21 leaf manifest files via entity-declaration scan.

Leaf manifests dogfood-parsed cleanly: 21; needed textual fallback: 0 (of 21).

Total <TEST> entries discovered: 2585

-- Per collection --
  eduni        pass:439   fail:0     skip:126   (of which n/a:4    ) (of 565)
  ibm          pass:537   fail:0     skip:599   (of which n/a:307  ) (of 1136)
  japanese     pass:1     fail:0     skip:11    (of which n/a:0    ) (of 12)
  jclark       pass:266   fail:0     skip:99    (of which n/a:2    ) (of 365)
  oasis        pass:163   fail:0     skip:185   (of which n/a:0    ) (of 348)
  sun          pass:41    fail:0     skip:118   (of which n/a:0    ) (of 159)

-- Per TYPE bucket --
  error        pass:0     fail:0     skip:33    (of which n/a:1    ) (of 33)
  invalid      pass:0     fail:0     skip:242   (of which n/a:0    ) (of 242)
  not-wf       pass:720   fail:0     skip:778   (of which n/a:312  ) (of 1498)
  valid        pass:727   fail:0     skip:85    (of which n/a:0    ) (of 812)

-- FAIL cluster table (0 total FAILs) --

-- SKIP reason breakdown (1138 total SKIPs) --
  331    not-wf violation is in the DTD internal subset, parsed-but-not-validat...
  313    not-applicable: EDITION 1 2 3 4, parser targets XML 1.0 5th ed
  274    no DTD validation (by design)
  58     valid doc rejected at a Stage-A DTD boundary (markup entity / external...
  45     parser accepted, but test requires external parameter entities not rea...
  36     UTF-16LE (BOM detected)
  33     out-of-profile: not-wf holds only under XML 1.1 (declared version=1.1)...
  27     declared encoding "iso-8859-1" not decoded
  9      parser accepted, but test requires external both entities not read (ex...
  4      UTF-16BE (BOM detected)
  4      out-of-profile: not-wf holds only under Namespaces in XML; construct n...
  3      parser accepted, but test requires external general entities not read ...
  1      declared encoding "UTF-16" not decoded

========================================
TOTAL: 1447 pass, 0 fail, 1138 skip (of 2585)

-- HONEST BREAKDOWN (PART 1 integrity accounting) --
  not-wf REAL passes (parser rejected for the tested construct): 720
  valid  wf-accept passes (DOCTYPE internal subset now parsed):  727
  --> real pass total:                                           1447
  not-wf FAILs (parser wrongly ACCEPTED a wf-1.0 not-wf doc):     0
  valid  FAILs (parser wrongly REJECTED a valid doc):            0
  --> fail total:                                                0
  SKIP: not-wf DTD-internal (accepted; violation in the DTD
        subset, parsed-but-not-validated — Stage-A scope limit): 331
  SKIP: valid DTD-boundary (rejected; markup entity / external
        subset / DTD construct beyond the WF slice):             58
  SKIP: out-of-profile (not-wf only under XML 1.1 / Namespaces,
        parser is XML 1.0 non-namespace):                        37
  SKIP: vacuous (RETIRED by Stage-A DTD support; must be 0):      0
  NOT-APPLICABLE: fixture's own EDITION attribute excludes the 5th
        edition, which this parser targets — the rule it asserts
        was retired by the spec we implement, so it is correct
        scoping, NOT a gap (not-wf 312, valid 0, other 1):        313
  SKIP: other (DOCTYPE-external-on-valid, encoding, invalid/error
        by design, external-entity exemption, file-not-found):   399
  --> skip total (INCLUDES the not-applicable count above):       1138
  (side-check: PassVacuous counter = 0, must equal vacuous skip = 0)
XML_Wellformedness.is_valid_ncname (informational only, see module comment):
  checked 1458 element tags across accepted documents; 12 would have been
  rejected by the NCName production (expected — it excludes ':' from Name
  start/continue characters, which is an RDF/XML-domain rule, not generic
  XML conformance; plain XML 1.0 legally allows ':' in Names).
========================================
xml-conformance: 1447 pass, 0 fail, 1138 skip (of 2585); 313 not-applicable (fixture EDITION excludes the 5th; parser targets XML 1.0 5th ed)
