=== F* → OCaml → JavaScript Pipeline ===

--- Step 1: F* → OCaml extraction ---
  Extracting all F* modules (verified)...
  [.fsti pre-check] OWL.Closure.fsti
  [.fsti pre-check] RDF.Graph.fsti
  [.fsti pre-check] RDF.IRI.fsti
  [.fsti pre-check] RDF.Indexed.fsti
  [.fsti pre-check] RDF.Term.fsti
  [.fsti pre-check] RDF.Triple.fsti
  [.fsti pre-check] RDF.Vocabulary.fsti
  [.fsti pre-check] RDFS.Closure.fsti
  BUILD_JOBS=4 (nproc=4)
  Dependency DAG: 186 modules in 10 layer(s)
  -- layer 0: 37 module(s)
    Util.Log.fst (up to date, skipped -- source unchanged since last extract)
    RDF.Vocabulary.fst (up to date, skipped -- source unchanged since last extract)
    RDF.Format.fst (up to date, skipped -- source unchanged since last extract)
    Regex.Syntax.fst (up to date, skipped -- source unchanged since last extract)
    RDF.Term.fst (up to date, skipped -- source unchanged since last extract)
    RDF.Triple.fst (up to date, skipped -- source unchanged since last extract)
    RDF.Graph.fst (up to date, skipped -- source unchanged since last extract)
    RDF.Indexed.fst (up to date, skipped -- source unchanged since last extract)
    RDF.Vocabulary.Axioms.fst (up to date, skipped -- source unchanged since last extract)
    OWL.Closure.fst (up to date, skipped -- source unchanged since last extract)
    RDF.Bytes.fst (up to date, skipped -- source unchanged since last extract)
    RDF.Graph.Executable.fst (up to date, skipped -- source unchanged since last extract)
    RDF.List.Helpers.fst (up to date, skipped -- source unchanged since last extract)
    Parquet.Footer.fst (up to date, skipped -- source unchanged since last extract)
    OWL.Tests.Manifest.fst (up to date, skipped -- source unchanged since last extract)
    XSD.IEEE754.fst (up to date, skipped -- source unchanged since last extract)
    OWL2.SyntaxDL.fst (up to date, skipped -- source unchanged since last extract)
    RDF.Canonical.Manifest.fst (up to date, skipped -- source unchanged since last extract)
    Parser.FastString.fst (up to date, skipped -- source unchanged since last extract)
    Parser.IRI.fst (up to date, skipped -- source unchanged since last extract)
    RDF.Geo.Types.fst (up to date, skipped -- source unchanged since last extract)
    Math.Expr.fst (up to date, skipped -- source unchanged since last extract)
    XML.Wellformedness.fst (up to date, skipped -- source unchanged since last extract)
    JSONLD.Loader.fst (up to date, skipped -- source unchanged since last extract)
    VC.Multibase.fst (up to date, skipped -- source unchanged since last extract)
    SPARQL.Eval.Limits.fst (up to date, skipped -- source unchanged since last extract)
    SPARQL.Eval.TimeBudget.fst (up to date, skipped -- source unchanged since last extract)
    SPARQL.HTTP.Response.fst (up to date, skipped -- source unchanged since last extract)
    SPARQL.HTTP.Timing.fst (up to date, skipped -- source unchanged since last extract)
    SPARQL.HTTP.StaticFiles.fst (up to date, skipped -- source unchanged since last extract)
    RDF.CottasStore.LazyDict.fst (up to date, skipped -- source unchanged since last extract)
    SPARQL.HTTP.Routes.fst (up to date, skipped -- source unchanged since last extract)
    RDF.Store.LazyTermCache.fst (up to date, skipped -- source unchanged since last extract)
    SPARQL.Plan.Estimate.fst (up to date, skipped -- source unchanged since last extract)
    SPARQL.HTTP.fst (up to date, skipped -- source unchanged since last extract)
    SPARQL.Plan.Loader.fst (up to date, skipped -- source unchanged since last extract)
    SPARQL.HTTP.Client.fst (up to date, skipped -- source unchanged since last extract)
  -- layer 1: 41 module(s)
    RDFS.Closure.fst (up to date, skipped -- source unchanged since last extract)
    Regex.Derivative.fst (up to date, skipped -- source unchanged since last extract)
    Regex.XSDPattern.fst (up to date, skipped -- source unchanged since last extract)
    RDF.IRI.fst (up to date, skipped -- source unchanged since last extract)
    RDF.Entailment.Simple.fst (up to date, skipped -- source unchanged since last extract)
    RDF.Dataset.Graphs.fst (up to date, skipped -- source unchanged since last extract)
    OWL.Vocabulary.fst (up to date, skipped -- source unchanged since last extract)
    RDF.Store.Loader.fst (up to date, skipped -- source unchanged since last extract)
    OWL.DirectMapping.Filter.fst (up to date, skipped -- source unchanged since last extract)
    SPARQL11.IRI.Resolve.fst (up to date, skipped -- source unchanged since last extract)
    SPARQL.FullText.fst (up to date, skipped -- source unchanged since last extract)
    XSD.Facets.fst (up to date, skipped -- source unchanged since last extract)
    RIF.Core.Syntax.fst (up to date, skipped -- source unchanged since last extract)
    RDF.Geo.BBox.fst (up to date, skipped -- source unchanged since last extract)
    Parser.Combinators.fst (up to date, skipped -- source unchanged since last extract)
    Math.Subst.fst (up to date, skipped -- source unchanged since last extract)
    Math.Diff.fst (up to date, skipped -- source unchanged since last extract)
    Math.Simplify.fst (up to date, skipped -- source unchanged since last extract)
    Math.Matrix.fst (up to date, skipped -- source unchanged since last extract)
    MathML.Present.fst (up to date, skipped -- source unchanged since last extract)
    Math.Sigmoid.fst (up to date, skipped -- source unchanged since last extract)
    SPARQL.JSON.Escape.fst (up to date, skipped -- source unchanged since last extract)
    Parser.JSONLD.Html.fst (up to date, skipped -- source unchanged since last extract)
    DID.Key.fst (up to date, skipped -- source unchanged since last extract)
    RML.Mapping.fst (up to date, skipped -- source unchanged since last extract)
    Parser.BallyhooBloom.fst (up to date, skipped -- source unchanged since last extract)
    Parser.BallyhooCOTTAS.fst (up to date, skipped -- source unchanged since last extract)
    RDF.CottasStore.ColumnSeq.fst (up to date, skipped -- source unchanged since last extract)
    RDF.CottasStore.OnDiskIndex.fst (up to date, skipped -- source unchanged since last extract)
    RDF.CottasStore.DictWriter.fst (up to date, skipped -- source unchanged since last extract)
    RDF.CottasStore.PresenceWriter.fst (up to date, skipped -- source unchanged since last extract)
    RDF.CottasStore.CompoundPresenceWriter.fst (up to date, skipped -- source unchanged since last extract)
    RDF.CottasStore.OffsetsWriter.fst (up to date, skipped -- source unchanged since last extract)
    RDF.CottasStore.LazyDictRegistry.fst (up to date, skipped -- source unchanged since last extract)
    RDF.CottasStore.BaseWriter.fst (up to date, skipped -- source unchanged since last extract)
    RDF.Store.Columnar.DeltaLog.fst (up to date, skipped -- source unchanged since last extract)
    RDF.Store.HDTTermCacheRegistry.fst (up to date, skipped -- source unchanged since last extract)
    SPARQL.Protocol.fst (up to date, skipped -- source unchanged since last extract)
    RDF.Dataset.Merge.fst (up to date, skipped -- source unchanged since last extract)
    SPARQL.ServiceDescription.fst (up to date, skipped -- source unchanged since last extract)
    SPARQL.GraphStore.fst (up to date, skipped -- source unchanged since last extract)
  -- layer 2: 22 module(s)
    RDF.Canonical.fst (up to date, skipped -- source unchanged since last extract)
    Regex.Exec.fst (up to date, skipped -- source unchanged since last extract)
    RDF.Geo.Topology.fst (up to date, skipped -- source unchanged since last extract)
    Tableau.fst (up to date, skipped -- source unchanged since last extract)
    RDF.Geo.Functions.fst (up to date, skipped -- source unchanged since last extract)
    Parser.TurtleScanner.fst (up to date, skipped -- source unchanged since last extract)
    Parser.WKT.fst (up to date, skipped -- source unchanged since last extract)
    Parser.NTriples.fst (up to date, skipped -- source unchanged since last extract)
    Parser.XML.fst (up to date, skipped -- source unchanged since last extract)
    Parser.OWLFunctional.fst (up to date, skipped -- source unchanged since last extract)
    Parser.XPath.fst (up to date, skipped -- source unchanged since last extract)
    Math.Series.fst (up to date, skipped -- source unchanged since last extract)
    Parser.CSVResults.fst (up to date, skipped -- source unchanged since last extract)
    Parser.JSON.fst (up to date, skipped -- source unchanged since last extract)
    SPARQL.HTTP.BackendInfo.fst (up to date, skipped -- source unchanged since last extract)
    SPARQL.HTTP.QueriesIndex.fst (up to date, skipped -- source unchanged since last extract)
    RDF.CottasStore.PageCache.fst (up to date, skipped -- source unchanged since last extract)
    SPARQL.HTTP.Admin.fst (up to date, skipped -- source unchanged since last extract)
    RDF.CottasStore.PresenceBitmap.fst (up to date, skipped -- source unchanged since last extract)
    RDF.CottasStore.SubjectOffsetsWriter.fst (up to date, skipped -- source unchanged since last extract)
    RDF.Store.Columnar.SubjectOffsetIndex.fst (up to date, skipped -- source unchanged since last extract)
    RDF.Store.Columnar.OffsetIndex.fst (up to date, skipped -- source unchanged since last extract)
  -- layer 3: 24 module(s)
    RDF.GraphIsomorphism.fst (up to date, skipped -- source unchanged since last extract)
    RDF.NQuads.Serialize.fst (up to date, skipped -- source unchanged since last extract)
    Tableau.Refute.fst (up to date, skipped -- source unchanged since last extract)
    Tableau.CountingOracle.fst (up to date, skipped -- source unchanged since last extract)
    HDT.Container.fst (up to date, skipped -- source unchanged since last extract)
    XML.Namespaces.fst (up to date, skipped -- source unchanged since last extract)
    Parser.Turtle.fst (up to date, skipped -- source unchanged since last extract)
    Parser.NQuads.fst (up to date, skipped -- source unchanged since last extract)
    Parser.RDFXML.fst (up to date, skipped -- source unchanged since last extract)
    XPath.Eval.fst (up to date, skipped -- source unchanged since last extract)
    Parser.RIFXML.fst (up to date, skipped -- source unchanged since last extract)
    MathML.Content.fst (up to date, skipped -- source unchanged since last extract)
    Parser.SRX.fst (up to date, skipped -- source unchanged since last extract)
    Parser.JSONResults.fst (up to date, skipped -- source unchanged since last extract)
    JSONLD.FromRdf.fst (up to date, skipped -- source unchanged since last extract)
    JSONLD.Context.fst (up to date, skipped -- source unchanged since last extract)
    ShEx.Schema.fst (up to date, skipped -- source unchanged since last extract)
    VC.DataIntegrity.fst (up to date, skipped -- source unchanged since last extract)
    VC.Context.fst (up to date, skipped -- source unchanged since last extract)
    JSONSchema.Validate.fst (up to date, skipped -- source unchanged since last extract)
    RML.Sources.fst (up to date, skipped -- source unchanged since last extract)
    CSVW.Metadata.fst (up to date, skipped -- source unchanged since last extract)
    RDF.CottasStore.CompoundPresenceBitmap.fst (up to date, skipped -- source unchanged since last extract)
    CSVW.Formats.fst (up to date, skipped -- source unchanged since last extract)
  -- layer 4: 11 module(s)
    RDF.Turtle.Serialize.fst (up to date, skipped -- source unchanged since last extract)
    HDT.Dictionary.fst (up to date, skipped -- source unchanged since last extract)
    Parser.TriG.fst (up to date, skipped -- source unchanged since last extract)
    SPARQL11.Algebra.fst (up to date, skipped -- source unchanged since last extract)
    XSLT.Transform.fst (up to date, skipped -- source unchanged since last extract)
    RIF.Core.Conformance.fst (up to date, skipped -- source unchanged since last extract)
    JSONLD.Expand.fst (up to date, skipped -- source unchanged since last extract)
    Parser.ShExC.fst (up to date, skipped -- source unchanged since last extract)
    Parser.Ballyhoo.fst (up to date, skipped -- source unchanged since last extract)
    SPARQL.Plan.Pruning.fst (up to date, skipped -- source unchanged since last extract)
    SPARQL.Protocol.Client.fst (up to date, skipped -- source unchanged since last extract)
  -- layer 5: 20 module(s)
    XSD.Datatypes.fst (up to date, skipped -- source unchanged since last extract)
    RDF.Pretty.fst (up to date, skipped -- source unchanged since last extract)
    RIF.Core.Translation.fst (up to date, skipped -- source unchanged since last extract)
    OWL.QueryRewrite.fst (up to date, skipped -- source unchanged since last extract)
    Schematron.Validate.fst (up to date, skipped -- source unchanged since last extract)
    HDT.Triples.fst (up to date, skipped -- source unchanged since last extract)
    SPARQL11.Parser.fst (up to date, skipped -- source unchanged since last extract)
    GRDDL.Discovery.fst (up to date, skipped -- source unchanged since last extract)
    ShEx.SchemaEq.fst (up to date, skipped -- source unchanged since last extract)
    Parser.JSONLD.fst (up to date, skipped -- source unchanged since last extract)
    RML.Eval.fst (up to date, skipped -- source unchanged since last extract)
    CSVW.URITemplate.fst (up to date, skipped -- source unchanged since last extract)
    RDF.Store.Capabilities.fst (up to date, skipped -- source unchanged since last extract)
    SPARQL.Plan.AccessPath.fst (up to date, skipped -- source unchanged since last extract)
    RDF.Store.Columnar.DeltaMerge.fst (up to date, skipped -- source unchanged since last extract)
    SPARQL.Update.Sandbox.fst (up to date, skipped -- source unchanged since last extract)
    SPARQL.HTTP.RunQuery.fst (up to date, skipped -- source unchanged since last extract)
    SPARQL.Plan.Streamable.fst (up to date, skipped -- source unchanged since last extract)
    SPARQL.Update.Analysis.fst (up to date, skipped -- source unchanged since last extract)
    SPARQL.Query.Analysis.fst (up to date, skipped -- source unchanged since last extract)
  -- layer 6: 16 module(s)
    RDF.Entailment.Regime.fst (up to date, skipped -- source unchanged since last extract)
    SHACL.Rules.fst (up to date, skipped -- source unchanged since last extract)
    OWL.QueryEval.fst (up to date, skipped -- source unchanged since last extract)
    SHACL.Validation.fst (up to date, skipped -- source unchanged since last extract)
    XForms.Bind.fst (up to date, skipped -- source unchanged since last extract)
    RIF.Core.Builtins.fst (up to date, skipped -- source unchanged since last extract)
    JSONLD.Compact.fst (up to date, skipped -- source unchanged since last extract)
    ShEx.Validation.fst (up to date, skipped -- source unchanged since last extract)
    VC.Credential.fst (up to date, skipped -- source unchanged since last extract)
    CSVW.Conversion.fst (up to date, skipped -- source unchanged since last extract)
    Parser.BallyhooHDT.fst (up to date, skipped -- source unchanged since last extract)
    RDF.CottasStore.fst (up to date, skipped -- source unchanged since last extract)
    RDF.Store.Capabilities.Delta.fst (up to date, skipped -- source unchanged since last extract)
    RML.VirtualSource.fst (up to date, skipped -- source unchanged since last extract)
    SPARQL.Explain.fst (up to date, skipped -- source unchanged since last extract)
    SPARQL.Service.Wrap.fst (up to date, skipped -- source unchanged since last extract)
  -- layer 7: 10 module(s)
    SHACL.NodeExpr.fst (up to date, skipped -- source unchanged since last extract)
    JSONLD.Flatten.fst (up to date, skipped -- source unchanged since last extract)
    RIF.Core.Eval.fst (up to date, skipped -- source unchanged since last extract)
    CSVW.Json.fst (up to date, skipped -- source unchanged since last extract)
    Parser.BallyhooHDTQ.fst (up to date, skipped -- source unchanged since last extract)
    RDF.CottasStore.OnDiskRuntime.fst (up to date, skipped -- source unchanged since last extract)
    [CSVW.Validate.fst]
    RDF.Store.Capabilities.Cottas.fst (up to date, skipped -- source unchanged since last extract)
    RDF.CottasInMem.fst (up to date, skipped -- source unchanged since last extract)
    SPARQL.Plan.Explain.fst (up to date, skipped -- source unchanged since last extract)
    [CSVW.Validate.fst] Extracted module CSVW.Validate
  -- layer 8: 3 module(s)
    JSONLD.Frame.fst (up to date, skipped -- source unchanged since last extract)
    SPARQL11.Store.fst (up to date, skipped -- source unchanged since last extract)
    RIF.Core.Tests.fst (up to date, skipped -- source unchanged since last extract)
  -- layer 9: 2 module(s)
    SPARQL.Diagnostics.fst (up to date, skipped -- source unchanged since last extract)
    RDF.Store.Combine.fst (up to date, skipped -- source unchanged since last extract)
  RDF:    348 lines
  SPARQL: 8711 lines
  Re-extracted modules: 1 (185 skipped as unchanged)
  [timing] phase=extract-loop seconds=306 changed_modules=1
  103_parquet_ascii_string_fast_path.sh already applied to ocaml-output/Parquet_Footer.ml
  [181_shacl_validate_stub] already applied; skipping.
  [202_now_ms] already applied; skipping.
  [250_unicode_case_mapping] already applied; skipping.
  [275_jsonld_document_loader] already applied; skipping.
  [282_delta_log_io] already applied; skipping.
  Patching ocaml-output/VC_DataIntegrity.ml (VC HACL* Ed25519 + SHA-256 crypto stubs)...
  VC crypto stubs wired to Fstar_hacl_crypto (HACL* Ed25519 + SHA-256).
  [287_fx_current_datetime] already applied; skipping.
  [296_z3_check_sat] already applied; skipping.
  Patching ocaml-output/SPARQL11_Algebra.ml (SERVICE endpoint resolver)...
  Already patched; skipping.
  Patching ocaml-output/SPARQL11_Algebra.ml (forward ref wiring)...
  ERROR: patch 62 could not find the F*-extracted failwith stub block (eval_expr_ebv .. eval_property_path_fwd) in ocaml-output/SPARQL11_Algebra.ml.
         Has a stub's own failwith message text changed, or has a function been renamed/reordered? Inspect the eval_expr_ebv/eval_expr_fwd/eval_exists_fwd/eval_subselect_fwd/eval_property_path_fwd stubs directly and update the anchors above -- do NOT let this fall through silently, the wiring-line inserts below assume the *_ref declarations this substitution produces.
  WARNING: 62_forward_ref_wiring.sh failed (exit 1)
  Patching ocaml-output/SPARQL11_Algebra.ml (hash/UUID stubs)...
  Hash/UUID stubs patched.
  Patching ocaml-output/RDF_Canonical.ml (hash_sha256 stub)...
  RDF_Canonical hash_sha256 wired to Fstar_pure_hashes.sha256.
  Patching ocaml-output/RDF_Canonical.ml (hash_sha384 stub)...
  RDF_Canonical hash_sha384 wired to Fstar_pure_hashes.sha384.
  Applying 67_rdfxml_validation.sh to ocaml-output/Parser_RDFXML.ml...
  67_rdfxml_validation.sh applied.
  89_fast_string_primitives.sh already applied to ocaml-output/Parser_FastString.ml
  [column-seq-runtime] already applied; skipping.
  COTTAS in-mem encoder glue already present.
  [lazy-dict-registry-runtime] already applied; skipping.
  [lazy-dict-runtime] already applied; skipping.
  COTTAS on-disk runtime glue already present.
  [ondisk-runtime-realise] already applied; skipping.
  COTTAS lazy-open patch already present.
  Vav3 ondisk-index patch already present (both halves).
  Lamed3 offset-index patch already present.
  Compound-po writer patch already present.
  Subject-offset-index patch already present.
  [token-lookup-runtime] already applied; skipping.
  [pagecache-global] already applied; skipping.
  [pagecache-indexed] already applied; skipping.
  Ballyhoo COTTAS runtime glue already present.
  [hdt-lazy-term-cache-runtime] already applied; skipping.
  [hdt-term-cache-registry-runtime] already applied; skipping.
  Applying Parquet footer runtime glue to ocaml-output/Parquet_Footer.ml...
parquet_read_range_hex stub not found
  WARNING: experimental parquet_footer_runtime.sh failed (exit 1)
  In-memory-buffer registration glue already present.
  [util_log_runtime] perf-shim already applied; skipping.
  All patches applied successfully.
  WARNING: 2 of 34 patches had errors
  [timing] phase=patches seconds=0 changed_modules=1

=== Pipeline complete ===
BUILD_STATUS=OK
